Archive member included to satisfy reference by file (symbol)

C:/Users/Admin/STM32CubeIDE_1.16.0/STM32CubeIDE/plugins/com.st.stm32cube.ide.mcu.externaltools.gnu-tools-for-stm32.12.3.rel1.win32_1.0.200.202406191623/tools/bin/../lib/gcc/arm-none-eabi/12.3.1/../../../../arm-none-eabi/lib/thumb/v7e-m+fp/hard\libc_nano.a(libc_a-exit.o)
                              C:/Users/Admin/STM32CubeIDE_1.16.0/STM32CubeIDE/plugins/com.st.stm32cube.ide.mcu.externaltools.gnu-tools-for-stm32.12.3.rel1.win32_1.0.200.202406191623/tools/bin/../lib/gcc/arm-none-eabi/12.3.1/../../../../arm-none-eabi/lib/thumb/v7e-m+fp/hard/crt0.o (exit)
C:/Users/Admin/STM32CubeIDE_1.16.0/STM32CubeIDE/plugins/com.st.stm32cube.ide.mcu.externaltools.gnu-tools-for-stm32.12.3.rel1.win32_1.0.200.202406191623/tools/bin/../lib/gcc/arm-none-eabi/12.3.1/../../../../arm-none-eabi/lib/thumb/v7e-m+fp/hard\libc_nano.a(libc_a-findfp.o)
                              C:/Users/Admin/STM32CubeIDE_1.16.0/STM32CubeIDE/plugins/com.st.stm32cube.ide.mcu.externaltools.gnu-tools-for-stm32.12.3.rel1.win32_1.0.200.202406191623/tools/bin/../lib/gcc/arm-none-eabi/12.3.1/../../../../arm-none-eabi/lib/thumb/v7e-m+fp/hard\libc_nano.a(libc_a-exit.o) (__stdio_exit_handler)
C:/Users/Admin/STM32CubeIDE_1.16.0/STM32CubeIDE/plugins/com.st.stm32cube.ide.mcu.externaltools.gnu-tools-for-stm32.12.3.rel1.win32_1.0.200.202406191623/tools/bin/../lib/gcc/arm-none-eabi/12.3.1/../../../../arm-none-eabi/lib/thumb/v7e-m+fp/hard\libc_nano.a(libc_a-fwalk.o)
                              C:/Users/Admin/STM32CubeIDE_1.16.0/STM32CubeIDE/plugins/com.st.stm32cube.ide.mcu.externaltools.gnu-tools-for-stm32.12.3.rel1.win32_1.0.200.202406191623/tools/bin/../lib/gcc/arm-none-eabi/12.3.1/../../../../arm-none-eabi/lib/thumb/v7e-m+fp/hard\libc_nano.a(libc_a-findfp.o) (_fwalk_sglue)
C:/Users/Admin/STM32CubeIDE_1.16.0/STM32CubeIDE/plugins/com.st.stm32cube.ide.mcu.externaltools.gnu-tools-for-stm32.12.3.rel1.win32_1.0.200.202406191623/tools/bin/../lib/gcc/arm-none-eabi/12.3.1/../../../../arm-none-eabi/lib/thumb/v7e-m+fp/hard\libc_nano.a(libc_a-stdio.o)
                              C:/Users/Admin/STM32CubeIDE_1.16.0/STM32CubeIDE/plugins/com.st.stm32cube.ide.mcu.externaltools.gnu-tools-for-stm32.12.3.rel1.win32_1.0.200.202406191623/tools/bin/../lib/gcc/arm-none-eabi/12.3.1/../../../../arm-none-eabi/lib/thumb/v7e-m+fp/hard\libc_nano.a(libc_a-findfp.o) (__sread)
C:/Users/Admin/STM32CubeIDE_1.16.0/STM32CubeIDE/plugins/com.st.stm32cube.ide.mcu.externaltools.gnu-tools-for-stm32.12.3.rel1.win32_1.0.200.202406191623/tools/bin/../lib/gcc/arm-none-eabi/12.3.1/../../../../arm-none-eabi/lib/thumb/v7e-m+fp/hard\libc_nano.a(libc_a-memset.o)
                              C:/Users/Admin/STM32CubeIDE_1.16.0/STM32CubeIDE/plugins/com.st.stm32cube.ide.mcu.externaltools.gnu-tools-for-stm32.12.3.rel1.win32_1.0.200.202406191623/tools/bin/../lib/gcc/arm-none-eabi/12.3.1/../../../../arm-none-eabi/lib/thumb/v7e-m+fp/hard/crt0.o (memset)
C:/Users/Admin/STM32CubeIDE_1.16.0/STM32CubeIDE/plugins/com.st.stm32cube.ide.mcu.externaltools.gnu-tools-for-stm32.12.3.rel1.win32_1.0.200.202406191623/tools/bin/../lib/gcc/arm-none-eabi/12.3.1/../../../../arm-none-eabi/lib/thumb/v7e-m+fp/hard\libc_nano.a(libc_a-closer.o)
                              C:/Users/Admin/STM32CubeIDE_1.16.0/STM32CubeIDE/plugins/com.st.stm32cube.ide.mcu.externaltools.gnu-tools-for-stm32.12.3.rel1.win32_1.0.200.202406191623/tools/bin/../lib/gcc/arm-none-eabi/12.3.1/../../../../arm-none-eabi/lib/thumb/v7e-m+fp/hard\libc_nano.a(libc_a-stdio.o) (_close_r)
C:/Users/Admin/STM32CubeIDE_1.16.0/STM32CubeIDE/plugins/com.st.stm32cube.ide.mcu.externaltools.gnu-tools-for-stm32.12.3.rel1.win32_1.0.200.202406191623/tools/bin/../lib/gcc/arm-none-eabi/12.3.1/../../../../arm-none-eabi/lib/thumb/v7e-m+fp/hard\libc_nano.a(libc_a-reent.o)
                              C:/Users/Admin/STM32CubeIDE_1.16.0/STM32CubeIDE/plugins/com.st.stm32cube.ide.mcu.externaltools.gnu-tools-for-stm32.12.3.rel1.win32_1.0.200.202406191623/tools/bin/../lib/gcc/arm-none-eabi/12.3.1/../../../../arm-none-eabi/lib/thumb/v7e-m+fp/hard\libc_nano.a(libc_a-closer.o) (errno)
C:/Users/Admin/STM32CubeIDE_1.16.0/STM32CubeIDE/plugins/com.st.stm32cube.ide.mcu.externaltools.gnu-tools-for-stm32.12.3.rel1.win32_1.0.200.202406191623/tools/bin/../lib/gcc/arm-none-eabi/12.3.1/../../../../arm-none-eabi/lib/thumb/v7e-m+fp/hard\libc_nano.a(libc_a-impure.o)
                              C:/Users/Admin/STM32CubeIDE_1.16.0/STM32CubeIDE/plugins/com.st.stm32cube.ide.mcu.externaltools.gnu-tools-for-stm32.12.3.rel1.win32_1.0.200.202406191623/tools/bin/../lib/gcc/arm-none-eabi/12.3.1/../../../../arm-none-eabi/lib/thumb/v7e-m+fp/hard\libc_nano.a(libc_a-reent.o) (_impure_ptr)
C:/Users/Admin/STM32CubeIDE_1.16.0/STM32CubeIDE/plugins/com.st.stm32cube.ide.mcu.externaltools.gnu-tools-for-stm32.12.3.rel1.win32_1.0.200.202406191623/tools/bin/../lib/gcc/arm-none-eabi/12.3.1/../../../../arm-none-eabi/lib/thumb/v7e-m+fp/hard\libc_nano.a(libc_a-lseekr.o)
[...]
Memory Configuration

Name             Origin             Length             Attributes
CCMRAM           0x10000000         0x00010000         xrw
RAM              0x20000000         0x00020000         xrw
FLASH            0x08000000         0x00080000         xr
*default*        0x00000000         0xffffffff

Linker script and memory map

LOAD C:/Users/Admin/STM32CubeIDE_1.16.0/STM32CubeIDE/plugins/com.st.stm32cube.ide.mcu.externaltools.gnu-tools-for-stm32.12.3.rel1.win32_1.0.200.202406191623/tools/bin/../lib/gcc/arm-none-eabi/12.3.1/thumb/v7e-m+fp/hard/crti.o
LOAD C:/Users/Admin/STM32CubeIDE_1.16.0/STM32CubeIDE/plugins/com.st.stm32cube.ide.mcu.externaltools.gnu-tools-for-stm32.12.3.rel1.win32_1.0.200.202406191623/tools/bin/../lib/gcc/arm-none-eabi/12.3.1/thumb/v7e-m+fp/hard/crtbegin.o
LOAD C:/Users/Admin/STM32CubeIDE_1.16.0/STM32CubeIDE/plugins/com.st.stm32cube.ide.mcu.externaltools.gnu-tools-for-stm32.12.3.rel1.win32_1.0.200.202406191623/tools/bin/../lib/gcc/arm-none-eabi/12.3.1/../../../../arm-none-eabi/lib/thumb/v7e-m+fp/hard/crt0.o
LOAD ./Core/Src/drive.o
LOAD ./Core/Src/drive_time.o
LOAD ./Core/Src/drv_gpio.o
LOAD ./Core/Src/flash_data.o
LOAD ./Core/Src/main.o
LOAD ./Core/Src/mgr_hmi.o
LOAD ./Core/Src/stm32f4xx_hal_msp.o
LOAD ./Core/Src/stm32f4xx_it.o
LOAD ./Core/Src/syscalls.o
LOAD ./Core/Src/sysmem.o
LOAD ./Core/Src/system_stm32f4xx.o
LOAD ./Core/Startup/startup_stm32f407vetx.o
LOAD ./Drivers/STM32F4xx_HAL_Driver/Src/stm32f4xx_hal.o
LOAD ./Drivers/STM32F4xx_HAL_Driver/Src/stm32f4xx_hal_cortex.o
LOAD ./Drivers/STM32F4xx_HAL_Driver/Src/stm32f4xx_hal_dma.o
LOAD ./Drivers/STM32F4xx_HAL_Driver/Src/stm32f4xx_hal_dma_ex.o
LOAD ./Drivers/STM32F4xx_HAL_Driver/Src/stm32f4xx_hal_exti.o
LOAD ./Drivers/STM32F4xx_HAL_Driver/Src/stm32f4xx_hal_flash.o
LOAD ./Drivers/STM32F4xx_HAL_Driver/Src/stm32f4xx_hal_flash_ex.o
LOAD ./Drivers/STM32F4xx_HAL_Driver/Src/stm32f4xx_hal_flash_ramfunc.o
LOAD ./Drivers/STM32F4xx_HAL_Driver/Src/stm32f4xx_hal_gpio.o
LOAD ./Drivers/STM32F4xx_HAL_Driver/Src/stm32f4xx_hal_pcd.o
LOAD ./Drivers/STM32F4xx_HAL_Driver/Src/stm32f4xx_hal_pcd_ex.o
LOAD ./Drivers/STM32F4xx_HAL_Driver/Src/stm32f4xx_hal_pwr.o
LOAD ./Drivers/STM32F4xx_HAL_Driver/Src/stm32f4xx_hal_pwr_ex.o
LOAD ./Drivers/STM32F4xx_HAL_Driver/Src/stm32f4xx_hal_rcc.o
LOAD ./Drivers/STM32F4xx_HAL_Driver/Src/stm32f4xx_hal_rcc_ex.o
LOAD ./Drivers/STM32F4xx_HAL_Driver/Src/stm32f4xx_hal_tim.o
LOAD ./Drivers/STM32F4xx_HAL_Driver/Src/stm32f4xx_hal_tim_ex.o
LOAD ./Drivers/STM32F4xx_HAL_Driver/Src/stm32f4xx_hal_uart.o
LOAD ./Drivers/STM32F4xx_HAL_Driver/Src/stm32f4xx_ll_usb.o
LOAD ./Middlewares/ST/STM32_USB_Device_Library/Class/CDC/Src/usbd_cdc.o
LOAD ./Middlewares/ST/STM32_USB_Device_Library/Core/Src/usbd_core.o
LOAD ./Middlewares/ST/STM32_USB_Device_Library/Core/Src/usbd_ctlreq.o
LOAD ./Middlewares/ST/STM32_USB_Device_Library/Core/Src/usbd_ioreq.o
LOAD ./USB_DEVICE/App/usb_device.o
LOAD ./USB_DEVICE/App/usbd_cdc_if.o
LOAD ./USB_DEVICE/App/usbd_desc.o
LOAD ./USB_DEVICE/Target/usbd_conf.o
LOAD ./modbus/Common.o
LOAD ./modbus/RS232.o
LOAD ./modbus/delay.o
LOAD ./modbus/modbusSlave.o
LOAD ./modbus/modbus_crc.o
START GROUP
LOAD C:/Users/Admin/STM32CubeIDE_1.16.0/STM32CubeIDE/plugins/com.st.stm32cube.ide.mcu.externaltools.gnu-tools-for-stm32.12.3.rel1.win32_1.0.200.202406191623/tools/bin/../lib/gcc/arm-none-eabi/12.3.1/../../../../arm-none-eabi/lib/thumb/v7e-m+fp/hard\libc_nano.a
LOAD C:/Users/Admin/STM32CubeIDE_1.16.0/STM32CubeIDE/plugins/com.st.stm32cube.ide.mcu.externaltools.gnu-tools-for-stm32.12.3.rel1.win32_1.0.200.202406191623/tools/bin/../lib/gcc/arm-none-eabi/12.3.1/../../../../arm-none-eabi/lib/thumb/v7e-m+fp/hard\libm.a
END GROUP
START GROUP
LOAD C:/Users/Admin/STM32CubeIDE_1.16.0/STM32CubeIDE/plugins/com.st.stm32cube.ide.mcu.externaltools.gnu-tools-for-stm32.12.3.rel1.win32_1.0.200.202406191623/tools/bin/../lib/gcc/arm-none-eabi/12.3.1/thumb/v7e-m+fp/hard\libgcc.a
LOAD C:/Users/Admin/STM32CubeIDE_1.16.0/STM32CubeIDE/plugins/com.st.stm32cube.ide.mcu.externaltools.gnu-tools-for-stm32.12.3.rel1.win32_1.0.200.202406191623/tools/bin/../lib/gcc/arm-none-eabi/12.3.1/../../../../arm-none-eabi/lib/thumb/v7e-m+fp/hard\libc_nano.a
END GROUP
START GROUP
LOAD C:/Users/Admin/STM32CubeIDE_1.16.0/STM32CubeIDE/plugins/com.st.stm32cube.ide.mcu.externaltools.gnu-tools-for-stm32.12.3.rel1.win32_1.0.200.202406191623/tools/bin/../lib/gcc/arm-none-eabi/12.3.1/thumb/v7e-m+fp/hard\libgcc.a
LOAD C:/Users/Admin/STM32CubeIDE_1.16.0/STM32CubeIDE/plugins/com.st.stm32cube.ide.mcu.externaltools.gnu-tools-for-stm32.12.3.rel1.win32_1.0.200.202406191623/tools/bin/../lib/gcc/arm-none-eabi/12.3.1/../../../../arm-none-eabi/lib/thumb/v7e-m+fp/hard\libc_nano.a
LOAD C:/Users/Admin/STM32CubeIDE_1.16.0/STM32CubeIDE/plugins/com.st.stm32cube.ide.mcu.externaltools.gnu-tools-for-stm32.12.3.rel1.win32_1.0.200.202406191623/tools/bin/../lib/gcc/arm-none-eabi/12.3.1/../../../../arm-none-eabi/lib/thumb/v7e-m+fp/hard\libnosys.a
END GROUP
START GROUP
LOAD C:/Users/Admin/STM32CubeIDE_1.16.0/STM32CubeIDE/plugins/com.st.stm32cube.ide.mcu.externaltools.gnu-tools-for-stm32.12.3.rel1.win32_1.0.200.202406191623/tools/bin/../lib/gcc/arm-none-eabi/12.3.1/thumb/v7e-m+fp/hard\libgcc.a
LOAD C:/Users/Admin/STM32CubeIDE_1.16.0/STM32CubeIDE/plugins/com.st.stm32cube.ide.mcu.externaltools.gnu-tools-for-stm32.12.3.rel1.win32_1.0.200.202406191623/tools/bin/../lib/gcc/arm-none-eabi/12.3.1/../../../../arm-none-eabi/lib/thumb/v7e-m+fp/hard\libc_nano.a
LOAD C:/Users/Admin/STM32CubeIDE_1.16.0/STM32CubeIDE/plugins/com.st.stm32cube.ide.mcu.externaltools.gnu-tools-for-stm32.12.3.rel1.win32_1.0.200.202406191623/tools/bin/../lib/gcc/arm-none-eabi/12.3.1/../../../../arm-none-eabi/lib/thumb/v7e-m+fp/hard\libnosys.a
END GROUP
LOAD C:/Users/Admin/STM32CubeIDE_1.16.0/STM32CubeIDE/plugins/com.st.stm32cube.ide.mcu.externaltools.gnu-tools-for-stm32.12.3.rel1.win32_1.0.200.202406191623/tools/bin/../lib/gcc/arm-none-eabi/12.3.1/thumb/v7e-m+fp/hard/crtend.o
LOAD C:/Users/Admin/STM32CubeIDE_1.16.0/STM32CubeIDE/plugins/com.st.stm32cube.ide.mcu.externaltools.gnu-tools-for-stm32.12.3.rel1.win32_1.0.200.202406191623/tools/bin/../lib/gcc/arm-none-eabi/12.3.1/thumb/v7e-m+fp/hard/crtn.o
                0x20020000                        _estack = (ORIGIN (RAM) + LENGTH (RAM))
                0x00000200                        _Min_Heap_Size = 0x200
                0x00000400                        _Min_Stack_Size = 0x400

.isr_vector     0x08000000      0x188
                0x08000000                        . = ALIGN (0x4)
 *(.isr_vector)
 .isr_vector    0x08000000      0x188 ./Core/Startup/startup_stm32f407vetx.o
                0x08000000                g_pfnVectors
                0x08000188                        . = ALIGN (0x4)

.text           0x08000188     0xd2e8
                0x08000188                        . = ALIGN (0x4)
 *(.text)
 .text          0x08000188       0x40 C:/Users/Admin/STM32CubeIDE_1.16.0/STM32CubeIDE/plugins/com.st.stm32cube.ide.mcu.externaltools.gnu-tools-for-stm32.12.3.rel1.win32_1.0.200.202406191623/tools/bin/../lib/gcc/arm-none-eabi/12.3.1/thumb/v7e-m+fp/hard/crtbegin.o
 .text          0x080001c8       0x30 C:/Users/Admin/STM32CubeIDE_1.16.0/STM32CubeIDE/plugins/com.st.stm32cube.ide.mcu.externaltools.gnu-tools-for-stm32.12.3.rel1.win32_1.0.200.202406191623/tools/bin/../lib/gcc/arm-none-eabi/12.3.1/thumb/v7e-m+fp/hard\libgcc.a(_aeabi_uldivmod.o)
                0x080001c8                __aeabi_uldivmod
 .text          0x080001f8      0x2bc C:/Users/Admin/STM32CubeIDE_1.16.0/STM32CubeIDE/plugins/com.st.stm32cube.ide.mcu.externaltools.gnu-tools-for-stm32.12.3.rel1.win32_1.0.200.202406191623/tools/bin/../lib/gcc/arm-none-eabi/12.3.1/thumb/v7e-m+fp/hard\libgcc.a(_udivmoddi4.o)
                0x080001f8                __udivmoddi4
 .text          0x080004b4        0x4 C:/Users/Admin/STM32CubeIDE_1.16.0/STM32CubeIDE/plugins/com.st.stm32cube.ide.mcu.externaltools.gnu-tools-for-stm32.12.3.rel1.win32_1.0.200.202406191623/tools/bin/../lib/gcc/arm-none-eabi/12.3.1/thumb/v7e-m+fp/hard\libgcc.a(_dvmd_tls.o)
                0x080004b4                __aeabi_idiv0
                0x080004b4                __aeabi_ldiv0
 *(.text*)
 .text.Init_Timer_chanal
                0x080004b8       0x80 ./Core/Src/drive.o
                0x080004b8                Init_Timer_chanal
 .text.Copy_target_fromPC
                0x08000538       0xc4 ./Core/Src/drive.o
                0x08000538                Copy_target_fromPC
 .text.Reset_position
                0x080005fc       0xf4 ./Core/Src/drive.o
                0x080005fc                Reset_position
 .text.Robot_Init
                0x080006f0       0xd4 ./Core/Src/drive.o
                0x080006f0                Robot_Init
 .text.MC_MoveAbsolute
                0x080007c4      0x11c ./Core/Src/drive.o
                0x080007c4                MC_MoveAbsolute
 .text.Timer_PWM_Chanal_Start
                0x080008e0      0x10a ./Core/Src/drive.o
                0x080008e0                Timer_PWM_Chanal_Start
 .text.MC_MoveHomeAbsolute
                0x080009ea       0x90 ./Core/Src/drive.o
                0x080009ea                MC_MoveHomeAbsolute
 *fill*         0x08000a7a        0x2 
 .text.Interrup_gpio_OX
                0x08000a7c       0x90 ./Core/Src/drive.o
                0x08000a7c                Interrup_gpio_OX
 .text.Interrup_gpio_OY
                0x08000b0c       0x94 ./Core/Src/drive.o
                0x08000b0c                Interrup_gpio_OY
 .text.Interrup_gpio_OZ
                0x08000ba0       0xa8 ./Core/Src/drive.o
                0x08000ba0                Interrup_gpio_OZ
 .text.Motor_Busy
                0x08000c48       0x40 ./Core/Src/drive.o
                0x08000c48                Motor_Busy
 .text.Move_Home_3Step
                0x08000c88      0x3a8 ./Core/Src/drive.o
                0x08000c88                Move_Home_3Step
 .text.MC_MoveLinear
                0x08001030      0x194 ./Core/Src/drive.o
                0x08001030                MC_MoveLinear
 .text.MC_MoveHandle
                0x080011c4       0xdc ./Core/Src/drive.o
                0x080011c4                MC_MoveHandle
 .text.Rotbot_controler
                0x080012a0      0x378 ./Core/Src/drive.o
                0x080012a0                Rotbot_controler
 .text.MC_Control_Interrupt
                0x08001618       0x38 ./Core/Src/drive.o
                0x08001618                MC_Control_Interrupt
 .text.Set_Direction_OX
                0x08001650       0x3c ./Core/Src/drive.o
                0x08001650                Set_Direction_OX
 .text.Set_Direction_OY
                0x0800168c       0x38 ./Core/Src/drive.o
                0x0800168c                Set_Direction_OY
 .text.Set_Direction_OZ
                0x080016c4       0x3c ./Core/Src/drive.o
                0x080016c4                Set_Direction_OZ
 .text.TIM7_Interrupt
                0x08001700       0x94 ./Core/Src/drive_time.o
                0x08001700                TIM7_Interrupt
 .text.Delay_SetTimer
                0x08001794       0x70 ./Core/Src/drive_time.o
                0x08001794                Delay_SetTimer
 .text.Delay_GetTimer
                0x08001804       0x70 ./Core/Src/drive_time.o
                0x08001804                Delay_GetTimer
 .text.Gpio_read_input
                0x08001874      0x17c ./Core/Src/drv_gpio.o
                0x08001874                Gpio_read_input
 .text.Gpio_input
                0x080019f0       0xac ./Core/Src/drv_gpio.o
                0x080019f0                Gpio_input
 .text.Task_gpio_input
                0x08001a9c       0x74 ./Core/Src/drv_gpio.o
                0x08001a9c                Task_gpio_input
 .text.Task_gpio_output
                0x08001b10       0x80 ./Core/Src/drv_gpio.o
                0x08001b10                Task_gpio_output
 .text.Get_State_Sensor
                0x08001b90       0x24 ./Core/Src/drv_gpio.o
                0x08001b90                Get_State_Sensor
 .text.Out_put_Xilanh1
                0x08001bb4       0x24 ./Core/Src/drv_gpio.o
                0x08001bb4                Out_put_Xilanh1
 .text.Out_put_Xilanh2
                0x08001bd8       0x24 ./Core/Src/drv_gpio.o
                0x08001bd8                Out_put_Xilanh2
 .text.Out_put_Vacum_hut1
                0x08001bfc       0x24 ./Core/Src/drv_gpio.o
                0x08001bfc                Out_put_Vacum_hut1
 .text.Out_put_Vacum_hut2
                0x08001c20       0x24 ./Core/Src/drv_gpio.o
                0x08001c20                Out_put_Vacum_hut2
 .text.Out_put_Vacum_nha1
                0x08001c44       0x24 ./Core/Src/drv_gpio.o
                0x08001c44                Out_put_Vacum_nha1
 .text.Out_put_Vacum_nha2
                0x08001c68       0x24 ./Core/Src/drv_gpio.o
                0x08001c68                Out_put_Vacum_nha2
 .text.Out_put_Den_xanh
                0x08001c8c       0x24 ./Core/Src/drv_gpio.o
                0x08001c8c                Out_put_Den_xanh
 .text.Out_put_Den_do
                0x08001cb0       0x24 ./Core/Src/drv_gpio.o
                0x08001cb0                Out_put_Den_do
 .text.Out_put_Den_coi
                0x08001cd4       0x24 ./Core/Src/drv_gpio.o
                0x08001cd4                Out_put_Den_coi
 .text.Out_put_Duphong1
                0x08001cf8       0x24 ./Core/Src/drv_gpio.o
                0x08001cf8                Out_put_Duphong1
 .text.Out_put_Duphong2
                0x08001d1c       0x24 ./Core/Src/drv_gpio.o
                0x08001d1c                Out_put_Duphong2
 .text.Out_put_Duphong3
                0x08001d40       0x24 ./Core/Src/drv_gpio.o
                0x08001d40                Out_put_Duphong3
 .text.Out_put_Duphong4
                0x08001d64       0x24 ./Core/Src/drv_gpio.o
                0x08001d64                Out_put_Duphong4
 .text.Out_put_Duphong5
                0x08001d88       0x24 ./Core/Src/drv_gpio.o
                0x08001d88                Out_put_Duphong5
 .text.Out_put_Duphong6
                0x08001dac       0x24 ./Core/Src/drv_gpio.o
                0x08001dac                Out_put_Duphong6
 .text.Out_put_Duphong7
                0x08001dd0       0x24 ./Core/Src/drv_gpio.o
                0x08001dd0                Out_put_Duphong7
 .text.Out_put_Duphong8
                0x08001df4       0x24 ./Core/Src/drv_gpio.o
                0x08001df4                Out_put_Duphong8
 .text.Out_put_Duphong9
                0x08001e18       0x24 ./Core/Src/drv_gpio.o
                0x08001e18                Out_put_Duphong9
 .text.main     0x08001e3c       0x90 ./Core/Src/main.o
                0x08001e3c                main
 .text.SystemClock_Config
                0x08001ecc       0xd4 ./Core/Src/main.o
                0x08001ecc                SystemClock_Config
 .text.MX_TIM1_Init
                0x08001fa0      0x170 ./Core/Src/main.o
 .text.MX_TIM2_Init
                0x08002110       0xe8 ./Core/Src/main.o
 .text.MX_TIM3_Init
                0x080021f8      0x11c ./Core/Src/main.o
 .text.MX_TIM4_Init
                0x08002314       0xec ./Core/Src/main.o
 .text.MX_TIM5_Init
                0x08002400       0xec ./Core/Src/main.o
 .text.MX_TIM7_Init
                0x080024ec       0x6c ./Core/Src/main.o
 .text.MX_TIM8_Init
                0x08002558      0x170 ./Core/Src/main.o
 .text.MX_USART2_UART_Init
                0x080026c8       0x54 ./Core/Src/main.o
 .text.MX_USART3_UART_Init
                0x0800271c       0x54 ./Core/Src/main.o
 .text.MX_DMA_Init
                0x08002770       0x50 ./Core/Src/main.o
 .text.MX_GPIO_Init
                0x080027c0      0x288 ./Core/Src/main.o
 .text.HAL_GPIO_EXTI_Callback
                0x08002a48       0x16 ./Core/Src/main.o
                0x08002a48                HAL_GPIO_EXTI_Callback
 .text.Error_Handler
                0x08002a5e        0xc ./Core/Src/main.o
                0x08002a5e                Error_Handler
 .text.Init_hmi
                0x08002a6a        0xe ./Core/Src/mgr_hmi.o
                0x08002a6a                Init_hmi
 .text.Task_Move_Oxis
                0x08002a78      0x14c ./Core/Src/mgr_hmi.o
                0x08002a78                Task_Move_Oxis
 .text.Task_Run_HMI
                0x08002bc4       0x84 ./Core/Src/mgr_hmi.o
                0x08002bc4                Task_Run_HMI
 .text.Task_Run_Home
                0x08002c48       0x48 ./Core/Src/mgr_hmi.o
                0x08002c48                Task_Run_Home
 .text.Main_Reset
                0x08002c90        0xe ./Core/Src/mgr_hmi.o
                0x08002c90                Main_Reset
 .text.Main_Stop
                0x08002c9e        0xe ./Core/Src/mgr_hmi.o
                0x08002c9e                Main_Stop
 .text.Handle_Left
                0x08002cac       0x1e ./Core/Src/mgr_hmi.o
                0x08002cac                Handle_Left
 .text.Handle_Right
                0x08002cca       0x1e ./Core/Src/mgr_hmi.o
                0x08002cca                Handle_Right
 .text.Handle_In
                0x08002ce8       0x1e ./Core/Src/mgr_hmi.o
                0x08002ce8                Handle_In
 .text.Handle_Out
                0x08002d06       0x1e ./Core/Src/mgr_hmi.o
                0x08002d06                Handle_Out
 .text.Handle_Up
                0x08002d24       0x1e ./Core/Src/mgr_hmi.o
                0x08002d24                Handle_Up
 .text.Handle_Down
                0x08002d42       0x1e ./Core/Src/mgr_hmi.o
                0x08002d42                Handle_Down
 .text.Handle_Set
                0x08002d60       0x3c ./Core/Src/mgr_hmi.o
                0x08002d60                Handle_Set
 .text.Handle_Home
                0x08002d9c       0x24 ./Core/Src/mgr_hmi.o
                0x08002d9c                Handle_Home
 .text.Handle_Emergency
                0x08002dc0       0x18 ./Core/Src/mgr_hmi.o
                0x08002dc0                Handle_Emergency
 .text.HAL_MspInit
                0x08002dd8       0x94 ./Core/Src/stm32f4xx_hal_msp.o
                0x08002dd8                HAL_MspInit
 .text.HAL_TIM_Base_MspInit
                0x08002e6c      0x154 ./Core/Src/stm32f4xx_hal_msp.o
                0x08002e6c                HAL_TIM_Base_MspInit
 .text.HAL_TIM_MspPostInit
                0x08002fc0      0x114 ./Core/Src/stm32f4xx_hal_msp.o
                0x08002fc0                HAL_TIM_MspPostInit
 .text.HAL_UART_MspInit
                0x080030d4      0x1e4 ./Core/Src/stm32f4xx_hal_msp.o
                0x080030d4                HAL_UART_MspInit
 .text.NMI_Handler
                0x080032b8        0x8 ./Core/Src/stm32f4xx_it.o
                0x080032b8                NMI_Handler
 .text.HardFault_Handler
                0x080032c0        0x8 ./Core/Src/stm32f4xx_it.o
                0x080032c0                HardFault_Handler
 .text.MemManage_Handler
                0x080032c8        0x8 ./Core/Src/stm32f4xx_it.o
                0x080032c8                MemManage_Handler
 .text.BusFault_Handler
                0x080032d0        0x8 ./Core/Src/stm32f4xx_it.o
                0x080032d0                BusFault_Handler
 .text.UsageFault_Handler
                0x080032d8        0x8 ./Core/Src/stm32f4xx_it.o
                0x080032d8                UsageFault_Handler
 .text.SVC_Handler
                0x080032e0        0xe ./Core/Src/stm32f4xx_it.o
                0x080032e0                SVC_Handler
 .text.DebugMon_Handler
                0x080032ee        0xe ./Core/Src/stm32f4xx_it.o
                0x080032ee                DebugMon_Handler
 .text.PendSV_Handler
                0x080032fc        0xe ./Core/Src/stm32f4xx_it.o
                0x080032fc                PendSV_Handler
 .text.SysTick_Handler
                0x0800330a        0xc ./Core/Src/stm32f4xx_it.o
                0x0800330a                SysTick_Handler
 .text.EXTI0_IRQHandler
                0x08003316       0x12 ./Core/Src/stm32f4xx_it.o
                0x08003316                EXTI0_IRQHandler
 .text.EXTI1_IRQHandler
                0x08003328       0x12 ./Core/Src/stm32f4xx_it.o
                0x08003328                EXTI1_IRQHandler
 .text.EXTI2_IRQHandler
                0x0800333a       0x12 ./Core/Src/stm32f4xx_it.o
                0x0800333a                EXTI2_IRQHandler
 .text.DMA1_Stream1_IRQHandler
                0x0800334c       0x14 ./Core/Src/stm32f4xx_it.o
                0x0800334c                DMA1_Stream1_IRQHandler
 .text.DMA1_Stream5_IRQHandler
                0x08003360       0x14 ./Core/Src/stm32f4xx_it.o
                0x08003360                DMA1_Stream5_IRQHandler
 .text.USART2_IRQHandler
                0x08003374       0x14 ./Core/Src/stm32f4xx_it.o
                0x08003374                USART2_IRQHandler
 .text.USART3_IRQHandler
                0x08003388       0x14 ./Core/Src/stm32f4xx_it.o
                0x08003388                USART3_IRQHandler
 .text.TIM7_IRQHandler
                0x0800339c       0x18 ./Core/Src/stm32f4xx_it.o
                0x0800339c                TIM7_IRQHandler
 .text.OTG_FS_IRQHandler
                0x080033b4       0x14 ./Core/Src/stm32f4xx_it.o
                0x080033b4                OTG_FS_IRQHandler
 .text.SystemInit
                0x080033c8       0x24 ./Core/Src/system_stm32f4xx.o
                0x080033c8                SystemInit
 .text.Reset_Handler
                0x080033ec       0x50 ./Core/Startup/startup_stm32f407vetx.o
                0x080033ec                Reset_Handler
 .text.Default_Handler
                0x0800343c        0x2 ./Core/Startup/startup_stm32f407vetx.o
                0x0800343c                RTC_Alarm_IRQHandler
                0x0800343c                HASH_RNG_IRQHandler
                0x0800343c                TIM8_CC_IRQHandler
                0x0800343c                TIM1_CC_IRQHandler
                0x0800343c                DMA2_Stream5_IRQHandler
                0x0800343c                PVD_IRQHandler
                0x0800343c                SDIO_IRQHandler
                0x0800343c                TAMP_STAMP_IRQHandler
                0x0800343c                CAN2_RX1_IRQHandler
                0x0800343c                EXTI3_IRQHandler
                0x0800343c                TIM8_TRG_COM_TIM14_IRQHandler
                0x0800343c                TIM1_UP_TIM10_IRQHandler
                0x0800343c                TIM8_UP_TIM13_IRQHandler
                0x0800343c                I2C3_ER_IRQHandler
                0x0800343c                I2C2_EV_IRQHandler
                0x0800343c                DMA1_Stream2_IRQHandler
                0x0800343c                CAN1_RX0_IRQHandler
                0x0800343c                FPU_IRQHandler
                0x0800343c                OTG_HS_WKUP_IRQHandler
                0x0800343c                CAN2_SCE_IRQHandler
                0x0800343c                DMA2_Stream2_IRQHandler
                0x0800343c                SPI1_IRQHandler
                0x0800343c                TIM6_DAC_IRQHandler
                0x0800343c                TIM1_BRK_TIM9_IRQHandler
                0x0800343c                DCMI_IRQHandler
                0x0800343c                CAN2_RX0_IRQHandler
                0x0800343c                DMA2_Stream3_IRQHandler
                0x0800343c                USART6_IRQHandler
                0x0800343c                CAN1_RX1_IRQHandler
                0x0800343c                UART5_IRQHandler
                0x0800343c                DMA2_Stream0_IRQHandler
                0x0800343c                TIM4_IRQHandler
                0x0800343c                I2C1_EV_IRQHandler
                0x0800343c                DMA1_Stream6_IRQHandler
                0x0800343c                UART4_IRQHandler
                0x0800343c                TIM3_IRQHandler
                0x0800343c                RCC_IRQHandler
                0x0800343c                TIM8_BRK_TIM12_IRQHandler
                0x0800343c                Default_Handler
                0x0800343c                EXTI15_10_IRQHandler
                0x0800343c                ADC_IRQHandler
                0x0800343c                DMA1_Stream7_IRQHandler
                0x0800343c                CAN2_TX_IRQHandler
                0x0800343c                TIM5_IRQHandler
                0x0800343c                DMA2_Stream7_IRQHandler
                0x0800343c                I2C3_EV_IRQHandler
                0x0800343c                EXTI9_5_IRQHandler
                0x0800343c                RTC_WKUP_IRQHandler
                0x0800343c                ETH_WKUP_IRQHandler
                0x0800343c                SPI2_IRQHandler
                0x0800343c                OTG_HS_EP1_IN_IRQHandler
                0x0800343c                DMA1_Stream0_IRQHandler
                0x0800343c                CAN1_TX_IRQHandler
                0x0800343c                EXTI4_IRQHandler
                0x0800343c                FSMC_IRQHandler
                0x0800343c                ETH_IRQHandler
                0x0800343c                OTG_HS_EP1_OUT_IRQHandler
                0x0800343c                WWDG_IRQHandler
                0x0800343c                TIM2_IRQHandler
                0x0800343c                OTG_FS_WKUP_IRQHandler
                0x0800343c                TIM1_TRG_COM_TIM11_IRQHandler
                0x0800343c                OTG_HS_IRQHandler
                0x0800343c                I2C2_ER_IRQHandler
                0x0800343c                DMA2_Stream1_IRQHandler
                0x0800343c                CAN1_SCE_IRQHandler
                0x0800343c                FLASH_IRQHandler
                0x0800343c                DMA2_Stream4_IRQHandler
                0x0800343c                USART1_IRQHandler
                0x0800343c                SPI3_IRQHandler
                0x0800343c                DMA1_Stream4_IRQHandler
                0x0800343c                I2C1_ER_IRQHandler
                0x0800343c                DMA2_Stream6_IRQHandler
                0x0800343c                DMA1_Stream3_IRQHandler
 *fill*         0x0800343e        0x2 
 .text.HAL_Init
                0x08003440       0x44 ./Drivers/STM32F4xx_HAL_Driver/Src/stm32f4xx_hal.o
                0x08003440                HAL_Init
 .text.HAL_InitTick
                0x08003484       0x60 ./Drivers/STM32F4xx_HAL_Driver/Src/stm32f4xx_hal.o
                0x08003484                HAL_InitTick
 .text.HAL_IncTick
                0x080034e4       0x28 ./Drivers/STM32F4xx_HAL_Driver/Src/stm32f4xx_hal.o
                0x080034e4                HAL_IncTick
 .text.HAL_GetTick
                0x0800350c       0x18 ./Drivers/STM32F4xx_HAL_Driver/Src/stm32f4xx_hal.o
                0x0800350c                HAL_GetTick
 .text.HAL_Delay
                0x08003524       0x48 ./Drivers/STM32F4xx_HAL_Driver/Src/stm32f4xx_hal.o
                0x08003524                HAL_Delay
 .text.__NVIC_SetPriorityGrouping
                0x0800356c       0x48 ./Drivers/STM32F4xx_HAL_Driver/Src/stm32f4xx_hal_cortex.o
 .text.__NVIC_GetPriorityGrouping
                0x080035b4       0x1c ./Drivers/STM32F4xx_HAL_Driver/Src/stm32f4xx_hal_cortex.o
 .text.__NVIC_EnableIRQ
                0x080035d0       0x3c ./Drivers/STM32F4xx_HAL_Driver/Src/stm32f4xx_hal_cortex.o
 .text.__NVIC_SetPriority
                0x0800360c       0x54 ./Drivers/STM32F4xx_HAL_Driver/Src/stm32f4xx_hal_cortex.o
 .text.NVIC_EncodePriority
                0x08003660       0x66 ./Drivers/STM32F4xx_HAL_Driver/Src/stm32f4xx_hal_cortex.o
 *fill*         0x080036c6        0x2 
 .text.SysTick_Config
                0x080036c8       0x44 ./Drivers/STM32F4xx_HAL_Driver/Src/stm32f4xx_hal_cortex.o
 .text.HAL_NVIC_SetPriorityGrouping
                0x0800370c       0x16 ./Drivers/STM32F4xx_HAL_Driver/Src/stm32f4xx_hal_cortex.o
                0x0800370c                HAL_NVIC_SetPriorityGrouping
 .text.HAL_NVIC_SetPriority
                0x08003722       0x38 ./Drivers/STM32F4xx_HAL_Driver/Src/stm32f4xx_hal_cortex.o
                0x08003722                HAL_NVIC_SetPriority
 .text.HAL_NVIC_EnableIRQ
                0x0800375a       0x1c ./Drivers/STM32F4xx_HAL_Driver/Src/stm32f4xx_hal_cortex.o
                0x0800375a                HAL_NVIC_EnableIRQ
 .text.HAL_SYSTICK_Config
                0x08003776       0x18 ./Drivers/STM32F4xx_HAL_Driver/Src/stm32f4xx_hal_cortex.o
                0x08003776                HAL_SYSTICK_Config
 *fill*         0x0800378e        0x2 
 .text.HAL_DMA_Init
                0x08003790      0x15c ./Drivers/STM32F4xx_HAL_Driver/Src/stm32f4xx_hal_dma.o
                0x08003790                HAL_DMA_Init
 .text.HAL_DMA_Start_IT
                0x080038ec       0xb0 ./Drivers/STM32F4xx_HAL_Driver/Src/stm32f4xx_hal_dma.o
                0x080038ec                HAL_DMA_Start_IT
 .text.HAL_DMA_Abort
                0x0800399c       0xe0 ./Drivers/STM32F4xx_HAL_Driver/Src/stm32f4xx_hal_dma.o
                0x0800399c                HAL_DMA_Abort
 .text.HAL_DMA_Abort_IT
                0x08003a7c       0x44 ./Drivers/STM32F4xx_HAL_Driver/Src/stm32f4xx_hal_dma.o
                0x08003a7c                HAL_DMA_Abort_IT
 .text.HAL_DMA_IRQHandler
                0x08003ac0      0x314 ./Drivers/STM32F4xx_HAL_Driver/Src/stm32f4xx_hal_dma.o
                0x08003ac0                HAL_DMA_IRQHandler
 .text.DMA_SetConfig
                0x08003dd4       0x5c ./Drivers/STM32F4xx_HAL_Driver/Src/stm32f4xx_hal_dma.o
 .text.DMA_CalcBaseAndBitshift
                0x08003e30       0x6c ./Drivers/STM32F4xx_HAL_Driver/Src/stm32f4xx_hal_dma.o
 .text.DMA_CheckFifoParam
                0x08003e9c       0xf8 ./Drivers/STM32F4xx_HAL_Driver/Src/stm32f4xx_hal_dma.o
 .text.HAL_GPIO_Init
                0x08003f94      0x338 ./Drivers/STM32F4xx_HAL_Driver/Src/stm32f4xx_hal_gpio.o
                0x08003f94                HAL_GPIO_Init
 .text.HAL_GPIO_ReadPin
                0x080042cc       0x30 ./Drivers/STM32F4xx_HAL_Driver/Src/stm32f4xx_hal_gpio.o
                0x080042cc                HAL_GPIO_ReadPin
 .text.HAL_GPIO_WritePin
                0x080042fc       0x32 ./Drivers/STM32F4xx_HAL_Driver/Src/stm32f4xx_hal_gpio.o
                0x080042fc                HAL_GPIO_WritePin
 *fill*         0x0800432e        0x2 
 .text.HAL_GPIO_EXTI_IRQHandler
                0x08004330       0x30 ./Drivers/STM32F4xx_HAL_Driver/Src/stm32f4xx_hal_gpio.o
                0x08004330                HAL_GPIO_EXTI_IRQHandler
 .text.HAL_PCD_Init
                0x08004360      0x21e ./Drivers/STM32F4xx_HAL_Driver/Src/stm32f4xx_hal_pcd.o
                0x08004360                HAL_PCD_Init
 .text.HAL_PCD_Start
                0x0800457e       0x6a ./Drivers/STM32F4xx_HAL_Driver/Src/stm32f4xx_hal_pcd.o
                0x0800457e                HAL_PCD_Start
 .text.HAL_PCD_IRQHandler
                0x080045e8      0x942 ./Drivers/STM32F4xx_HAL_Driver/Src/stm32f4xx_hal_pcd.o
                0x080045e8                HAL_PCD_IRQHandler
 .text.HAL_PCD_SetAddress
                0x08004f2a       0x48 ./Drivers/STM32F4xx_HAL_Driver/Src/stm32f4xx_hal_pcd.o
                0x08004f2a                HAL_PCD_SetAddress
 .text.HAL_PCD_EP_Open
                0x08004f72       0xd4 ./Drivers/STM32F4xx_HAL_Driver/Src/stm32f4xx_hal_pcd.o
                0x08004f72                HAL_PCD_EP_Open
 .text.HAL_PCD_EP_Close
                0x08005046       0x94 ./Drivers/STM32F4xx_HAL_Driver/Src/stm32f4xx_hal_pcd.o
                0x08005046                HAL_PCD_EP_Close
 .text.HAL_PCD_EP_Receive
                0x080050da       0x76 ./Drivers/STM32F4xx_HAL_Driver/Src/stm32f4xx_hal_pcd.o
                0x080050da                HAL_PCD_EP_Receive
 .text.HAL_PCD_EP_GetRxCount
                0x08005150       0x30 ./Drivers/STM32F4xx_HAL_Driver/Src/stm32f4xx_hal_pcd.o
                0x08005150                HAL_PCD_EP_GetRxCount
 .text.HAL_PCD_EP_Transmit
                0x08005180       0x74 ./Drivers/STM32F4xx_HAL_Driver/Src/stm32f4xx_hal_pcd.o
                0x08005180                HAL_PCD_EP_Transmit
 .text.HAL_PCD_EP_SetStall
                0x080051f4       0xc6 ./Drivers/STM32F4xx_HAL_Driver/Src/stm32f4xx_hal_pcd.o
                0x080051f4                HAL_PCD_EP_SetStall
 .text.HAL_PCD_EP_ClrStall
                0x080052ba       0xac ./Drivers/STM32F4xx_HAL_Driver/Src/stm32f4xx_hal_pcd.o
                0x080052ba                HAL_PCD_EP_ClrStall
 .text.HAL_PCD_EP_Abort
                0x08005366       0x62 ./Drivers/STM32F4xx_HAL_Driver/Src/stm32f4xx_hal_pcd.o
                0x08005366                HAL_PCD_EP_Abort
 .text.PCD_WriteEmptyTxFifo
                0x080053c8      0x118 ./Drivers/STM32F4xx_HAL_Driver/Src/stm32f4xx_hal_pcd.o
 .text.PCD_EP_OutXfrComplete_int
                0x080054e0      0x1d0 ./Drivers/STM32F4xx_HAL_Driver/Src/stm32f4xx_hal_pcd.o
 .text.PCD_EP_OutSetupPacket_int
                0x080056b0       0x8c ./Drivers/STM32F4xx_HAL_Driver/Src/stm32f4xx_hal_pcd.o
 .text.HAL_PCDEx_SetTxFiFo
                0x0800573c       0x8e ./Drivers/STM32F4xx_HAL_Driver/Src/stm32f4xx_hal_pcd_ex.o
                0x0800573c                HAL_PCDEx_SetTxFiFo
 .text.HAL_PCDEx_SetRxFiFo
                0x080057ca       0x22 ./Drivers/STM32F4xx_HAL_Driver/Src/stm32f4xx_hal_pcd_ex.o
                0x080057ca                HAL_PCDEx_SetRxFiFo
 .text.HAL_PCDEx_LPM_Callback
                0x080057ec       0x18 ./Drivers/STM32F4xx_HAL_Driver/Src/stm32f4xx_hal_pcd_ex.o
                0x080057ec                HAL_PCDEx_LPM_Callback
 .text.HAL_RCC_OscConfig
                0x08005804      0x4f0 ./Drivers/STM32F4xx_HAL_Driver/Src/stm32f4xx_hal_rcc.o
                0x08005804                HAL_RCC_OscConfig
 .text.HAL_RCC_ClockConfig
                0x08005cf4      0x1cc ./Drivers/STM32F4xx_HAL_Driver/Src/stm32f4xx_hal_rcc.o
                0x08005cf4                HAL_RCC_ClockConfig
 .text.HAL_RCC_GetSysClockFreq
                0x08005ec0      0x20c ./Drivers/STM32F4xx_HAL_Driver/Src/stm32f4xx_hal_rcc.o
                0x08005ec0                HAL_RCC_GetSysClockFreq
 .text.HAL_RCC_GetHCLKFreq
                0x080060cc       0x18 ./Drivers/STM32F4xx_HAL_Driver/Src/stm32f4xx_hal_rcc.o
                0x080060cc                HAL_RCC_GetHCLKFreq
 .text.HAL_RCC_GetPCLK1Freq
                0x080060e4       0x28 ./Drivers/STM32F4xx_HAL_Driver/Src/stm32f4xx_hal_rcc.o
                0x080060e4                HAL_RCC_GetPCLK1Freq
 .text.HAL_RCC_GetPCLK2Freq
                0x0800610c       0x28 ./Drivers/STM32F4xx_HAL_Driver/Src/stm32f4xx_hal_rcc.o
                0x0800610c                HAL_RCC_GetPCLK2Freq
 .text.HAL_TIM_Base_Init
                0x08006134       0x9e ./Drivers/STM32F4xx_HAL_Driver/Src/stm32f4xx_hal_tim.o
                0x08006134                HAL_TIM_Base_Init
 *fill*         0x080061d2        0x2 
 .text.HAL_TIM_Base_Start_IT
                0x080061d4       0xe0 ./Drivers/STM32F4xx_HAL_Driver/Src/stm32f4xx_hal_tim.o
                0x080061d4                HAL_TIM_Base_Start_IT
 .text.HAL_TIM_PWM_Init
                0x080062b4       0x9e ./Drivers/STM32F4xx_HAL_Driver/Src/stm32f4xx_hal_tim.o
                0x080062b4                HAL_TIM_PWM_Init
 .text.HAL_TIM_PWM_MspInit
                0x08006352       0x14 ./Drivers/STM32F4xx_HAL_Driver/Src/stm32f4xx_hal_tim.o
                0x08006352                HAL_TIM_PWM_MspInit
 *fill*         0x08006366        0x2 
 .text.HAL_TIM_PWM_Start
                0x08006368      0x190 ./Drivers/STM32F4xx_HAL_Driver/Src/stm32f4xx_hal_tim.o
                0x08006368                HAL_TIM_PWM_Start
 .text.HAL_TIM_IRQHandler
                0x080064f8      0x1e0 ./Drivers/STM32F4xx_HAL_Driver/Src/stm32f4xx_hal_tim.o
                0x080064f8                HAL_TIM_IRQHandler
 .text.HAL_TIM_PWM_ConfigChannel
                0x080066d8      0x184 ./Drivers/STM32F4xx_HAL_Driver/Src/stm32f4xx_hal_tim.o
                0x080066d8                HAL_TIM_PWM_ConfigChannel
 .text.HAL_TIM_ConfigClockSource
                0x0800685c      0x18e ./Drivers/STM32F4xx_HAL_Driver/Src/stm32f4xx_hal_tim.o
                0x0800685c                HAL_TIM_ConfigClockSource
 .text.HAL_TIM_SlaveConfigSynchro
                0x080069ea       0x84 ./Drivers/STM32F4xx_HAL_Driver/Src/stm32f4xx_hal_tim.o
                0x080069ea                HAL_TIM_SlaveConfigSynchro
 .text.HAL_TIM_PeriodElapsedCallback
                0x08006a6e       0x14 ./Drivers/STM32F4xx_HAL_Driver/Src/stm32f4xx_hal_tim.o
                0x08006a6e                HAL_TIM_PeriodElapsedCallback
 .text.HAL_TIM_OC_DelayElapsedCallback
                0x08006a82       0x14 ./Drivers/STM32F4xx_HAL_Driver/Src/stm32f4xx_hal_tim.o
                0x08006a82                HAL_TIM_OC_DelayElapsedCallback
 .text.HAL_TIM_IC_CaptureCallback
                0x08006a96       0x14 ./Drivers/STM32F4xx_HAL_Driver/Src/stm32f4xx_hal_tim.o
                0x08006a96                HAL_TIM_IC_CaptureCallback
 .text.HAL_TIM_PWM_PulseFinishedCallback
                0x08006aaa       0x14 ./Drivers/STM32F4xx_HAL_Driver/Src/stm32f4xx_hal_tim.o
                0x08006aaa                HAL_TIM_PWM_PulseFinishedCallback
 .text.HAL_TIM_TriggerCallback
                0x08006abe       0x14 ./Drivers/STM32F4xx_HAL_Driver/Src/stm32f4xx_hal_tim.o
                0x08006abe                HAL_TIM_TriggerCallback
 *fill*         0x08006ad2        0x2 
 .text.TIM_Base_SetConfig
                0x08006ad4      0x14c ./Drivers/STM32F4xx_HAL_Driver/Src/stm32f4xx_hal_tim.o
                0x08006ad4                TIM_Base_SetConfig
 .text.TIM_OC1_SetConfig
                0x08006c20       0xe0 ./Drivers/STM32F4xx_HAL_Driver/Src/stm32f4xx_hal_tim.o
 .text.TIM_OC2_SetConfig
                0x08006d00       0xec ./Drivers/STM32F4xx_HAL_Driver/Src/stm32f4xx_hal_tim.o
                0x08006d00                TIM_OC2_SetConfig
 .text.TIM_OC3_SetConfig
                0x08006dec       0xe8 ./Drivers/STM32F4xx_HAL_Driver/Src/stm32f4xx_hal_tim.o
 .text.TIM_OC4_SetConfig
                0x08006ed4       0xac ./Drivers/STM32F4xx_HAL_Driver/Src/stm32f4xx_hal_tim.o
 .text.TIM_SlaveTimer_SetConfig
                0x08006f80      0x122 ./Drivers/STM32F4xx_HAL_Driver/Src/stm32f4xx_hal_tim.o
 .text.TIM_TI1_ConfigInputStage
                0x080070a2       0x5e ./Drivers/STM32F4xx_HAL_Driver/Src/stm32f4xx_hal_tim.o
 .text.TIM_TI2_ConfigInputStage
                0x08007100       0x60 ./Drivers/STM32F4xx_HAL_Driver/Src/stm32f4xx_hal_tim.o
 .text.TIM_ITRx_SetConfig
                0x08007160       0x36 ./Drivers/STM32F4xx_HAL_Driver/Src/stm32f4xx_hal_tim.o
 .text.TIM_ETR_SetConfig
                0x08007196       0x40 ./Drivers/STM32F4xx_HAL_Driver/Src/stm32f4xx_hal_tim.o
                0x08007196                TIM_ETR_SetConfig
 .text.TIM_CCxChannelCmd
                0x080071d6       0x4a ./Drivers/STM32F4xx_HAL_Driver/Src/stm32f4xx_hal_tim.o
                0x080071d6                TIM_CCxChannelCmd
 .text.HAL_TIMEx_MasterConfigSynchronization
                0x08007220       0xf8 ./Drivers/STM32F4xx_HAL_Driver/Src/stm32f4xx_hal_tim_ex.o
                0x08007220                HAL_TIMEx_MasterConfigSynchronization
 .text.HAL_TIMEx_ConfigBreakDeadTime
                0x08007318       0xa4 ./Drivers/STM32F4xx_HAL_Driver/Src/stm32f4xx_hal_tim_ex.o
                0x08007318                HAL_TIMEx_ConfigBreakDeadTime
 .text.HAL_TIMEx_CommutCallback
                0x080073bc       0x14 ./Drivers/STM32F4xx_HAL_Driver/Src/stm32f4xx_hal_tim_ex.o
                0x080073bc                HAL_TIMEx_CommutCallback
 .text.HAL_TIMEx_BreakCallback
                0x080073d0       0x14 ./Drivers/STM32F4xx_HAL_Driver/Src/stm32f4xx_hal_tim_ex.o
                0x080073d0                HAL_TIMEx_BreakCallback
 .text.HAL_UART_Init
                0x080073e4       0xa0 ./Drivers/STM32F4xx_HAL_Driver/Src/stm32f4xx_hal_uart.o
                0x080073e4                HAL_UART_Init
 .text.HAL_UART_Transmit
                0x08007484      0x116 ./Drivers/STM32F4xx_HAL_Driver/Src/stm32f4xx_hal_uart.o
                0x08007484                HAL_UART_Transmit
 .text.HAL_UARTEx_ReceiveToIdle_DMA
                0x0800759a       0xb2 ./Drivers/STM32F4xx_HAL_Driver/Src/stm32f4xx_hal_uart.o
                0x0800759a                HAL_UARTEx_ReceiveToIdle_DMA
 .text.HAL_UART_IRQHandler
                0x0800764c      0x554 ./Drivers/STM32F4xx_HAL_Driver/Src/stm32f4xx_hal_uart.o
                0x0800764c                HAL_UART_IRQHandler
 .text.HAL_UART_TxCpltCallback
                0x08007ba0       0x14 ./Drivers/STM32F4xx_HAL_Driver/Src/stm32f4xx_hal_uart.o
                0x08007ba0                HAL_UART_TxCpltCallback
 .text.HAL_UART_RxCpltCallback
                0x08007bb4       0x14 ./Drivers/STM32F4xx_HAL_Driver/Src/stm32f4xx_hal_uart.o
                0x08007bb4                HAL_UART_RxCpltCallback
 .text.HAL_UART_RxHalfCpltCallback
                0x08007bc8       0x14 ./Drivers/STM32F4xx_HAL_Driver/Src/stm32f4xx_hal_uart.o
                0x08007bc8                HAL_UART_RxHalfCpltCallback
 .text.HAL_UART_ErrorCallback
                0x08007bdc       0x14 ./Drivers/STM32F4xx_HAL_Driver/Src/stm32f4xx_hal_uart.o
                0x08007bdc                HAL_UART_ErrorCallback
 .text.UART_DMAReceiveCplt
                0x08007bf0      0x12c ./Drivers/STM32F4xx_HAL_Driver/Src/stm32f4xx_hal_uart.o
 .text.UART_DMARxHalfCplt
                0x08007d1c       0x3c ./Drivers/STM32F4xx_HAL_Driver/Src/stm32f4xx_hal_uart.o
 .text.UART_DMAError
                0x08007d58       0x94 ./Drivers/STM32F4xx_HAL_Driver/Src/stm32f4xx_hal_uart.o
 .text.UART_WaitOnFlagUntilTimeout
                0x08007dec       0xb2 ./Drivers/STM32F4xx_HAL_Driver/Src/stm32f4xx_hal_uart.o
 *fill*         0x08007e9e        0x2 
 .text.UART_Start_Receive_DMA
                0x08007ea0      0x14c ./Drivers/STM32F4xx_HAL_Driver/Src/stm32f4xx_hal_uart.o
                0x08007ea0                UART_Start_Receive_DMA
 .text.UART_EndTxTransfer
                0x08007fec       0x50 ./Drivers/STM32F4xx_HAL_Driver/Src/stm32f4xx_hal_uart.o
 .text.UART_EndRxTransfer
                0x0800803c       0xc6 ./Drivers/STM32F4xx_HAL_Driver/Src/stm32f4xx_hal_uart.o
 .text.UART_DMAAbortOnError
                0x08008102       0x22 ./Drivers/STM32F4xx_HAL_Driver/Src/stm32f4xx_hal_uart.o
 .text.UART_Transmit_IT
                0x08008124       0xa0 ./Drivers/STM32F4xx_HAL_Driver/Src/stm32f4xx_hal_uart.o
 .text.UART_EndTransmit_IT
                0x080081c4       0x30 ./Drivers/STM32F4xx_HAL_Driver/Src/stm32f4xx_hal_uart.o
 .text.UART_Receive_IT
                0x080081f4      0x17c ./Drivers/STM32F4xx_HAL_Driver/Src/stm32f4xx_hal_uart.o
 .text.UART_SetConfig
                0x08008370      0x4e8 ./Drivers/STM32F4xx_HAL_Driver/Src/stm32f4xx_hal_uart.o
 .text.USB_CoreInit
                0x08008858       0xc8 ./Drivers/STM32F4xx_HAL_Driver/Src/stm32f4xx_ll_usb.o
                0x08008858                USB_CoreInit
 .text.USB_SetTurnaroundTime
                0x08008920      0x144 ./Drivers/STM32F4xx_HAL_Driver/Src/stm32f4xx_ll_usb.o
                0x08008920                USB_SetTurnaroundTime
 .text.USB_EnableGlobalInt
                0x08008a64       0x22 ./Drivers/STM32F4xx_HAL_Driver/Src/stm32f4xx_ll_usb.o
                0x08008a64                USB_EnableGlobalInt
 .text.USB_DisableGlobalInt
                0x08008a86       0x22 ./Drivers/STM32F4xx_HAL_Driver/Src/stm32f4xx_ll_usb.o
                0x08008a86                USB_DisableGlobalInt
 .text.USB_SetCurrentMode
                0x08008aa8       0x98 ./Drivers/STM32F4xx_HAL_Driver/Src/stm32f4xx_ll_usb.o
                0x08008aa8                USB_SetCurrentMode
 .text.USB_DevInit
                0x08008b40      0x2c8 ./Drivers/STM32F4xx_HAL_Driver/Src/stm32f4xx_ll_usb.o
                0x08008b40                USB_DevInit
 .text.USB_FlushTxFifo
                0x08008e08       0x64 ./Drivers/STM32F4xx_HAL_Driver/Src/stm32f4xx_ll_usb.o
                0x08008e08                USB_FlushTxFifo
 .text.USB_FlushRxFifo
                0x08008e6c       0x5c ./Drivers/STM32F4xx_HAL_Driver/Src/stm32f4xx_ll_usb.o
                0x08008e6c                USB_FlushRxFifo
 .text.USB_SetDevSpeed
                0x08008ec8       0x32 ./Drivers/STM32F4xx_HAL_Driver/Src/stm32f4xx_ll_usb.o
                0x08008ec8                USB_SetDevSpeed
 .text.USB_GetDevSpeed
                0x08008efa       0x4a ./Drivers/STM32F4xx_HAL_Driver/Src/stm32f4xx_ll_usb.o
                0x08008efa                USB_GetDevSpeed
 .text.USB_ActivateEndpoint
                0x08008f44      0x10e ./Drivers/STM32F4xx_HAL_Driver/Src/stm32f4xx_ll_usb.o
                0x08008f44                USB_ActivateEndpoint
 *fill*         0x08009052        0x2 
 .text.USB_DeactivateEndpoint
                0x08009054      0x1b8 ./Drivers/STM32F4xx_HAL_Driver/Src/stm32f4xx_ll_usb.o
                0x08009054                USB_DeactivateEndpoint
 .text.USB_EPStartXfer
                0x0800920c      0x53c ./Drivers/STM32F4xx_HAL_Driver/Src/stm32f4xx_ll_usb.o
                0x0800920c                USB_EPStartXfer
 .text.USB_EPStopXfer
                0x08009748      0x154 ./Drivers/STM32F4xx_HAL_Driver/Src/stm32f4xx_ll_usb.o
                0x08009748                USB_EPStopXfer
 .text.USB_WritePacket
                0x0800989c       0x7c ./Drivers/STM32F4xx_HAL_Driver/Src/stm32f4xx_ll_usb.o
                0x0800989c                USB_WritePacket
 .text.USB_ReadPacket
                0x08009918       0xb0 ./Drivers/STM32F4xx_HAL_Driver/Src/stm32f4xx_ll_usb.o
                0x08009918                USB_ReadPacket
 .text.USB_EPSetStall
                0x080099c8       0xdc ./Drivers/STM32F4xx_HAL_Driver/Src/stm32f4xx_ll_usb.o
                0x080099c8                USB_EPSetStall
 .text.USB_EPClearStall
                0x08009aa4       0xcc ./Drivers/STM32F4xx_HAL_Driver/Src/stm32f4xx_ll_usb.o
                0x08009aa4                USB_EPClearStall
 .text.USB_SetDevAddress
                0x08009b70       0x4c ./Drivers/STM32F4xx_HAL_Driver/Src/stm32f4xx_ll_usb.o
                0x08009b70                USB_SetDevAddress
 .text.USB_DevConnect
                0x08009bbc       0x42 ./Drivers/STM32F4xx_HAL_Driver/Src/stm32f4xx_ll_usb.o
                0x08009bbc                USB_DevConnect
 .text.USB_DevDisconnect
                0x08009bfe       0x42 ./Drivers/STM32F4xx_HAL_Driver/Src/stm32f4xx_ll_usb.o
                0x08009bfe                USB_DevDisconnect
 .text.USB_ReadInterrupts
                0x08009c40       0x26 ./Drivers/STM32F4xx_HAL_Driver/Src/stm32f4xx_ll_usb.o
                0x08009c40                USB_ReadInterrupts
 .text.USB_ReadDevAllOutEpInterrupt
                0x08009c66       0x34 ./Drivers/STM32F4xx_HAL_Driver/Src/stm32f4xx_ll_usb.o
                0x08009c66                USB_ReadDevAllOutEpInterrupt
 .text.USB_ReadDevAllInEpInterrupt
                0x08009c9a       0x34 ./Drivers/STM32F4xx_HAL_Driver/Src/stm32f4xx_ll_usb.o
                0x08009c9a                USB_ReadDevAllInEpInterrupt
 .text.USB_ReadDevOutEPInterrupt
                0x08009cce       0x3c ./Drivers/STM32F4xx_HAL_Driver/Src/stm32f4xx_ll_usb.o
                0x08009cce                USB_ReadDevOutEPInterrupt
 .text.USB_ReadDevInEPInterrupt
                0x08009d0a       0x5c ./Drivers/STM32F4xx_HAL_Driver/Src/stm32f4xx_ll_usb.o
                0x08009d0a                USB_ReadDevInEPInterrupt
 .text.USB_GetMode
                0x08009d66       0x1c ./Drivers/STM32F4xx_HAL_Driver/Src/stm32f4xx_ll_usb.o
                0x08009d66                USB_GetMode
 .text.USB_ActivateSetup
                0x08009d82       0x46 ./Drivers/STM32F4xx_HAL_Driver/Src/stm32f4xx_ll_usb.o
                0x08009d82                USB_ActivateSetup
 .text.USB_EP0_OutStart
                0x08009dc8       0xbc ./Drivers/STM32F4xx_HAL_Driver/Src/stm32f4xx_ll_usb.o
                0x08009dc8                USB_EP0_OutStart
 .text.USB_CoreReset
                0x08009e84       0x70 ./Drivers/STM32F4xx_HAL_Driver/Src/stm32f4xx_ll_usb.o
 .text.USBD_CDC_Init
                0x08009ef4      0x1f0 ./Middlewares/ST/STM32_USB_Device_Library/Class/CDC/Src/usbd_cdc.o
 .text.USBD_CDC_DeInit
                0x0800a0e4      0x104 ./Middlewares/ST/STM32_USB_Device_Library/Class/CDC/Src/usbd_cdc.o
 .text.USBD_CDC_Setup
                0x0800a1e8      0x1b8 ./Middlewares/ST/STM32_USB_Device_Library/Class/CDC/Src/usbd_cdc.o
 .text.USBD_CDC_DataIn
                0x0800a3a0       0xfe ./Middlewares/ST/STM32_USB_Device_Library/Class/CDC/Src/usbd_cdc.o
 .text.USBD_CDC_DataOut
                0x0800a49e       0x70 ./Middlewares/ST/STM32_USB_Device_Library/Class/CDC/Src/usbd_cdc.o
 .text.USBD_CDC_EP0_RxReady
                0x0800a50e       0x74 ./Middlewares/ST/STM32_USB_Device_Library/Class/CDC/Src/usbd_cdc.o
 *fill*         0x0800a582        0x2 
 .text.USBD_CDC_GetFSCfgDesc
                0x0800a584       0x70 ./Middlewares/ST/STM32_USB_Device_Library/Class/CDC/Src/usbd_cdc.o
 .text.USBD_CDC_GetHSCfgDesc
                0x0800a5f4       0x70 ./Middlewares/ST/STM32_USB_Device_Library/Class/CDC/Src/usbd_cdc.o
 .text.USBD_CDC_GetOtherSpeedCfgDesc
                0x0800a664       0x70 ./Middlewares/ST/STM32_USB_Device_Library/Class/CDC/Src/usbd_cdc.o
 .text.USBD_CDC_GetDeviceQualifierDescriptor
                0x0800a6d4       0x20 ./Middlewares/ST/STM32_USB_Device_Library/Class/CDC/Src/usbd_cdc.o
                0x0800a6d4                USBD_CDC_GetDeviceQualifierDescriptor
 .text.USBD_CDC_RegisterInterface
                0x0800a6f4       0x34 ./Middlewares/ST/STM32_USB_Device_Library/Class/CDC/Src/usbd_cdc.o
                0x0800a6f4                USBD_CDC_RegisterInterface
 .text.USBD_CDC_SetTxBuffer
                0x0800a728       0x44 ./Middlewares/ST/STM32_USB_Device_Library/Class/CDC/Src/usbd_cdc.o
                0x0800a728                USBD_CDC_SetTxBuffer
 .text.USBD_CDC_SetRxBuffer
                0x0800a76c       0x3a ./Middlewares/ST/STM32_USB_Device_Library/Class/CDC/Src/usbd_cdc.o
                0x0800a76c                USBD_CDC_SetRxBuffer
 *fill*         0x0800a7a6        0x2 
 .text.USBD_CDC_ReceivePacket
                0x0800a7a8       0x6c ./Middlewares/ST/STM32_USB_Device_Library/Class/CDC/Src/usbd_cdc.o
                0x0800a7a8                USBD_CDC_ReceivePacket
 .text.USBD_Init
                0x0800a814       0x60 ./Middlewares/ST/STM32_USB_Device_Library/Core/Src/usbd_core.o
                0x0800a814                USBD_Init
 .text.USBD_RegisterClass
                0x0800a874       0x6c ./Middlewares/ST/STM32_USB_Device_Library/Core/Src/usbd_core.o
                0x0800a874                USBD_RegisterClass
 .text.USBD_Start
                0x0800a8e0       0x18 ./Middlewares/ST/STM32_USB_Device_Library/Core/Src/usbd_core.o
                0x0800a8e0                USBD_Start
 .text.USBD_RunTestMode
                0x0800a8f8       0x16 ./Middlewares/ST/STM32_USB_Device_Library/Core/Src/usbd_core.o
                0x0800a8f8                USBD_RunTestMode
 .text.USBD_SetClassConfig
                0x0800a90e       0x38 ./Middlewares/ST/STM32_USB_Device_Library/Core/Src/usbd_core.o
                0x0800a90e                USBD_SetClassConfig
 .text.USBD_ClrClassConfig
                0x0800a946       0x34 ./Middlewares/ST/STM32_USB_Device_Library/Core/Src/usbd_core.o
                0x0800a946                USBD_ClrClassConfig
 .text.USBD_LL_SetupStage
                0x0800a97a       0xaa ./Middlewares/ST/STM32_USB_Device_Library/Core/Src/usbd_core.o
                0x0800a97a                USBD_LL_SetupStage
 .text.USBD_LL_DataOutStage
                0x0800aa24      0x178 ./Middlewares/ST/STM32_USB_Device_Library/Core/Src/usbd_core.o
                0x0800aa24                USBD_LL_DataOutStage
 .text.USBD_LL_DataInStage
                0x0800ab9c      0x176 ./Middlewares/ST/STM32_USB_Device_Library/Core/Src/usbd_core.o
                0x0800ab9c                USBD_LL_DataInStage
 .text.USBD_LL_Reset
                0x0800ad12       0xa6 ./Middlewares/ST/STM32_USB_Device_Library/Core/Src/usbd_core.o
                0x0800ad12                USBD_LL_Reset
 .text.USBD_LL_SetSpeed
                0x0800adb8       0x20 ./Middlewares/ST/STM32_USB_Device_Library/Core/Src/usbd_core.o
                0x0800adb8                USBD_LL_SetSpeed
 .text.USBD_LL_Suspend
                0x0800add8       0x38 ./Middlewares/ST/STM32_USB_Device_Library/Core/Src/usbd_core.o
                0x0800add8                USBD_LL_Suspend
 .text.USBD_LL_Resume
                0x0800ae10       0x30 ./Middlewares/ST/STM32_USB_Device_Library/Core/Src/usbd_core.o
                0x0800ae10                USBD_LL_Resume
 .text.USBD_LL_SOF
                0x0800ae40       0x40 ./Middlewares/ST/STM32_USB_Device_Library/Core/Src/usbd_core.o
                0x0800ae40                USBD_LL_SOF
 .text.USBD_LL_IsoINIncomplete
                0x0800ae80       0x64 ./Middlewares/ST/STM32_USB_Device_Library/Core/Src/usbd_core.o
                0x0800ae80                USBD_LL_IsoINIncomplete
 .text.USBD_LL_IsoOUTIncomplete
                0x0800aee4       0x64 ./Middlewares/ST/STM32_USB_Device_Library/Core/Src/usbd_core.o
                0x0800aee4                USBD_LL_IsoOUTIncomplete
 .text.USBD_LL_DevConnected
                0x0800af48       0x16 ./Middlewares/ST/STM32_USB_Device_Library/Core/Src/usbd_core.o
                0x0800af48                USBD_LL_DevConnected
 .text.USBD_LL_DevDisconnected
                0x0800af5e       0x46 ./Middlewares/ST/STM32_USB_Device_Library/Core/Src/usbd_core.o
                0x0800af5e                USBD_LL_DevDisconnected
 .text.USBD_CoreFindIF
                0x0800afa4       0x1a ./Middlewares/ST/STM32_USB_Device_Library/Core/Src/usbd_core.o
                0x0800afa4                USBD_CoreFindIF
 .text.USBD_CoreFindEP
                0x0800afbe       0x1a ./Middlewares/ST/STM32_USB_Device_Library/Core/Src/usbd_core.o
                0x0800afbe                USBD_CoreFindEP
 .text.USBD_GetEpDesc
                0x0800afd8       0x70 ./Middlewares/ST/STM32_USB_Device_Library/Core/Src/usbd_core.o
                0x0800afd8                USBD_GetEpDesc
 .text.USBD_GetNextDesc
                0x0800b048       0x38 ./Middlewares/ST/STM32_USB_Device_Library/Core/Src/usbd_core.o
                0x0800b048                USBD_GetNextDesc
 .text.SWAPBYTE
                0x0800b080       0x3c ./Middlewares/ST/STM32_USB_Device_Library/Core/Src/usbd_ctlreq.o
 .text.USBD_StdDevReq
                0x0800b0bc       0xe4 ./Middlewares/ST/STM32_USB_Device_Library/Core/Src/usbd_ctlreq.o
                0x0800b0bc                USBD_StdDevReq
 .text.USBD_StdItfReq
                0x0800b1a0       0xd8 ./Middlewares/ST/STM32_USB_Device_Library/Core/Src/usbd_ctlreq.o
                0x0800b1a0                USBD_StdItfReq
 .text.USBD_StdEPReq
                0x0800b278      0x33e ./Middlewares/ST/STM32_USB_Device_Library/Core/Src/usbd_ctlreq.o
                0x0800b278                USBD_StdEPReq
 *fill*         0x0800b5b6        0x2 
 .text.USBD_GetDescriptor
                0x0800b5b8      0x2d4 ./Middlewares/ST/STM32_USB_Device_Library/Core/Src/usbd_ctlreq.o
 .text.USBD_SetAddress
                0x0800b88c       0x88 ./Middlewares/ST/STM32_USB_Device_Library/Core/Src/usbd_ctlreq.o
 .text.USBD_SetConfig
                0x0800b914      0x154 ./Middlewares/ST/STM32_USB_Device_Library/Core/Src/usbd_ctlreq.o
 .text.USBD_GetConfig
                0x0800ba68       0x6c ./Middlewares/ST/STM32_USB_Device_Library/Core/Src/usbd_ctlreq.o
 .text.USBD_GetStatus
                0x0800bad4       0x68 ./Middlewares/ST/STM32_USB_Device_Library/Core/Src/usbd_ctlreq.o
 .text.USBD_SetFeature
                0x0800bb3c       0x52 ./Middlewares/ST/STM32_USB_Device_Library/Core/Src/usbd_ctlreq.o
 .text.USBD_ClrFeature
                0x0800bb8e       0x44 ./Middlewares/ST/STM32_USB_Device_Library/Core/Src/usbd_ctlreq.o
 .text.USBD_ParseSetupRequest
                0x0800bbd2       0x74 ./Middlewares/ST/STM32_USB_Device_Library/Core/Src/usbd_ctlreq.o
                0x0800bbd2                USBD_ParseSetupRequest
 .text.USBD_CtlError
                0x0800bc46       0x22 ./Middlewares/ST/STM32_USB_Device_Library/Core/Src/usbd_ctlreq.o
                0x0800bc46                USBD_CtlError
 .text.USBD_GetString
                0x0800bc68       0xa4 ./Middlewares/ST/STM32_USB_Device_Library/Core/Src/usbd_ctlreq.o
                0x0800bc68                USBD_GetString
 .text.USBD_GetLen
                0x0800bd0c       0x34 ./Middlewares/ST/STM32_USB_Device_Library/Core/Src/usbd_ctlreq.o
 .text.USBD_CtlSendData
                0x0800bd40       0x3c ./Middlewares/ST/STM32_USB_Device_Library/Core/Src/usbd_ioreq.o
                0x0800bd40                USBD_CtlSendData
 .text.USBD_CtlContinueSendData
                0x0800bd7c       0x22 ./Middlewares/ST/STM32_USB_Device_Library/Core/Src/usbd_ioreq.o
                0x0800bd7c                USBD_CtlContinueSendData
 .text.USBD_CtlPrepareRx
                0x0800bd9e       0x42 ./Middlewares/ST/STM32_USB_Device_Library/Core/Src/usbd_ioreq.o
                0x0800bd9e                USBD_CtlPrepareRx
 .text.USBD_CtlContinueRx
                0x0800bde0       0x22 ./Middlewares/ST/STM32_USB_Device_Library/Core/Src/usbd_ioreq.o
                0x0800bde0                USBD_CtlContinueRx
 .text.USBD_CtlSendStatus
                0x0800be02       0x26 ./Middlewares/ST/STM32_USB_Device_Library/Core/Src/usbd_ioreq.o
                0x0800be02                USBD_CtlSendStatus
 .text.USBD_CtlReceiveStatus
                0x0800be28       0x26 ./Middlewares/ST/STM32_USB_Device_Library/Core/Src/usbd_ioreq.o
                0x0800be28                USBD_CtlReceiveStatus
 *fill*         0x0800be4e        0x2 
 .text.MX_USB_DEVICE_Init
                0x0800be50       0x60 ./USB_DEVICE/App/usb_device.o
                0x0800be50                MX_USB_DEVICE_Init
 .text.CDC_Init_FS
                0x0800beb0       0x28 ./USB_DEVICE/App/usbd_cdc_if.o
 .text.CDC_DeInit_FS
                0x0800bed8       0x10 ./USB_DEVICE/App/usbd_cdc_if.o
 .text.CDC_Control_FS
                0x0800bee8       0xbc ./USB_DEVICE/App/usbd_cdc_if.o
 .text.CDC_Receive_FS
                0x0800bfa4       0x28 ./USB_DEVICE/App/usbd_cdc_if.o
 .text.CDC_TransmitCplt_FS
                0x0800bfcc       0x22 ./USB_DEVICE/App/usbd_cdc_if.o
 *fill*         0x0800bfee        0x2 
 .text.USBD_FS_DeviceDescriptor
                0x0800bff0       0x24 ./USB_DEVICE/App/usbd_desc.o
                0x0800bff0                USBD_FS_DeviceDescriptor
 .text.USBD_FS_LangIDStrDescriptor
                0x0800c014       0x24 ./USB_DEVICE/App/usbd_desc.o
                0x0800c014                USBD_FS_LangIDStrDescriptor
 .text.USBD_FS_ProductStrDescriptor
                0x0800c038       0x3c ./USB_DEVICE/App/usbd_desc.o
                0x0800c038                USBD_FS_ProductStrDescriptor
 .text.USBD_FS_ManufacturerStrDescriptor
                0x0800c074       0x28 ./USB_DEVICE/App/usbd_desc.o
                0x0800c074                USBD_FS_ManufacturerStrDescriptor
 .text.USBD_FS_SerialStrDescriptor
                0x0800c09c       0x24 ./USB_DEVICE/App/usbd_desc.o
                0x0800c09c                USBD_FS_SerialStrDescriptor
 .text.USBD_FS_ConfigStrDescriptor
                0x0800c0c0       0x3c ./USB_DEVICE/App/usbd_desc.o
                0x0800c0c0                USBD_FS_ConfigStrDescriptor
 .text.USBD_FS_InterfaceStrDescriptor
                0x0800c0fc       0x3c ./USB_DEVICE/App/usbd_desc.o
                0x0800c0fc                USBD_FS_InterfaceStrDescriptor
 .text.Get_SerialNum
                0x0800c138       0x58 ./USB_DEVICE/App/usbd_desc.o
 .text.IntToUnicode
                0x0800c190       0x7e ./USB_DEVICE/App/usbd_desc.o
 *fill*         0x0800c20e        0x2 
 .text.HAL_PCD_MspInit
                0x0800c210       0xa8 ./USB_DEVICE/Target/usbd_conf.o
                0x0800c210                HAL_PCD_MspInit
 .text.HAL_PCD_SetupStageCallback
                0x0800c2b8       0x24 ./USB_DEVICE/Target/usbd_conf.o
                0x0800c2b8                HAL_PCD_SetupStageCallback
 .text.HAL_PCD_DataOutStageCallback
                0x0800c2dc       0x36 ./USB_DEVICE/Target/usbd_conf.o
                0x0800c2dc                HAL_PCD_DataOutStageCallback
 .text.HAL_PCD_DataInStageCallback
                0x0800c312       0x34 ./USB_DEVICE/Target/usbd_conf.o
                0x0800c312                HAL_PCD_DataInStageCallback
 .text.HAL_PCD_SOFCallback
                0x0800c346       0x1c ./USB_DEVICE/Target/usbd_conf.o
                0x0800c346                HAL_PCD_SOFCallback
 .text.HAL_PCD_ResetCallback
                0x0800c362       0x50 ./USB_DEVICE/Target/usbd_conf.o
                0x0800c362                HAL_PCD_ResetCallback
 *fill*         0x0800c3b2        0x2 
 .text.HAL_PCD_SuspendCallback
                0x0800c3b4       0x4c ./USB_DEVICE/Target/usbd_conf.o
                0x0800c3b4                HAL_PCD_SuspendCallback
 .text.HAL_PCD_ResumeCallback
                0x0800c400       0x1c ./USB_DEVICE/Target/usbd_conf.o
                0x0800c400                HAL_PCD_ResumeCallback
 .text.HAL_PCD_ISOOUTIncompleteCallback
                0x0800c41c       0x24 ./USB_DEVICE/Target/usbd_conf.o
                0x0800c41c                HAL_PCD_ISOOUTIncompleteCallback
 .text.HAL_PCD_ISOINIncompleteCallback
                0x0800c440       0x24 ./USB_DEVICE/Target/usbd_conf.o
                0x0800c440                HAL_PCD_ISOINIncompleteCallback
 .text.HAL_PCD_ConnectCallback
                0x0800c464       0x1c ./USB_DEVICE/Target/usbd_conf.o
                0x0800c464                HAL_PCD_ConnectCallback
 .text.HAL_PCD_DisconnectCallback
                0x0800c480       0x1c ./USB_DEVICE/Target/usbd_conf.o
                0x0800c480                HAL_PCD_DisconnectCallback
 .text.USBD_LL_Init
                0x0800c49c       0x98 ./USB_DEVICE/Target/usbd_conf.o
                0x0800c49c                USBD_LL_Init
 .text.USBD_LL_Start
                0x0800c534       0x36 ./USB_DEVICE/Target/usbd_conf.o
                0x0800c534                USBD_LL_Start
 .text.USBD_LL_OpenEP
                0x0800c56a       0x4c ./USB_DEVICE/Target/usbd_conf.o
                0x0800c56a                USBD_LL_OpenEP
 .text.USBD_LL_CloseEP
                0x0800c5b6       0x3e ./USB_DEVICE/Target/usbd_conf.o
                0x0800c5b6                USBD_LL_CloseEP
 .text.USBD_LL_StallEP
                0x0800c5f4       0x3e ./USB_DEVICE/Target/usbd_conf.o
                0x0800c5f4                USBD_LL_StallEP
 .text.USBD_LL_ClearStallEP
                0x0800c632       0x3e ./USB_DEVICE/Target/usbd_conf.o
                0x0800c632                USBD_LL_ClearStallEP
 .text.USBD_LL_IsStallEP
                0x0800c670       0x58 ./USB_DEVICE/Target/usbd_conf.o
                0x0800c670                USBD_LL_IsStallEP
 .text.USBD_LL_SetUSBAddress
                0x0800c6c8       0x3e ./USB_DEVICE/Target/usbd_conf.o
                0x0800c6c8                USBD_LL_SetUSBAddress
 .text.USBD_LL_Transmit
                0x0800c706       0x42 ./USB_DEVICE/Target/usbd_conf.o
                0x0800c706                USBD_LL_Transmit
 .text.USBD_LL_PrepareReceive
                0x0800c748       0x42 ./USB_DEVICE/Target/usbd_conf.o
                0x0800c748                USBD_LL_PrepareReceive
 .text.USBD_LL_GetRxDataSize
                0x0800c78a       0x26 ./USB_DEVICE/Target/usbd_conf.o
                0x0800c78a                USBD_LL_GetRxDataSize
 .text.USBD_static_malloc
                0x0800c7b0       0x1c ./USB_DEVICE/Target/usbd_conf.o
                0x0800c7b0                USBD_static_malloc
 .text.USBD_static_free
                0x0800c7cc       0x14 ./USB_DEVICE/Target/usbd_conf.o
                0x0800c7cc                USBD_static_free
 .text.USBD_Get_USB_Status
                0x0800c7e0       0x58 ./USB_DEVICE/Target/usbd_conf.o
                0x0800c7e0                USBD_Get_USB_Status
 .text.HMI_Init
                0x0800c838       0x20 ./modbus/RS232.o
                0x0800c838                HMI_Init
 .text.DecodeModbusRtu
                0x0800c858       0x62 ./modbus/RS232.o
                0x0800c858                DecodeModbusRtu
 *fill*         0x0800c8ba        0x2 
 .text.HAL_UARTEx_RxEventCallback
                0x0800c8bc       0xd0 ./modbus/RS232.o
                0x0800c8bc                HAL_UARTEx_RxEventCallback
 .text.Update_Input_Register
                0x0800c98c       0x50 ./modbus/modbusSlave.o
                0x0800c98c                Update_Input_Register
 .text.Get_Coild
                0x0800c9dc       0x2c ./modbus/modbusSlave.o
                0x0800c9dc                Get_Coild
 .text.Set_Inputs_Database
                0x0800ca08       0x28 ./modbus/modbusSlave.o
                0x0800ca08                Set_Inputs_Database
 .text.Get_Holding_Registers
                0x0800ca30       0x2c ./modbus/modbusSlave.o
                0x0800ca30                Get_Holding_Registers
 .text.Reset_Oxis
                0x0800ca5c       0x24 ./modbus/modbusSlave.o
                0x0800ca5c                Reset_Oxis
 .text.sendData
                0x0800ca80       0x58 ./modbus/modbusSlave.o
                0x0800ca80                sendData
 .text.modbusException
                0x0800cad8       0x40 ./modbus/modbusSlave.o
                0x0800cad8                modbusException
 .text.readHoldingRegs
                0x0800cb18       0xe4 ./modbus/modbusSlave.o
                0x0800cb18                readHoldingRegs
 .text.readInputRegs
                0x0800cbfc       0xe4 ./modbus/modbusSlave.o
                0x0800cbfc                readInputRegs
 .text.readCoils
                0x0800cce0      0x160 ./modbus/modbusSlave.o
                0x0800cce0                readCoils
 .text.readInputs
                0x0800ce40      0x160 ./modbus/modbusSlave.o
                0x0800ce40                readInputs
 .text.writeHoldingRegs
                0x0800cfa0       0xf8 ./modbus/modbusSlave.o
                0x0800cfa0                writeHoldingRegs
 .text.writeSingleReg
                0x0800d098       0x94 ./modbus/modbusSlave.o
                0x0800d098                writeSingleReg
 .text.writeSingleCoil
                0x0800d12c       0xf8 ./modbus/modbusSlave.o
                0x0800d12c                writeSingleCoil
 .text.writeMultiCoils
                0x0800d224      0x170 ./modbus/modbusSlave.o
                0x0800d224                writeMultiCoils
 .text.crc16    0x0800d394       0x6c ./modbus/modbus_crc.o
                0x0800d394                crc16
 .text.memset   0x0800d400       0x10 C:/Users/Admin/STM32CubeIDE_1.16.0/STM32CubeIDE/plugins/com.st.stm32cube.ide.mcu.externaltools.gnu-tools-for-stm32.12.3.rel1.win32_1.0.200.202406191623/tools/bin/../lib/gcc/arm-none-eabi/12.3.1/../../../../arm-none-eabi/lib/thumb/v7e-m+fp/hard\libc_nano.a(libc_a-memset.o)
                0x0800d400                memset
 .text.__libc_init_array
                0x0800d410       0x48 C:/Users/Admin/STM32CubeIDE_1.16.0/STM32CubeIDE/plugins/com.st.stm32cube.ide.mcu.externaltools.gnu-tools-for-stm32.12.3.rel1.win32_1.0.200.202406191623/tools/bin/../lib/gcc/arm-none-eabi/12.3.1/../../../../arm-none-eabi/lib/thumb/v7e-m+fp/hard\libc_nano.a(libc_a-init.o)
                0x0800d410                __libc_init_array
 *(.glue_7)
 .glue_7        0x0800d458        0x0 linker stubs
 *(.glue_7t)
 .glue_7t       0x0800d458        0x0 linker stubs
 *(.eh_frame)
 .eh_frame      0x0800d458        0x0 C:/Users/Admin/STM32CubeIDE_1.16.0/STM32CubeIDE/plugins/com.st.stm32cube.ide.mcu.externaltools.gnu-tools-for-stm32.12.3.rel1.win32_1.0.200.202406191623/tools/bin/../lib/gcc/arm-none-eabi/12.3.1/thumb/v7e-m+fp/hard/crtbegin.o
 *(.init)
 .init          0x0800d458        0x4 C:/Users/Admin/STM32CubeIDE_1.16.0/STM32CubeIDE/plugins/com.st.stm32cube.ide.mcu.externaltools.gnu-tools-for-stm32.12.3.rel1.win32_1.0.200.202406191623/tools/bin/../lib/gcc/arm-none-eabi/12.3.1/thumb/v7e-m+fp/hard/crti.o
                0x0800d458                _init
 .init          0x0800d45c        0x8 C:/Users/Admin/STM32CubeIDE_1.16.0/STM32CubeIDE/plugins/com.st.stm32cube.ide.mcu.externaltools.gnu-tools-for-stm32.12.3.rel1.win32_1.0.200.202406191623/tools/bin/../lib/gcc/arm-none-eabi/12.3.1/thumb/v7e-m+fp/hard/crtn.o
 *(.fini)
 .fini          0x0800d464        0x4 C:/Users/Admin/STM32CubeIDE_1.16.0/STM32CubeIDE/plugins/com.st.stm32cube.ide.mcu.externaltools.gnu-tools-for-stm32.12.3.rel1.win32_1.0.200.202406191623/tools/bin/../lib/gcc/arm-none-eabi/12.3.1/thumb/v7e-m+fp/hard/crti.o
                0x0800d464                _fini
 .fini          0x0800d468        0x8 C:/Users/Admin/STM32CubeIDE_1.16.0/STM32CubeIDE/plugins/com.st.stm32cube.ide.mcu.externaltools.gnu-tools-for-stm32.12.3.rel1.win32_1.0.200.202406191623/tools/bin/../lib/gcc/arm-none-eabi/12.3.1/thumb/v7e-m+fp/hard/crtn.o
                0x0800d470                        . = ALIGN (0x4)
                0x0800d470                        _etext = .

.vfp11_veneer   0x0800d470        0x0
 .vfp11_veneer  0x0800d470        0x0 linker stubs

.v4_bx          0x0800d470        0x0
 .v4_bx         0x0800d470        0x0 linker stubs

.iplt           0x0800d470        0x0
 .iplt          0x0800d470        0x0 C:/Users/Admin/STM32CubeIDE_1.16.0/STM32CubeIDE/plugins/com.st.stm32cube.ide.mcu.externaltools.gnu-tools-for-stm32.12.3.rel1.win32_1.0.200.202406191623/tools/bin/../lib/gcc/arm-none-eabi/12.3.1/thumb/v7e-m+fp/hard/crtbegin.o

.rodata         0x0800d470      0x4c4
                0x0800d470                        . = ALIGN (0x4)
 *(.rodata)
 .rodata        0x0800d470       0x46 ./USB_DEVICE/App/usbd_desc.o
 *(.rodata*)
 *fill*         0x0800d4b6        0x2 
 .rodata.jerk_table
                0x0800d4b8       0xc8 ./Core/Src/drive.o
                0x0800d4b8                jerk_table
 .rodata.triangle_array
                0x0800d580      0x194 ./Core/Src/drive.o
                0x0800d580                triangle_array
 .rodata.AHBPrescTable
                0x0800d714       0x10 ./Core/Src/system_stm32f4xx.o
                0x0800d714                AHBPrescTable
 .rodata.APBPrescTable
                0x0800d724        0x8 ./Core/Src/system_stm32f4xx.o
                0x0800d724                APBPrescTable
 .rodata.flagBitshiftOffset.0
                0x0800d72c        0x8 ./Drivers/STM32F4xx_HAL_Driver/Src/stm32f4xx_hal_dma.o
 .rodata.table_crc_hi
                0x0800d734      0x100 ./modbus/modbus_crc.o
 .rodata.table_crc_lo
                0x0800d834      0x100 ./modbus/modbus_crc.o
                0x0800d934                        . = ALIGN (0x4)

.ARM.extab      0x0800d934        0x0
                0x0800d934                        . = ALIGN (0x4)
 *(.ARM.extab* .gnu.linkonce.armextab.*)
                0x0800d934                        . = ALIGN (0x4)

.ARM            0x0800d934        0x8
                0x0800d934                        . = ALIGN (0x4)
                0x0800d934                        __exidx_start = .
 *(.ARM.exidx*)
 .ARM.exidx     0x0800d934        0x8 C:/Users/Admin/STM32CubeIDE_1.16.0/STM32CubeIDE/plugins/com.st.stm32cube.ide.mcu.externaltools.gnu-tools-for-stm32.12.3.rel1.win32_1.0.200.202406191623/tools/bin/../lib/gcc/arm-none-eabi/12.3.1/thumb/v7e-m+fp/hard\libgcc.a(_udivmoddi4.o)
                0x0800d93c                        __exidx_end = .
                0x0800d93c                        . = ALIGN (0x4)

.preinit_array  0x0800d93c        0x0
                0x0800d93c                        . = ALIGN (0x4)
                0x0800d93c                        PROVIDE (__preinit_array_start = .)
 *(.preinit_array*)
                0x0800d93c                        PROVIDE (__preinit_array_end = .)
                0x0800d93c                        . = ALIGN (0x4)

.init_array     0x0800d93c        0x4
                0x0800d93c                        . = ALIGN (0x4)
                0x0800d93c                        PROVIDE (__init_array_start = .)
 *(SORT_BY_NAME(.init_array.*))
 *(.init_array*)
 .init_array    0x0800d93c        0x4 C:/Users/Admin/STM32CubeIDE_1.16.0/STM32CubeIDE/plugins/com.st.stm32cube.ide.mcu.externaltools.gnu-tools-for-stm32.12.3.rel1.win32_1.0.200.202406191623/tools/bin/../lib/gcc/arm-none-eabi/12.3.1/thumb/v7e-m+fp/hard/crtbegin.o
                0x0800d940                        PROVIDE (__init_array_end = .)
                0x0800d940                        . = ALIGN (0x4)

.fini_array     0x0800d940        0x4
                0x0800d940                        . = ALIGN (0x4)
                [!provide]                        PROVIDE (__fini_array_start = .)
 *(SORT_BY_NAME(.fini_array.*))
 *(.fini_array*)
 .fini_array    0x0800d940        0x4 C:/Users/Admin/STM32CubeIDE_1.16.0/STM32CubeIDE/plugins/com.st.stm32cube.ide.mcu.externaltools.gnu-tools-for-stm32.12.3.rel1.win32_1.0.200.202406191623/tools/bin/../lib/gcc/arm-none-eabi/12.3.1/thumb/v7e-m+fp/hard/crtbegin.o
                [!provide]                        PROVIDE (__fini_array_end = .)
                0x0800d944                        . = ALIGN (0x4)
                0x0800d944                        _sidata = LOADADDR (.data)

.rel.dyn        0x0800d944        0x0
 .rel.iplt      0x0800d944        0x0 C:/Users/Admin/STM32CubeIDE_1.16.0/STM32CubeIDE/plugins/com.st.stm32cube.ide.mcu.externaltools.gnu-tools-for-stm32.12.3.rel1.win32_1.0.200.202406191623/tools/bin/../lib/gcc/arm-none-eabi/12.3.1/thumb/v7e-m+fp/hard/crtbegin.o

.data           0x20000000      0x178 load address 0x0800d944
                0x20000000                        . = ALIGN (0x4)
                0x20000000                        _sdata = .
 *(.data)
 *(.data*)
 .data.Gpio_output
                0x20000000       0x48 ./Core/Src/drv_gpio.o
                0x20000000                Gpio_output
 .data.Handle_buttonTable
                0x20000048       0x18 ./Core/Src/mgr_hmi.o
                0x20000048                Handle_buttonTable
 .data.Main_Table
                0x20000060       0x14 ./Core/Src/mgr_hmi.o
                0x20000060                Main_Table
 .data.SystemCoreClock
                0x20000074        0x4 ./Core/Src/system_stm32f4xx.o
                0x20000074                SystemCoreClock
 .data.uwTickPrio
                0x20000078        0x4 ./Drivers/STM32F4xx_HAL_Driver/Src/stm32f4xx_hal.o
                0x20000078                uwTickPrio
 .data.uwTickFreq
                0x2000007c        0x1 ./Drivers/STM32F4xx_HAL_Driver/Src/stm32f4xx_hal.o
                0x2000007c                uwTickFreq
 *fill*         0x2000007d        0x3 
 .data.USBD_CDC_DeviceQualifierDesc
                0x20000080        0xa ./Middlewares/ST/STM32_USB_Device_Library/Class/CDC/Src/usbd_cdc.o
 *fill*         0x2000008a        0x2 
 .data.USBD_CDC
                0x2000008c       0x38 ./Middlewares/ST/STM32_USB_Device_Library/Class/CDC/Src/usbd_cdc.o
                0x2000008c                USBD_CDC
 .data.USBD_CDC_CfgDesc
                0x200000c4       0x43 ./Middlewares/ST/STM32_USB_Device_Library/Class/CDC/Src/usbd_cdc.o
 .data.CDCInEpAdd
                0x20000107        0x1 ./Middlewares/ST/STM32_USB_Device_Library/Class/CDC/Src/usbd_cdc.o
 .data.CDCOutEpAdd
                0x20000108        0x1 ./Middlewares/ST/STM32_USB_Device_Library/Class/CDC/Src/usbd_cdc.o
 .data.CDCCmdEpAdd
                0x20000109        0x1 ./Middlewares/ST/STM32_USB_Device_Library/Class/CDC/Src/usbd_cdc.o
 *fill*         0x2000010a        0x2 
 .data.USBD_Interface_fops_FS
                0x2000010c       0x14 ./USB_DEVICE/App/usbd_cdc_if.o
                0x2000010c                USBD_Interface_fops_FS
 .data.FS_Desc  0x20000120       0x1c ./USB_DEVICE/App/usbd_desc.o
                0x20000120                FS_Desc
 .data.USBD_FS_DeviceDesc
                0x2000013c       0x12 ./USB_DEVICE/App/usbd_desc.o
                0x2000013c                USBD_FS_DeviceDesc
 *fill*         0x2000014e        0x2 
 .data.USBD_LangIDDesc
                0x20000150        0x4 ./USB_DEVICE/App/usbd_desc.o
                0x20000150                USBD_LangIDDesc
 .data.USBD_StringSerial
                0x20000154       0x1a ./USB_DEVICE/App/usbd_desc.o
                0x20000154                USBD_StringSerial
 *fill*         0x2000016e        0x2 
 .data.Main_controler
                0x20000170        0x4 ./modbus/modbusSlave.o
                0x20000170                Main_controler
 .data.Control_motor
                0x20000174        0x4 ./modbus/modbusSlave.o
                0x20000174                Control_motor
 *(.RamFunc)
 *(.RamFunc*)
                0x20000178                        . = ALIGN (0x4)
                0x20000178                        _edata = .
                0x0800dabc                        _siccmram = LOADADDR (.ccmram)

.igot.plt       0x20000178        0x0 load address 0x0800dabc
 .igot.plt      0x20000178        0x0 C:/Users/Admin/STM32CubeIDE_1.16.0/STM32CubeIDE/plugins/com.st.stm32cube.ide.mcu.externaltools.gnu-tools-for-stm32.12.3.rel1.win32_1.0.200.202406191623/tools/bin/../lib/gcc/arm-none-eabi/12.3.1/thumb/v7e-m+fp/hard/crtbegin.o

.ccmram         0x10000000        0x0 load address 0x0800dabc
                0x10000000                        . = ALIGN (0x4)
                0x10000000                        _sccmram = .
 *(.ccmram)
 *(.ccmram*)
                0x10000000                        . = ALIGN (0x4)
                0x10000000                        _eccmram = .
                0x10000000                        . = ALIGN (0x4)

.bss            0x20000178     0x2478
                0x20000178                        _sbss = .
                0x20000178                        __bss_start__ = _sbss
 *(.bss)
 .bss           0x20000178       0x1c C:/Users/Admin/STM32CubeIDE_1.16.0/STM32CubeIDE/plugins/com.st.stm32cube.ide.mcu.externaltools.gnu-tools-for-stm32.12.3.rel1.win32_1.0.200.202406191623/tools/bin/../lib/gcc/arm-none-eabi/12.3.1/thumb/v7e-m+fp/hard/crtbegin.o
 *(.bss*)
 .bss.Rotbot_axis
                0x20000194       0xe4 ./Core/Src/drive.o
 .bss.Rotbot_axis_target
                0x20000278       0x24 ./Core/Src/drive.o
                0x20000278                Rotbot_axis_target
 .bss.step.3    0x2000029c        0x1 ./Core/Src/drive.o
 .bss.onetime.2
                0x2000029d        0x1 ./Core/Src/drive.o
 .bss.counter_100.1
                0x2000029e        0x2 ./Core/Src/drive.o
 .bss.time.0    0x200002a0        0x2 ./Core/Src/drive.o
 *fill*         0x200002a2        0x2 
 .bss.TID_Timer
                0x200002a4       0x60 ./Core/Src/drive_time.o
                0x200002a4                TID_Timer
 .bss._tGloabal_milis
                0x20000304        0x4 ./Core/Src/drive_time.o
 .bss.sensor    0x20000308       0x36 ./Core/Src/drv_gpio.o
 *fill*         0x2000033e        0x2 
 .bss.htim1     0x20000340       0x48 ./Core/Src/main.o
                0x20000340                htim1
 .bss.htim2     0x20000388       0x48 ./Core/Src/main.o
                0x20000388                htim2
 .bss.htim3     0x200003d0       0x48 ./Core/Src/main.o
                0x200003d0                htim3
 .bss.htim4     0x20000418       0x48 ./Core/Src/main.o
                0x20000418                htim4
 .bss.htim5     0x20000460       0x48 ./Core/Src/main.o
                0x20000460                htim5
 .bss.htim7     0x200004a8       0x48 ./Core/Src/main.o
                0x200004a8                htim7
 .bss.htim8     0x200004f0       0x48 ./Core/Src/main.o
                0x200004f0                htim8
 .bss.huart2    0x20000538       0x48 ./Core/Src/main.o
                0x20000538                huart2
 .bss.huart3    0x20000580       0x48 ./Core/Src/main.o
                0x20000580                huart3
 .bss.hdma_usart2_rx
                0x200005c8       0x60 ./Core/Src/main.o
                0x200005c8                hdma_usart2_rx
 .bss.hdma_usart3_rx
                0x20000628       0x60 ./Core/Src/main.o
                0x20000628                hdma_usart3_rx
 .bss.time_on   0x20000688        0x1 ./Core/Src/main.o
                0x20000688                time_on
 .bss.fisrtbit  0x20000689        0x1 ./Core/Src/mgr_hmi.o
                0x20000689                fisrtbit
 .bss.Emergency
                0x2000068a        0x1 ./Core/Src/mgr_hmi.o
                0x2000068a                Emergency
 .bss.home      0x2000068b        0x1 ./Core/Src/mgr_hmi.o
                0x2000068b                home
 .bss.start_run
                0x2000068c        0x1 ./Core/Src/mgr_hmi.o
                0x2000068c                start_run
 .bss.state     0x2000068d        0x1 ./Core/Src/mgr_hmi.o
 *fill*         0x2000068e        0x2 
 .bss.hmi_btns  0x20000690       0x48 ./Core/Src/mgr_hmi.o
                0x20000690                hmi_btns
 .bss.uwTick    0x200006d8        0x4 ./Drivers/STM32F4xx_HAL_Driver/Src/stm32f4xx_hal.o
                0x200006d8                uwTick
 .bss.cfgidx.0  0x200006dc        0x1 ./Middlewares/ST/STM32_USB_Device_Library/Core/Src/usbd_ctlreq.o
 *fill*         0x200006dd        0x3 
 .bss.hUsbDeviceFS
                0x200006e0      0x2dc ./USB_DEVICE/App/usb_device.o
                0x200006e0                hUsbDeviceFS
 .bss.UserRxBufferFS
                0x200009bc      0x800 ./USB_DEVICE/App/usbd_cdc_if.o
                0x200009bc                UserRxBufferFS
 .bss.UserTxBufferFS
                0x200011bc      0x800 ./USB_DEVICE/App/usbd_cdc_if.o
                0x200011bc                UserTxBufferFS
 .bss.USBD_StrDesc
                0x200019bc      0x200 ./USB_DEVICE/App/usbd_desc.o
                0x200019bc                USBD_StrDesc
 .bss.hpcd_USB_OTG_FS
                0x20001bbc      0x4e4 ./USB_DEVICE/Target/usbd_conf.o
                0x20001bbc                hpcd_USB_OTG_FS
 .bss.mem.0     0x200020a0      0x220 ./USB_DEVICE/Target/usbd_conf.o
 .bss.RxData    0x200022c0      0x100 ./modbus/RS232.o
                0x200022c0                RxData
 .bss.TxData    0x200023c0      0x100 ./modbus/RS232.o
                0x200023c0                TxData
 .bss.Holding_Registers_Database
                0x200024c0       0x64 ./modbus/modbusSlave.o
 .bss.Coils_Database
                0x20002524       0x32 ./modbus/modbusSlave.o
 *fill*         0x20002556        0x2 
 .bss.Inputs_Database
                0x20002558       0x32 ./modbus/modbusSlave.o
 *fill*         0x2000258a        0x2 
 .bss.Input_Registers_Database
                0x2000258c       0x64 ./modbus/modbusSlave.o
 *(COMMON)
                0x200025f0                        . = ALIGN (0x4)
                0x200025f0                        _ebss = .
                0x200025f0                        __bss_end__ = _ebss

._user_heap_stack
                0x200025f0      0x600
                0x200025f0                        . = ALIGN (0x8)
                [!provide]                        PROVIDE (end = .)
                0x200025f0                        PROVIDE (_end = .)
                0x200027f0                        . = (. + _Min_Heap_Size)
 *fill*         0x200025f0      0x200 
                0x20002bf0                        . = (. + _Min_Stack_Size)
 *fill*         0x200027f0      0x400 
                0x20002bf0                        . = ALIGN (0x8)

/DISCARD/
 libc.a(*)
 libm.a(*)
 libgcc.a(*)

.ARM.attributes
                0x00000000       0x30
 *(.ARM.attributes)
 .ARM.attributes
                0x00000000       0x22 C:/Users/Admin/STM32CubeIDE_1.16.0/STM32CubeIDE/plugins/com.st.stm32cube.ide.mcu.externaltools.gnu-tools-for-stm32.12.3.rel1.win32_1.0.200.202406191623/tools/bin/../lib/gcc/arm-none-eabi/12.3.1/thumb/v7e-m+fp/hard/crti.o
 .ARM.attributes
                0x00000022       0x34 C:/Users/Admin/STM32CubeIDE_1.16.0/STM32CubeIDE/plugins/com.st.stm32cube.ide.mcu.externaltools.gnu-tools-for-stm32.12.3.rel1.win32_1.0.200.202406191623/tools/bin/../lib/gcc/arm-none-eabi/12.3.1/thumb/v7e-m+fp/hard/crtbegin.o
 .ARM.attributes
                0x00000056       0x34 ./Core/Src/drive.o
 .ARM.attributes
                0x0000008a       0x34 ./Core/Src/drive_time.o
 .ARM.attributes
                0x000000be       0x34 ./Core/Src/drv_gpio.o
 .ARM.attributes
                0x000000f2       0x34 ./Core/Src/main.o
 .ARM.attributes
                0x00000126       0x34 ./Core/Src/mgr_hmi.o
 .ARM.attributes
                0x0000015a       0x34 ./Core/Src/stm32f4xx_hal_msp.o
 .ARM.attributes
                0x0000018e       0x34 ./Core/Src/stm32f4xx_it.o
 .ARM.attributes
                0x000001c2       0x34 ./Core/Src/system_stm32f4xx.o
 .ARM.attributes
                0x000001f6       0x21 ./Core/Startup/startup_stm32f407vetx.o
 .ARM.attributes
                0x00000217       0x34 ./Drivers/STM32F4xx_HAL_Driver/Src/stm32f4xx_hal.o
 .ARM.attributes
                0x0000024b       0x34 ./Drivers/STM32F4xx_HAL_Driver/Src/stm32f4xx_hal_cortex.o
 .ARM.attributes
                0x0000027f       0x34 ./Drivers/STM32F4xx_HAL_Driver/Src/stm32f4xx_hal_dma.o
 .ARM.attributes
                0x000002b3       0x34 ./Drivers/STM32F4xx_HAL_Driver/Src/stm32f4xx_hal_gpio.o
 .ARM.attributes
                0x000002e7       0x34 ./Drivers/STM32F4xx_HAL_Driver/Src/stm32f4xx_hal_pcd.o
 .ARM.attributes
                0x0000031b       0x34 ./Drivers/STM32F4xx_HAL_Driver/Src/stm32f4xx_hal_pcd_ex.o
 .ARM.attributes
                0x0000034f       0x34 ./Drivers/STM32F4xx_HAL_Driver/Src/stm32f4xx_hal_rcc.o
 .ARM.attributes
                0x00000383       0x34 ./Drivers/STM32F4xx_HAL_Driver/Src/stm32f4xx_hal_tim.o
 .ARM.attributes
                0x000003b7       0x34 ./Drivers/STM32F4xx_HAL_Driver/Src/stm32f4xx_hal_tim_ex.o
 .ARM.attributes
                0x000003eb       0x34 ./Drivers/STM32F4xx_HAL_Driver/Src/stm32f4xx_hal_uart.o
 .ARM.attributes
                0x0000041f       0x34 ./Drivers/STM32F4xx_HAL_Driver/Src/stm32f4xx_ll_usb.o
 .ARM.attributes
                0x00000453       0x34 ./Middlewares/ST/STM32_USB_Device_Library/Class/CDC/Src/usbd_cdc.o
 .ARM.attributes
                0x00000487       0x34 ./Middlewares/ST/STM32_USB_Device_Library/Core/Src/usbd_core.o
 .ARM.attributes
                0x000004bb       0x34 ./Middlewares/ST/STM32_USB_Device_Library/Core/Src/usbd_ctlreq.o
 .ARM.attributes
                0x000004ef       0x34 ./Middlewares/ST/STM32_USB_Device_Library/Core/Src/usbd_ioreq.o
 .ARM.attributes
                0x00000523       0x34 ./USB_DEVICE/App/usb_device.o
 .ARM.attributes
                0x00000557       0x34 ./USB_DEVICE/App/usbd_cdc_if.o
 .ARM.attributes
                0x0000058b       0x34 ./USB_DEVICE/App/usbd_desc.o
 .ARM.attributes
                0x000005bf       0x34 ./USB_DEVICE/Target/usbd_conf.o
 .ARM.attributes
                0x000005f3       0x34 ./modbus/RS232.o
 .ARM.attributes
                0x00000627       0x34 ./modbus/modbusSlave.o
 .ARM.attributes
                0x0000065b       0x34 ./modbus/modbus_crc.o
 .ARM.attributes
                0x0000068f       0x34 C:/Users/Admin/STM32CubeIDE_1.16.0/STM32CubeIDE/plugins/com.st.stm32cube.ide.mcu.externaltools.gnu-tools-for-stm32.12.3.rel1.win32_1.0.200.202406191623/tools/bin/../lib/gcc/arm-none-eabi/12.3.1/../../../../arm-none-eabi/lib/thumb/v7e-m+fp/hard\libc_nano.a(libc_a-memset.o)
 .ARM.attributes
                0x000006c3       0x34 C:/Users/Admin/STM32CubeIDE_1.16.0/STM32CubeIDE/plugins/com.st.stm32cube.ide.mcu.externaltools.gnu-tools-for-stm32.12.3.rel1.win32_1.0.200.202406191623/tools/bin/../lib/gcc/arm-none-eabi/12.3.1/../../../../arm-none-eabi/lib/thumb/v7e-m+fp/hard\libc_nano.a(libc_a-init.o)
 .ARM.attributes
                0x000006f7       0x22 C:/Users/Admin/STM32CubeIDE_1.16.0/STM32CubeIDE/plugins/com.st.stm32cube.ide.mcu.externaltools.gnu-tools-for-stm32.12.3.rel1.win32_1.0.200.202406191623/tools/bin/../lib/gcc/arm-none-eabi/12.3.1/thumb/v7e-m+fp/hard\libgcc.a(_aeabi_uldivmod.o)
 .ARM.attributes
                0x00000719       0x34 C:/Users/Admin/STM32CubeIDE_1.16.0/STM32CubeIDE/plugins/com.st.stm32cube.ide.mcu.externaltools.gnu-tools-for-stm32.12.3.rel1.win32_1.0.200.202406191623/tools/bin/../lib/gcc/arm-none-eabi/12.3.1/thumb/v7e-m+fp/hard\libgcc.a(_udivmoddi4.o)
 .ARM.attributes
                0x0000074d       0x22 C:/Users/Admin/STM32CubeIDE_1.16.0/STM32CubeIDE/plugins/com.st.stm32cube.ide.mcu.externaltools.gnu-tools-for-stm32.12.3.rel1.win32_1.0.200.202406191623/tools/bin/../lib/gcc/arm-none-eabi/12.3.1/thumb/v7e-m+fp/hard\libgcc.a(_dvmd_tls.o)
 .ARM.attributes
                0x0000076f       0x22 C:/Users/Admin/STM32CubeIDE_1.16.0/STM32CubeIDE/plugins/com.st.stm32cube.ide.mcu.externaltools.gnu-tools-for-stm32.12.3.rel1.win32_1.0.200.202406191623/tools/bin/../lib/gcc/arm-none-eabi/12.3.1/thumb/v7e-m+fp/hard/crtn.o
OUTPUT(usb_to_com.elf elf32-littlearm)
LOAD linker stubs
LOAD C:/Users/Admin/STM32CubeIDE_1.16.0/STM32CubeIDE/plugins/com.st.stm32cube.ide.mcu.externaltools.gnu-tools-for-stm32.12.3.rel1.win32_1.0.200.202406191623/tools/bin/../lib/gcc/arm-none-eabi/12.3.1/../../../../arm-none-eabi/lib/thumb/v7e-m+fp/hard\libc.a
LOAD C:/Users/Admin/STM32CubeIDE_1.16.0/STM32CubeIDE/plugins/com.st.stm32cube.ide.mcu.externaltools.gnu-tools-for-stm32.12.3.rel1.win32_1.0.200.202406191623/tools/bin/../lib/gcc/arm-none-eabi/12.3.1/../../../../arm-none-eabi/lib/thumb/v7e-m+fp/hard\libm.a
LOAD C:/Users/Admin/STM32CubeIDE_1.16.0/STM32CubeIDE/plugins/com.st.stm32cube.ide.mcu.externaltools.gnu-tools-for-stm32.12.3.rel1.win32_1.0.200.202406191623/tools/bin/../lib/gcc/arm-none-eabi/12.3.1/thumb/v7e-m+fp/hard\libgcc.a

.debug_info     0x00000000    0x1ac68
 .debug_info    0x00000000      0xfc0 ./Core/Src/drive.o
 .debug_info    0x00000fc0      0x21f ./Core/Src/drive_time.o
 .debug_info    0x000011df      0x638 ./Core/Src/drv_gpio.o
 .debug_info    0x00001817     0x1883 ./Core/Src/main.o
 .debug_info    0x0000309a      0x9a3 ./Core/Src/mgr_hmi.o
 .debug_info    0x00003a3d     0x1108 ./Core/Src/stm32f4xx_hal_msp.o
 .debug_info    0x00004b45      0xf0c ./Core/Src/stm32f4xx_it.o
 .debug_info    0x00005a51      0x512 ./Core/Src/system_stm32f4xx.o
 .debug_info    0x00005f63       0x30 ./Core/Startup/startup_stm32f407vetx.o
 .debug_info    0x00005f93      0x944 ./Drivers/STM32F4xx_HAL_Driver/Src/stm32f4xx_hal.o
 .debug_info    0x000068d7      0xd8c ./Drivers/STM32F4xx_HAL_Driver/Src/stm32f4xx_hal_cortex.o
 .debug_info    0x00007663      0x8e7 ./Drivers/STM32F4xx_HAL_Driver/Src/stm32f4xx_hal_dma.o
 .debug_info    0x00007f4a      0x6c3 ./Drivers/STM32F4xx_HAL_Driver/Src/stm32f4xx_hal_gpio.o
 .debug_info    0x0000860d     0x156f ./Drivers/STM32F4xx_HAL_Driver/Src/stm32f4xx_hal_pcd.o
 .debug_info    0x00009b7c      0x6ea ./Drivers/STM32F4xx_HAL_Driver/Src/stm32f4xx_hal_pcd_ex.o
 .debug_info    0x0000a266      0x8c3 ./Drivers/STM32F4xx_HAL_Driver/Src/stm32f4xx_hal_rcc.o
 .debug_info    0x0000ab29     0x299d ./Drivers/STM32F4xx_HAL_Driver/Src/stm32f4xx_hal_tim.o
 .debug_info    0x0000d4c6     0x14db ./Drivers/STM32F4xx_HAL_Driver/Src/stm32f4xx_hal_tim_ex.o
 .debug_info    0x0000e9a1     0x2f4f ./Drivers/STM32F4xx_HAL_Driver/Src/stm32f4xx_hal_uart.o
 .debug_info    0x000118f0     0x1993 ./Drivers/STM32F4xx_HAL_Driver/Src/stm32f4xx_ll_usb.o
 .debug_info    0x00013283     0x12b1 ./Middlewares/ST/STM32_USB_Device_Library/Class/CDC/Src/usbd_cdc.o
 .debug_info    0x00014534      0xe12 ./Middlewares/ST/STM32_USB_Device_Library/Core/Src/usbd_core.o
 .debug_info    0x00015346      0xaeb ./Middlewares/ST/STM32_USB_Device_Library/Core/Src/usbd_ctlreq.o
 .debug_info    0x00015e31      0x762 ./Middlewares/ST/STM32_USB_Device_Library/Core/Src/usbd_ioreq.o
 .debug_info    0x00016593      0x70e ./USB_DEVICE/App/usb_device.o
 .debug_info    0x00016ca1      0x907 ./USB_DEVICE/App/usbd_cdc_if.o
 .debug_info    0x000175a8      0x458 ./USB_DEVICE/App/usbd_desc.o
 .debug_info    0x00017a00     0x1c77 ./USB_DEVICE/Target/usbd_conf.o
 .debug_info    0x00019677      0x72a ./modbus/RS232.o
 .debug_info    0x00019da1      0xd84 ./modbus/modbusSlave.o
 .debug_info    0x0001ab25      0x143 ./modbus/modbus_crc.o

.debug_abbrev   0x00000000     0x4661
 .debug_abbrev  0x00000000      0x343 ./Core/Src/drive.o
 .debug_abbrev  0x00000343      0x15a ./Core/Src/drive_time.o
 .debug_abbrev  0x0000049d      0x1dc ./Core/Src/drv_gpio.o
 .debug_abbrev  0x00000679      0x320 ./Core/Src/main.o
 .debug_abbrev  0x00000999      0x318 ./Core/Src/mgr_hmi.o
 .debug_abbrev  0x00000cb1      0x260 ./Core/Src/stm32f4xx_hal_msp.o
 .debug_abbrev  0x00000f11      0x21f ./Core/Src/stm32f4xx_it.o
 .debug_abbrev  0x00001130      0x11a ./Core/Src/system_stm32f4xx.o
 .debug_abbrev  0x0000124a       0x24 ./Core/Startup/startup_stm32f407vetx.o
 .debug_abbrev  0x0000126e      0x214 ./Drivers/STM32F4xx_HAL_Driver/Src/stm32f4xx_hal.o
 .debug_abbrev  0x00001482      0x31d ./Drivers/STM32F4xx_HAL_Driver/Src/stm32f4xx_hal_cortex.o
 .debug_abbrev  0x0000179f      0x264 ./Drivers/STM32F4xx_HAL_Driver/Src/stm32f4xx_hal_dma.o
 .debug_abbrev  0x00001a03      0x1d4 ./Drivers/STM32F4xx_HAL_Driver/Src/stm32f4xx_hal_gpio.o
 .debug_abbrev  0x00001bd7      0x2b9 ./Drivers/STM32F4xx_HAL_Driver/Src/stm32f4xx_hal_pcd.o
 .debug_abbrev  0x00001e90      0x1da ./Drivers/STM32F4xx_HAL_Driver/Src/stm32f4xx_hal_pcd_ex.o
 .debug_abbrev  0x0000206a      0x2b7 ./Drivers/STM32F4xx_HAL_Driver/Src/stm32f4xx_hal_rcc.o
 .debug_abbrev  0x00002321      0x278 ./Drivers/STM32F4xx_HAL_Driver/Src/stm32f4xx_hal_tim.o
 .debug_abbrev  0x00002599      0x283 ./Drivers/STM32F4xx_HAL_Driver/Src/stm32f4xx_hal_tim_ex.o
 .debug_abbrev  0x0000281c      0x30e ./Drivers/STM32F4xx_HAL_Driver/Src/stm32f4xx_hal_uart.o
 .debug_abbrev  0x00002b2a      0x2b3 ./Drivers/STM32F4xx_HAL_Driver/Src/stm32f4xx_ll_usb.o
 .debug_abbrev  0x00002ddd      0x2d2 ./Middlewares/ST/STM32_USB_Device_Library/Class/CDC/Src/usbd_cdc.o
 .debug_abbrev  0x000030af      0x27c ./Middlewares/ST/STM32_USB_Device_Library/Core/Src/usbd_core.o
 .debug_abbrev  0x0000332b      0x26f ./Middlewares/ST/STM32_USB_Device_Library/Core/Src/usbd_ctlreq.o
 .debug_abbrev  0x0000359a      0x19a ./Middlewares/ST/STM32_USB_Device_Library/Core/Src/usbd_ioreq.o
 .debug_abbrev  0x00003734      0x195 ./USB_DEVICE/App/usb_device.o
 .debug_abbrev  0x000038c9      0x29d ./USB_DEVICE/App/usbd_cdc_if.o
 .debug_abbrev  0x00003b66      0x1e1 ./USB_DEVICE/App/usbd_desc.o
 .debug_abbrev  0x00003d47      0x33f ./USB_DEVICE/Target/usbd_conf.o
 .debug_abbrev  0x00004086      0x220 ./modbus/RS232.o
 .debug_abbrev  0x000042a6      0x30c ./modbus/modbusSlave.o