Archive member included to satisfy reference by file (symbol)

C:/ST/STM32CubeIDE_1.16.0/STM32CubeIDE/plugins/com.st.stm32cube.ide.mcu.externaltools.gnu-tools-for-stm32.12.3.rel1.win32_1.0.200.202406191623/tools/bin/../lib/gcc/arm-none-eabi/12.3.1/../../../../arm-none-eabi/lib/thumb/v7e-m+fp/hard\libc_nano.a(libc_a-exit.o)
                              C:/ST/STM32CubeIDE_1.16.0/STM32CubeIDE/plugins/com.st.stm32cube.ide.mcu.externaltools.gnu-tools-for-stm32.12.3.rel1.win32_1.0.200.202406191623/tools/bin/../lib/gcc/arm-none-eabi/12.3.1/../../../../arm-none-eabi/lib/thumb/v7e-m+fp/hard/crt0.o (exit)
C:/ST/STM32CubeIDE_1.16.0/STM32CubeIDE/plugins/com.st.stm32cube.ide.mcu.externaltools.gnu-tools-for-stm32.12.3.rel1.win32_1.0.200.202406191623/tools/bin/../lib/gcc/arm-none-eabi/12.3.1/../../../../arm-none-eabi/lib/thumb/v7e-m+fp/hard\libc_nano.a(libc_a-findfp.o)
                              C:/ST/STM32CubeIDE_1.16.0/STM32CubeIDE/plugins/com.st.stm32cube.ide.mcu.externaltools.gnu-tools-for-stm32.12.3.rel1.win32_1.0.200.202406191623/tools/bin/../lib/gcc/arm-none-eabi/12.3.1/../../../../arm-none-eabi/lib/thumb/v7e-m+fp/hard\libc_nano.a(libc_a-exit.o) (__stdio_exit_handler)
C:/ST/STM32CubeIDE_1.16.0/STM32CubeIDE/plugins/com.st.stm32cube.ide.mcu.externaltools.gnu-tools-for-stm32.12.3.rel1.win32_1.0.200.202406191623/tools/bin/../lib/gcc/arm-none-eabi/12.3.1/../../../../arm-none-eabi/lib/thumb/v7e-m+fp/hard\libc_nano.a(libc_a-fwalk.o)
                              C:/ST/STM32CubeIDE_1.16.0/STM32CubeIDE/plugins/com.st.stm32cube.ide.mcu.externaltools.gnu-tools-for-stm32.12.3.rel1.win32_1.0.200.202406191623/tools/bin/../lib/gcc/arm-none-eabi/12.3.1/../../../../arm-none-eabi/lib/thumb/v7e-m+fp/hard\libc_nano.a(libc_a-findfp.o) (_fwalk_sglue)
C:/ST/STM32CubeIDE_1.16.0/STM32CubeIDE/plugins/com.st.stm32cube.ide.mcu.externaltools.gnu-tools-for-stm32.12.3.rel1.win32_1.0.200.202406191623/tools/bin/../lib/gcc/arm-none-eabi/12.3.1/../../../../arm-none-eabi/lib/thumb/v7e-m+fp/hard\libc_nano.a(libc_a-stdio.o)
                              C:/ST/STM32CubeIDE_1.16.0/STM32CubeIDE/plugins/com.st.stm32cube.ide.mcu.externaltools.gnu-tools-for-stm32.12.3.rel1.win32_1.0.200.202406191623/tools/bin/../lib/gcc/arm-none-eabi/12.3.1/../../../../arm-none-eabi/lib/thumb/v7e-m+fp/hard\libc_nano.a(libc_a-findfp.o) (__sread)
C:/ST/STM32CubeIDE_1.16.0/STM32CubeIDE/plugins/com.st.stm32cube.ide.mcu.externaltools.gnu-tools-for-stm32.12.3.rel1.win32_1.0.200.202406191623/tools/bin/../lib/gcc/arm-none-eabi/12.3.1/../../../../arm-none-eabi/lib/thumb/v7e-m+fp/hard\libc_nano.a(libc_a-memset.o)
                              C:/ST/STM32CubeIDE_1.16.0/STM32CubeIDE/plugins/com.st.stm32cube.ide.mcu.externaltools.gnu-tools-for-stm32.12.3.rel1.win32_1.0.200.202406191623/tools/bin/../lib/gcc/arm-none-eabi/12.3.1/../../../../arm-none-eabi/lib/thumb/v7e-m+fp/hard/crt0.o (memset)
C:/ST/STM32CubeIDE_1.16.0/STM32CubeIDE/plugins/com.st.stm32cube.ide.mcu.externaltools.gnu-tools-for-stm32.12.3.rel1.win32_1.0.200.202406191623/tools/bin/../lib/gcc/arm-none-eabi/12.3.1/../../../../arm-none-eabi/lib/thumb/v7e-m+fp/hard\libc_nano.a(libc_a-closer.o)
                              C:/ST/STM32CubeIDE_1.16.0/STM32CubeIDE/plugins/com.st.stm32cube.ide.mcu.externaltools.gnu-tools-for-stm32.12.3.rel1.win32_1.0.200.202406191623/tools/bin/../lib/gcc/arm-none-eabi/12.3.1/../../../../arm-none-eabi/lib/thumb/v7e-m+fp/hard\libc_nano.a(libc_a-stdio.o) (_close_r)
C:/ST/STM32CubeIDE_1.16.0/STM32CubeIDE/plugins/com.st.stm32cube.ide.mcu.externaltools.gnu-tools-for-stm32.12.3.rel1.win32_1.0.200.202406191623/tools/bin/../lib/gcc/arm-none-eabi/12.3.1/../../../../arm-none-eabi/lib/thumb/v7e-m+fp/hard\libc_nano.a(libc_a-reent.o)
                              C:/ST/STM32CubeIDE_1.16.0/STM32CubeIDE/plugins/com.st.stm32cube.ide.mcu.externaltools.gnu-tools-for-stm32.12.3.rel1.win32_1.0.200.202406191623/tools/bin/../lib/gcc/arm-none-eabi/12.3.1/../../../../arm-none-eabi/lib/thumb/v7e-m+fp/hard\libc_nano.a(libc_a-closer.o) (errno)
C:/ST/STM32CubeIDE_1.16.0/STM32CubeIDE/plugins/com.st.stm32cube.ide.mcu.externaltools.gnu-tools-for-stm32.12.3.rel1.win32_1.0.200.202406191623/tools/bin/../lib/gcc/arm-none-eabi/12.3.1/../../../../arm-none-eabi/lib/thumb/v7e-m+fp/hard\libc_nano.a(libc_a-impure.o)
                              C:/ST/STM32CubeIDE_1.16.0/STM32CubeIDE/plugins/com.st.stm32cube.ide.mcu.externaltools.gnu-tools-for-stm32.12.3.rel1.win32_1.0.200.202406191623/tools/bin/../lib/gcc/arm-none-eabi/12.3.1/../../../../arm-none-eabi/lib/thumb/v7e-m+fp/hard\libc_nano.a(libc_a-reent.o) (_impure_ptr)
C:/ST/STM32CubeIDE_1.16.0/STM32CubeIDE/plugins/com.st.stm32cube.ide.mcu.externaltools.gnu-tools-for-stm32.12.3.rel1.win32_1.0.200.202406191623/tools/bin/../lib/gcc/arm-none-eabi/12.3.1/../../../../arm-none-eabi/lib/thumb/v7e-m+fp/hard\libc_nano.a(libc_a-lseekr.o)
[...]
Memory Configuration

Name             Origin             Length             Attributes
CCMRAM           0x10000000         0x00010000         xrw
RAM              0x20000000         0x00020000         xrw
FLASH            0x08000000         0x00080000         xr
*default*        0x00000000         0xffffffff

Linker script and memory map

LOAD C:/ST/STM32CubeIDE_1.16.0/STM32CubeIDE/plugins/com.st.stm32cube.ide.mcu.externaltools.gnu-tools-for-stm32.12.3.rel1.win32_1.0.200.202406191623/tools/bin/../lib/gcc/arm-none-eabi/12.3.1/thumb/v7e-m+fp/hard/crti.o
LOAD C:/ST/STM32CubeIDE_1.16.0/STM32CubeIDE/plugins/com.st.stm32cube.ide.mcu.externaltools.gnu-tools-for-stm32.12.3.rel1.win32_1.0.200.202406191623/tools/bin/../lib/gcc/arm-none-eabi/12.3.1/thumb/v7e-m+fp/hard/crtbegin.o
LOAD C:/ST/STM32CubeIDE_1.16.0/STM32CubeIDE/plugins/com.st.stm32cube.ide.mcu.externaltools.gnu-tools-for-stm32.12.3.rel1.win32_1.0.200.202406191623/tools/bin/../lib/gcc/arm-none-eabi/12.3.1/../../../../arm-none-eabi/lib/thumb/v7e-m+fp/hard/crt0.o
LOAD ./Core/Src/drive.o
LOAD ./Core/Src/drive_time.o
LOAD ./Core/Src/drv_gpio.o
LOAD ./Core/Src/flash_data.o
LOAD ./Core/Src/main.o
LOAD ./Core/Src/mgr_hmi.o
LOAD ./Core/Src/stm32f4xx_hal_msp.o
LOAD ./Core/Src/stm32f4xx_it.o
LOAD ./Core/Src/syscalls.o
LOAD ./Core/Src/sysmem.o
LOAD ./Core/Src/system_stm32f4xx.o
LOAD ./Core/Startup/startup_stm32f407vetx.o
LOAD ./Drivers/STM32F4xx_HAL_Driver/Src/stm32f4xx_hal.o
LOAD ./Drivers/STM32F4xx_HAL_Driver/Src/stm32f4xx_hal_cortex.o
LOAD ./Drivers/STM32F4xx_HAL_Driver/Src/stm32f4xx_hal_dma.o
LOAD ./Drivers/STM32F4xx_HAL_Driver/Src/stm32f4xx_hal_dma_ex.o
LOAD ./Drivers/STM32F4xx_HAL_Driver/Src/stm32f4xx_hal_exti.o
LOAD ./Drivers/STM32F4xx_HAL_Driver/Src/stm32f4xx_hal_flash.o
LOAD ./Drivers/STM32F4xx_HAL_Driver/Src/stm32f4xx_hal_flash_ex.o
LOAD ./Drivers/STM32F4xx_HAL_Driver/Src/stm32f4xx_hal_flash_ramfunc.o
LOAD ./Drivers/STM32F4xx_HAL_Driver/Src/stm32f4xx_hal_gpio.o
LOAD ./Drivers/STM32F4xx_HAL_Driver/Src/stm32f4xx_hal_pcd.o
LOAD ./Drivers/STM32F4xx_HAL_Driver/Src/stm32f4xx_hal_pcd_ex.o
LOAD ./Drivers/STM32F4xx_HAL_Driver/Src/stm32f4xx_hal_pwr.o
LOAD ./Drivers/STM32F4xx_HAL_Driver/Src/stm32f4xx_hal_pwr_ex.o
LOAD ./Drivers/STM32F4xx_HAL_Driver/Src/stm32f4xx_hal_rcc.o
LOAD ./Drivers/STM32F4xx_HAL_Driver/Src/stm32f4xx_hal_rcc_ex.o
LOAD ./Drivers/STM32F4xx_HAL_Driver/Src/stm32f4xx_hal_tim.o
LOAD ./Drivers/STM32F4xx_HAL_Driver/Src/stm32f4xx_hal_tim_ex.o
LOAD ./Drivers/STM32F4xx_HAL_Driver/Src/stm32f4xx_hal_uart.o
LOAD ./Drivers/STM32F4xx_HAL_Driver/Src/stm32f4xx_ll_usb.o
LOAD ./Middlewares/ST/STM32_USB_Device_Library/Class/CDC/Src/usbd_cdc.o
LOAD ./Middlewares/ST/STM32_USB_Device_Library/Core/Src/usbd_core.o
LOAD ./Middlewares/ST/STM32_USB_Device_Library/Core/Src/usbd_ctlreq.o
LOAD ./Middlewares/ST/STM32_USB_Device_Library/Core/Src/usbd_ioreq.o
LOAD ./USB_DEVICE/App/usb_device.o
LOAD ./USB_DEVICE/App/usbd_cdc_if.o
LOAD ./USB_DEVICE/App/usbd_desc.o
LOAD ./USB_DEVICE/Target/usbd_conf.o
LOAD ./modbus/Common.o
LOAD ./modbus/RS232.o
LOAD ./modbus/delay.o
LOAD ./modbus/modbusSlave.o
LOAD ./modbus/modbus_crc.o
START GROUP
LOAD C:/ST/STM32CubeIDE_1.16.0/STM32CubeIDE/plugins/com.st.stm32cube.ide.mcu.externaltools.gnu-tools-for-stm32.12.3.rel1.win32_1.0.200.202406191623/tools/bin/../lib/gcc/arm-none-eabi/12.3.1/../../../../arm-none-eabi/lib/thumb/v7e-m+fp/hard\libc_nano.a
LOAD C:/ST/STM32CubeIDE_1.16.0/STM32CubeIDE/plugins/com.st.stm32cube.ide.mcu.externaltools.gnu-tools-for-stm32.12.3.rel1.win32_1.0.200.202406191623/tools/bin/../lib/gcc/arm-none-eabi/12.3.1/../../../../arm-none-eabi/lib/thumb/v7e-m+fp/hard\libm.a
END GROUP
START GROUP
LOAD C:/ST/STM32CubeIDE_1.16.0/STM32CubeIDE/plugins/com.st.stm32cube.ide.mcu.externaltools.gnu-tools-for-stm32.12.3.rel1.win32_1.0.200.202406191623/tools/bin/../lib/gcc/arm-none-eabi/12.3.1/thumb/v7e-m+fp/hard\libgcc.a
LOAD C:/ST/STM32CubeIDE_1.16.0/STM32CubeIDE/plugins/com.st.stm32cube.ide.mcu.externaltools.gnu-tools-for-stm32.12.3.rel1.win32_1.0.200.202406191623/tools/bin/../lib/gcc/arm-none-eabi/12.3.1/../../../../arm-none-eabi/lib/thumb/v7e-m+fp/hard\libc_nano.a
END GROUP
START GROUP
LOAD C:/ST/STM32CubeIDE_1.16.0/STM32CubeIDE/plugins/com.st.stm32cube.ide.mcu.externaltools.gnu-tools-for-stm32.12.3.rel1.win32_1.0.200.202406191623/tools/bin/../lib/gcc/arm-none-eabi/12.3.1/thumb/v7e-m+fp/hard\libgcc.a
LOAD C:/ST/STM32CubeIDE_1.16.0/STM32CubeIDE/plugins/com.st.stm32cube.ide.mcu.externaltools.gnu-tools-for-stm32.12.3.rel1.win32_1.0.200.202406191623/tools/bin/../lib/gcc/arm-none-eabi/12.3.1/../../../../arm-none-eabi/lib/thumb/v7e-m+fp/hard\libc_nano.a
LOAD C:/ST/STM32CubeIDE_1.16.0/STM32CubeIDE/plugins/com.st.stm32cube.ide.mcu.externaltools.gnu-tools-for-stm32.12.3.rel1.win32_1.0.200.202406191623/tools/bin/../lib/gcc/arm-none-eabi/12.3.1/../../../../arm-none-eabi/lib/thumb/v7e-m+fp/hard\libnosys.a
END GROUP
START GROUP
LOAD C:/ST/STM32CubeIDE_1.16.0/STM32CubeIDE/plugins/com.st.stm32cube.ide.mcu.externaltools.gnu-tools-for-stm32.12.3.rel1.win32_1.0.200.202406191623/tools/bin/../lib/gcc/arm-none-eabi/12.3.1/thumb/v7e-m+fp/hard\libgcc.a
LOAD C:/ST/STM32CubeIDE_1.16.0/STM32CubeIDE/plugins/com.st.stm32cube.ide.mcu.externaltools.gnu-tools-for-stm32.12.3.rel1.win32_1.0.200.202406191623/tools/bin/../lib/gcc/arm-none-eabi/12.3.1/../../../../arm-none-eabi/lib/thumb/v7e-m+fp/hard\libc_nano.a
LOAD C:/ST/STM32CubeIDE_1.16.0/STM32CubeIDE/plugins/com.st.stm32cube.ide.mcu.externaltools.gnu-tools-for-stm32.12.3.rel1.win32_1.0.200.202406191623/tools/bin/../lib/gcc/arm-none-eabi/12.3.1/../../../../arm-none-eabi/lib/thumb/v7e-m+fp/hard\libnosys.a
END GROUP
LOAD C:/ST/STM32CubeIDE_1.16.0/STM32CubeIDE/plugins/com.st.stm32cube.ide.mcu.externaltools.gnu-tools-for-stm32.12.3.rel1.win32_1.0.200.202406191623/tools/bin/../lib/gcc/arm-none-eabi/12.3.1/thumb/v7e-m+fp/hard/crtend.o
LOAD C:/ST/STM32CubeIDE_1.16.0/STM32CubeIDE/plugins/com.st.stm32cube.ide.mcu.externaltools.gnu-tools-for-stm32.12.3.rel1.win32_1.0.200.202406191623/tools/bin/../lib/gcc/arm-none-eabi/12.3.1/thumb/v7e-m+fp/hard/crtn.o
                0x20020000                        _estack = (ORIGIN (RAM) + LENGTH (RAM))
                0x00000200                        _Min_Heap_Size = 0x200
                0x00000400                        _Min_Stack_Size = 0x400

.isr_vector     0x08000000      0x188
                0x08000000                        . = ALIGN (0x4)
 *(.isr_vector)
 .isr_vector    0x08000000      0x188 ./Core/Startup/startup_stm32f407vetx.o
                0x08000000                g_pfnVectors
                0x08000188                        . = ALIGN (0x4)

.text           0x08000188     0xf364
                0x08000188                        . = ALIGN (0x4)
 *(.text)
 .text          0x08000188       0x40 C:/ST/STM32CubeIDE_1.16.0/STM32CubeIDE/plugins/com.st.stm32cube.ide.mcu.externaltools.gnu-tools-for-stm32.12.3.rel1.win32_1.0.200.202406191623/tools/bin/../lib/gcc/arm-none-eabi/12.3.1/thumb/v7e-m+fp/hard/crtbegin.o
 .text          0x080001c8       0x30 C:/ST/STM32CubeIDE_1.16.0/STM32CubeIDE/plugins/com.st.stm32cube.ide.mcu.externaltools.gnu-tools-for-stm32.12.3.rel1.win32_1.0.200.202406191623/tools/bin/../lib/gcc/arm-none-eabi/12.3.1/thumb/v7e-m+fp/hard\libgcc.a(_aeabi_uldivmod.o)
                0x080001c8                __aeabi_uldivmod
 .text          0x080001f8      0x2bc C:/ST/STM32CubeIDE_1.16.0/STM32CubeIDE/plugins/com.st.stm32cube.ide.mcu.externaltools.gnu-tools-for-stm32.12.3.rel1.win32_1.0.200.202406191623/tools/bin/../lib/gcc/arm-none-eabi/12.3.1/thumb/v7e-m+fp/hard\libgcc.a(_udivmoddi4.o)
                0x080001f8                __udivmoddi4
 .text          0x080004b4        0x4 C:/ST/STM32CubeIDE_1.16.0/STM32CubeIDE/plugins/com.st.stm32cube.ide.mcu.externaltools.gnu-tools-for-stm32.12.3.rel1.win32_1.0.200.202406191623/tools/bin/../lib/gcc/arm-none-eabi/12.3.1/thumb/v7e-m+fp/hard\libgcc.a(_dvmd_tls.o)
                0x080004b4                __aeabi_idiv0
                0x080004b4                __aeabi_ldiv0
 *(.text*)
 .text.Init_Timer_chanal
                0x080004b8       0x80 ./Core/Src/drive.o
                0x080004b8                Init_Timer_chanal
 .text.Reset_position
                0x08000538      0x10c ./Core/Src/drive.o
                0x08000538                Reset_position
 .text.Robot_Init
                0x08000644       0xb4 ./Core/Src/drive.o
                0x08000644                Robot_Init
 .text.MC_MoveAbsolute
                0x080006f8      0x118 ./Core/Src/drive.o
                0x080006f8                MC_MoveAbsolute
 .text.Timer_PWM_Chanal_Start
                0x08000810      0x10a ./Core/Src/drive.o
                0x08000810                Timer_PWM_Chanal_Start
 .text.MC_Stop  0x0800091a       0x3c ./Core/Src/drive.o
                0x0800091a                MC_Stop
 .text.MC_MoveHomeAbsolute
                0x08000956       0x90 ./Core/Src/drive.o
                0x08000956                MC_MoveHomeAbsolute
 *fill*         0x080009e6        0x2 
 .text.Interrup_gpio_OX
                0x080009e8       0x90 ./Core/Src/drive.o
                0x080009e8                Interrup_gpio_OX
 .text.Interrup_gpio_OY
                0x08000a78       0x94 ./Core/Src/drive.o
                0x08000a78                Interrup_gpio_OY
 .text.Interrup_gpio_OZ
                0x08000b0c       0xa8 ./Core/Src/drive.o
                0x08000b0c                Interrup_gpio_OZ
 .text.Motor_Busy
                0x08000bb4       0x40 ./Core/Src/drive.o
                0x08000bb4                Motor_Busy
 .text.Move_Home_3Step
                0x08000bf4      0x3a8 ./Core/Src/drive.o
                0x08000bf4                Move_Home_3Step
 .text.MC_MoveLinear
                0x08000f9c      0x118 ./Core/Src/drive.o
                0x08000f9c                MC_MoveLinear
 .text.MC_MoveHandle
                0x080010b4       0xd8 ./Core/Src/drive.o
                0x080010b4                MC_MoveHandle
 .text.Rotbot_controler
                0x0800118c      0x374 ./Core/Src/drive.o
                0x0800118c                Rotbot_controler
 .text.MC_Control_Interrupt
                0x08001500       0x38 ./Core/Src/drive.o
                0x08001500                MC_Control_Interrupt
 .text.Set_Direction_OX
                0x08001538       0x3c ./Core/Src/drive.o
                0x08001538                Set_Direction_OX
 .text.Set_Direction_OY
                0x08001574       0x38 ./Core/Src/drive.o
                0x08001574                Set_Direction_OY
 .text.Set_Direction_OZ
                0x080015ac       0x3c ./Core/Src/drive.o
                0x080015ac                Set_Direction_OZ
 .text.TIM7_Interrupt
                0x080015e8       0x94 ./Core/Src/drive_time.o
                0x080015e8                TIM7_Interrupt
 .text.Delay_SetTimer
                0x0800167c       0x70 ./Core/Src/drive_time.o
                0x0800167c                Delay_SetTimer
 .text.Delay_GetTimer
                0x080016ec       0x70 ./Core/Src/drive_time.o
                0x080016ec                Delay_GetTimer
 .text.Gpio_read_input
                0x0800175c       0x58 ./Core/Src/drv_gpio.o
                0x0800175c                Gpio_read_input
 .text.Task_Gpio_input
                0x080017b4       0xa4 ./Core/Src/drv_gpio.o
                0x080017b4                Task_Gpio_input
 .text.Get_State_Sensor
                0x08001858       0x24 ./Core/Src/drv_gpio.o
                0x08001858                Get_State_Sensor
 .text.Save_Calibration_To_Flash
                0x0800187c       0x98 ./Core/Src/flash_data.o
                0x0800187c                Save_Calibration_To_Flash
 .text.Load_Calibration_From_Flash
                0x08001914       0xac ./Core/Src/flash_data.o
                0x08001914                Load_Calibration_From_Flash
 .text.main     0x080019c0       0x94 ./Core/Src/main.o
                0x080019c0                main
 .text.SystemClock_Config
                0x08001a54       0xd4 ./Core/Src/main.o
                0x08001a54                SystemClock_Config
 .text.MX_TIM1_Init
                0x08001b28      0x170 ./Core/Src/main.o
 .text.MX_TIM2_Init
                0x08001c98       0xec ./Core/Src/main.o
 .text.MX_TIM3_Init
                0x08001d84      0x11c ./Core/Src/main.o
 .text.MX_TIM4_Init
                0x08001ea0       0xec ./Core/Src/main.o
 .text.MX_TIM5_Init
                0x08001f8c       0xec ./Core/Src/main.o
 .text.MX_TIM7_Init
                0x08002078       0x6c ./Core/Src/main.o
 .text.MX_TIM8_Init
                0x080020e4      0x170 ./Core/Src/main.o
 .text.MX_USART2_UART_Init
                0x08002254       0x54 ./Core/Src/main.o
 .text.MX_DMA_Init
                0x080022a8       0x40 ./Core/Src/main.o
 .text.MX_GPIO_Init
                0x080022e8      0x19c ./Core/Src/main.o
 .text.HAL_GPIO_EXTI_Callback
                0x08002484       0x16 ./Core/Src/main.o
                0x08002484                HAL_GPIO_EXTI_Callback
 .text.Error_Handler
                0x0800249a        0xc ./Core/Src/main.o
                0x0800249a                Error_Handler
 *fill*         0x080024a6        0x2 
 .text.Init_hmi
                0x080024a8       0x2c ./Core/Src/mgr_hmi.o
                0x080024a8                Init_hmi
 .text.Task_scan_HMI
                0x080024d4      0x150 ./Core/Src/mgr_hmi.o
                0x080024d4                Task_scan_HMI
 .text.Task_scan_maim
                0x08002624       0xb0 ./Core/Src/mgr_hmi.o
                0x08002624                Task_scan_maim
 .text.Task_Run_HMI
                0x080026d4      0x124 ./Core/Src/mgr_hmi.o
                0x080026d4                Task_Run_HMI
 .text.Get_Target_Zigzag
                0x080027f8      0x130 ./Core/Src/mgr_hmi.o
                0x080027f8                Get_Target_Zigzag
 .text.Task_Scan_Tray
                0x08002928      0x134 ./Core/Src/mgr_hmi.o
                0x08002928                Task_Scan_Tray
 .text.Scanning_Task
                0x08002a5c      0x2f0 ./Core/Src/mgr_hmi.o
                0x08002a5c                Scanning_Task
 .text.Task_Run_Home
                0x08002d4c       0x48 ./Core/Src/mgr_hmi.o
                0x08002d4c                Task_Run_Home
 .text.Main_Reset
                0x08002d94       0x16 ./Core/Src/mgr_hmi.o
                0x08002d94                Main_Reset
 *fill*         0x08002daa        0x2 
 .text.Main_Start
                0x08002dac       0x20 ./Core/Src/mgr_hmi.o
                0x08002dac                Main_Start
 .text.Main_Stop
                0x08002dcc       0x16 ./Core/Src/mgr_hmi.o
                0x08002dcc                Main_Stop
 .text.Main_SetX
                0x08002de2       0x16 ./Core/Src/mgr_hmi.o
                0x08002de2                Main_SetX
 .text.Main_SetY
                0x08002df8       0x16 ./Core/Src/mgr_hmi.o
                0x08002df8                Main_SetY
 .text.Main_SetZ
                0x08002e0e       0x16 ./Core/Src/mgr_hmi.o
                0x08002e0e                Main_SetZ
 .text.Main_Manual
                0x08002e24       0x16 ./Core/Src/mgr_hmi.o
                0x08002e24                Main_Manual
 .text.Handle_Left
                0x08002e3a       0x1e ./Core/Src/mgr_hmi.o
                0x08002e3a                Handle_Left
 .text.Handle_Right
                0x08002e58       0x1e ./Core/Src/mgr_hmi.o
                0x08002e58                Handle_Right
 .text.Handle_In
                0x08002e76       0x1e ./Core/Src/mgr_hmi.o
                0x08002e76                Handle_In
 .text.Handle_Out
                0x08002e94       0x1e ./Core/Src/mgr_hmi.o
                0x08002e94                Handle_Out
 .text.Handle_Up
                0x08002eb2       0x1e ./Core/Src/mgr_hmi.o
                0x08002eb2                Handle_Up
 .text.Handle_Down
                0x08002ed0       0x1e ./Core/Src/mgr_hmi.o
                0x08002ed0                Handle_Down
 .text.Pick_handle1
                0x08002eee        0xe ./Core/Src/mgr_hmi.o
                0x08002eee                Pick_handle1
 .text.Release_handle1
                0x08002efc        0xe ./Core/Src/mgr_hmi.o
                0x08002efc                Release_handle1
 .text.Pick_handle2
                0x08002f0a        0xe ./Core/Src/mgr_hmi.o
                0x08002f0a                Pick_handle2
 .text.Release_handle2
                0x08002f18        0xe ./Core/Src/mgr_hmi.o
                0x08002f18                Release_handle2
 *fill*         0x08002f26        0x2 
 .text.Save_1   0x08002f28       0xc8 ./Core/Src/mgr_hmi.o
                0x08002f28                Save_1
 .text.Save_2   0x08002ff0       0xc8 ./Core/Src/mgr_hmi.o
                0x08002ff0                Save_2
 .text.Save_3   0x080030b8       0xd0 ./Core/Src/mgr_hmi.o
                0x080030b8                Save_3
 .text.Setmove_point
                0x08003188      0x258 ./Core/Src/mgr_hmi.o
                0x08003188                Setmove_point
 .text.Save_Glass_1
                0x080033e0       0x18 ./Core/Src/mgr_hmi.o
                0x080033e0                Save_Glass_1
 .text.Save_Glass_2
                0x080033f8       0x18 ./Core/Src/mgr_hmi.o
                0x080033f8                Save_Glass_2
 .text.Save_Glass_3
                0x08003410       0x18 ./Core/Src/mgr_hmi.o
                0x08003410                Save_Glass_3
 .text.Save_Cover_1
                0x08003428       0x18 ./Core/Src/mgr_hmi.o
                0x08003428                Save_Cover_1
 .text.Save_Cover_2
                0x08003440       0x18 ./Core/Src/mgr_hmi.o
                0x08003440                Save_Cover_2
 .text.Save_Cover_3
                0x08003458       0x18 ./Core/Src/mgr_hmi.o
                0x08003458                Save_Cover_3
 .text.Save_Tray_1
                0x08003470       0x18 ./Core/Src/mgr_hmi.o
                0x08003470                Save_Tray_1
 .text.Save_Tray_2
                0x08003488       0x18 ./Core/Src/mgr_hmi.o
                0x08003488                Save_Tray_2
 .text.Save_Tray_3
                0x080034a0       0x18 ./Core/Src/mgr_hmi.o
                0x080034a0                Save_Tray_3
 .text.Handle_Set
                0x080034b8       0x2c ./Core/Src/mgr_hmi.o
                0x080034b8                Handle_Set
 .text.Handle_Home
                0x080034e4       0x24 ./Core/Src/mgr_hmi.o
                0x080034e4                Handle_Home
 .text.HAL_MspInit
                0x08003508       0x94 ./Core/Src/stm32f4xx_hal_msp.o
                0x08003508                HAL_MspInit
 .text.HAL_TIM_Base_MspInit
                0x0800359c      0x154 ./Core/Src/stm32f4xx_hal_msp.o
                0x0800359c                HAL_TIM_Base_MspInit
 .text.HAL_TIM_MspPostInit
                0x080036f0      0x114 ./Core/Src/stm32f4xx_hal_msp.o
                0x080036f0                HAL_TIM_MspPostInit
 .text.HAL_UART_MspInit
                0x08003804      0x104 ./Core/Src/stm32f4xx_hal_msp.o
                0x08003804                HAL_UART_MspInit
 .text.NMI_Handler
                0x08003908        0x8 ./Core/Src/stm32f4xx_it.o
                0x08003908                NMI_Handler
 .text.HardFault_Handler
                0x08003910        0x8 ./Core/Src/stm32f4xx_it.o
                0x08003910                HardFault_Handler
 .text.MemManage_Handler
                0x08003918        0x8 ./Core/Src/stm32f4xx_it.o
                0x08003918                MemManage_Handler
 .text.BusFault_Handler
                0x08003920        0x8 ./Core/Src/stm32f4xx_it.o
                0x08003920                BusFault_Handler
 .text.UsageFault_Handler
                0x08003928        0x8 ./Core/Src/stm32f4xx_it.o
                0x08003928                UsageFault_Handler
 .text.SVC_Handler
                0x08003930        0xe ./Core/Src/stm32f4xx_it.o
                0x08003930                SVC_Handler
 .text.DebugMon_Handler
                0x0800393e        0xe ./Core/Src/stm32f4xx_it.o
                0x0800393e                DebugMon_Handler
 .text.PendSV_Handler
                0x0800394c        0xe ./Core/Src/stm32f4xx_it.o
                0x0800394c                PendSV_Handler
 .text.SysTick_Handler
                0x0800395a        0xc ./Core/Src/stm32f4xx_it.o
                0x0800395a                SysTick_Handler
 .text.EXTI0_IRQHandler
                0x08003966       0x12 ./Core/Src/stm32f4xx_it.o
                0x08003966                EXTI0_IRQHandler
 .text.EXTI1_IRQHandler
                0x08003978       0x12 ./Core/Src/stm32f4xx_it.o
                0x08003978                EXTI1_IRQHandler
 .text.EXTI2_IRQHandler
                0x0800398a       0x12 ./Core/Src/stm32f4xx_it.o
                0x0800398a                EXTI2_IRQHandler
 .text.DMA1_Stream5_IRQHandler
                0x0800399c       0x14 ./Core/Src/stm32f4xx_it.o
                0x0800399c                DMA1_Stream5_IRQHandler
 .text.USART2_IRQHandler
                0x080039b0       0x14 ./Core/Src/stm32f4xx_it.o
                0x080039b0                USART2_IRQHandler
 .text.TIM7_IRQHandler
                0x080039c4       0x18 ./Core/Src/stm32f4xx_it.o
                0x080039c4                TIM7_IRQHandler
 .text.OTG_FS_IRQHandler
                0x080039dc       0x14 ./Core/Src/stm32f4xx_it.o
                0x080039dc                OTG_FS_IRQHandler
 .text.SystemInit
                0x080039f0       0x24 ./Core/Src/system_stm32f4xx.o
                0x080039f0                SystemInit
 .text.Reset_Handler
                0x08003a14       0x50 ./Core/Startup/startup_stm32f407vetx.o
                0x08003a14                Reset_Handler
 .text.Default_Handler
                0x08003a64        0x2 ./Core/Startup/startup_stm32f407vetx.o
                0x08003a64                RTC_Alarm_IRQHandler
                0x08003a64                HASH_RNG_IRQHandler
                0x08003a64                TIM8_CC_IRQHandler
                0x08003a64                TIM1_CC_IRQHandler
                0x08003a64                DMA2_Stream5_IRQHandler
                0x08003a64                PVD_IRQHandler
                0x08003a64                SDIO_IRQHandler
                0x08003a64                TAMP_STAMP_IRQHandler
                0x08003a64                CAN2_RX1_IRQHandler
                0x08003a64                EXTI3_IRQHandler
                0x08003a64                TIM8_TRG_COM_TIM14_IRQHandler
                0x08003a64                TIM1_UP_TIM10_IRQHandler
                0x08003a64                TIM8_UP_TIM13_IRQHandler
                0x08003a64                I2C3_ER_IRQHandler
                0x08003a64                I2C2_EV_IRQHandler
                0x08003a64                DMA1_Stream2_IRQHandler
                0x08003a64                CAN1_RX0_IRQHandler
                0x08003a64                FPU_IRQHandler
                0x08003a64                OTG_HS_WKUP_IRQHandler
                0x08003a64                CAN2_SCE_IRQHandler
                0x08003a64                DMA2_Stream2_IRQHandler
                0x08003a64                SPI1_IRQHandler
                0x08003a64                TIM6_DAC_IRQHandler
                0x08003a64                TIM1_BRK_TIM9_IRQHandler
                0x08003a64                DCMI_IRQHandler
                0x08003a64                CAN2_RX0_IRQHandler
                0x08003a64                DMA2_Stream3_IRQHandler
                0x08003a64                USART6_IRQHandler
                0x08003a64                USART3_IRQHandler
                0x08003a64                CAN1_RX1_IRQHandler
                0x08003a64                UART5_IRQHandler
                0x08003a64                DMA2_Stream0_IRQHandler
                0x08003a64                TIM4_IRQHandler
                0x08003a64                I2C1_EV_IRQHandler
                0x08003a64                DMA1_Stream6_IRQHandler
                0x08003a64                DMA1_Stream1_IRQHandler
                0x08003a64                UART4_IRQHandler
                0x08003a64                TIM3_IRQHandler
                0x08003a64                RCC_IRQHandler
                0x08003a64                TIM8_BRK_TIM12_IRQHandler
                0x08003a64                Default_Handler
                0x08003a64                EXTI15_10_IRQHandler
                0x08003a64                ADC_IRQHandler
                0x08003a64                DMA1_Stream7_IRQHandler
                0x08003a64                CAN2_TX_IRQHandler
                0x08003a64                TIM5_IRQHandler
                0x08003a64                DMA2_Stream7_IRQHandler
                0x08003a64                I2C3_EV_IRQHandler
                0x08003a64                EXTI9_5_IRQHandler
                0x08003a64                RTC_WKUP_IRQHandler
                0x08003a64                ETH_WKUP_IRQHandler
                0x08003a64                SPI2_IRQHandler
                0x08003a64                OTG_HS_EP1_IN_IRQHandler
                0x08003a64                DMA1_Stream0_IRQHandler
                0x08003a64                CAN1_TX_IRQHandler
                0x08003a64                EXTI4_IRQHandler
                0x08003a64                FSMC_IRQHandler
                0x08003a64                ETH_IRQHandler
                0x08003a64                OTG_HS_EP1_OUT_IRQHandler
                0x08003a64                WWDG_IRQHandler
                0x08003a64                TIM2_IRQHandler
                0x08003a64                OTG_FS_WKUP_IRQHandler
                0x08003a64                TIM1_TRG_COM_TIM11_IRQHandler
                0x08003a64                OTG_HS_IRQHandler
                0x08003a64                I2C2_ER_IRQHandler
                0x08003a64                DMA2_Stream1_IRQHandler
                0x08003a64                CAN1_SCE_IRQHandler
                0x08003a64                FLASH_IRQHandler
                0x08003a64                DMA2_Stream4_IRQHandler
                0x08003a64                USART1_IRQHandler
                0x08003a64                SPI3_IRQHandler
                0x08003a64                DMA1_Stream4_IRQHandler
                0x08003a64                I2C1_ER_IRQHandler
                0x08003a64                DMA2_Stream6_IRQHandler
                0x08003a64                DMA1_Stream3_IRQHandler
 *fill*         0x08003a66        0x2 
 .text.HAL_Init
                0x08003a68       0x44 ./Drivers/STM32F4xx_HAL_Driver/Src/stm32f4xx_hal.o
                0x08003a68                HAL_Init
 .text.HAL_InitTick
                0x08003aac       0x60 ./Drivers/STM32F4xx_HAL_Driver/Src/stm32f4xx_hal.o
                0x08003aac                HAL_InitTick
 .text.HAL_IncTick
                0x08003b0c       0x28 ./Drivers/STM32F4xx_HAL_Driver/Src/stm32f4xx_hal.o
                0x08003b0c                HAL_IncTick
 .text.HAL_GetTick
                0x08003b34       0x18 ./Drivers/STM32F4xx_HAL_Driver/Src/stm32f4xx_hal.o
                0x08003b34                HAL_GetTick
 .text.HAL_Delay
                0x08003b4c       0x48 ./Drivers/STM32F4xx_HAL_Driver/Src/stm32f4xx_hal.o
                0x08003b4c                HAL_Delay
 .text.__NVIC_SetPriorityGrouping
                0x08003b94       0x48 ./Drivers/STM32F4xx_HAL_Driver/Src/stm32f4xx_hal_cortex.o
 .text.__NVIC_GetPriorityGrouping
                0x08003bdc       0x1c ./Drivers/STM32F4xx_HAL_Driver/Src/stm32f4xx_hal_cortex.o
 .text.__NVIC_EnableIRQ
                0x08003bf8       0x3c ./Drivers/STM32F4xx_HAL_Driver/Src/stm32f4xx_hal_cortex.o
 .text.__NVIC_SetPriority
                0x08003c34       0x54 ./Drivers/STM32F4xx_HAL_Driver/Src/stm32f4xx_hal_cortex.o
 .text.NVIC_EncodePriority
                0x08003c88       0x66 ./Drivers/STM32F4xx_HAL_Driver/Src/stm32f4xx_hal_cortex.o
 *fill*         0x08003cee        0x2 
 .text.SysTick_Config
                0x08003cf0       0x44 ./Drivers/STM32F4xx_HAL_Driver/Src/stm32f4xx_hal_cortex.o
 .text.HAL_NVIC_SetPriorityGrouping
                0x08003d34       0x16 ./Drivers/STM32F4xx_HAL_Driver/Src/stm32f4xx_hal_cortex.o
                0x08003d34                HAL_NVIC_SetPriorityGrouping
 .text.HAL_NVIC_SetPriority
                0x08003d4a       0x38 ./Drivers/STM32F4xx_HAL_Driver/Src/stm32f4xx_hal_cortex.o
                0x08003d4a                HAL_NVIC_SetPriority
 .text.HAL_NVIC_EnableIRQ
                0x08003d82       0x1c ./Drivers/STM32F4xx_HAL_Driver/Src/stm32f4xx_hal_cortex.o
                0x08003d82                HAL_NVIC_EnableIRQ
 .text.HAL_SYSTICK_Config
                0x08003d9e       0x18 ./Drivers/STM32F4xx_HAL_Driver/Src/stm32f4xx_hal_cortex.o
                0x08003d9e                HAL_SYSTICK_Config
 *fill*         0x08003db6        0x2 
 .text.HAL_DMA_Init
                0x08003db8      0x15c ./Drivers/STM32F4xx_HAL_Driver/Src/stm32f4xx_hal_dma.o
                0x08003db8                HAL_DMA_Init
 .text.HAL_DMA_Start_IT
                0x08003f14       0xb0 ./Drivers/STM32F4xx_HAL_Driver/Src/stm32f4xx_hal_dma.o
                0x08003f14                HAL_DMA_Start_IT
 .text.HAL_DMA_Abort
                0x08003fc4       0xe0 ./Drivers/STM32F4xx_HAL_Driver/Src/stm32f4xx_hal_dma.o
                0x08003fc4                HAL_DMA_Abort
 .text.HAL_DMA_Abort_IT
                0x080040a4       0x44 ./Drivers/STM32F4xx_HAL_Driver/Src/stm32f4xx_hal_dma.o
                0x080040a4                HAL_DMA_Abort_IT
 .text.HAL_DMA_IRQHandler
                0x080040e8      0x314 ./Drivers/STM32F4xx_HAL_Driver/Src/stm32f4xx_hal_dma.o
                0x080040e8                HAL_DMA_IRQHandler
 .text.DMA_SetConfig
                0x080043fc       0x5c ./Drivers/STM32F4xx_HAL_Driver/Src/stm32f4xx_hal_dma.o
 .text.DMA_CalcBaseAndBitshift
                0x08004458       0x6c ./Drivers/STM32F4xx_HAL_Driver/Src/stm32f4xx_hal_dma.o
 .text.DMA_CheckFifoParam
                0x080044c4       0xf8 ./Drivers/STM32F4xx_HAL_Driver/Src/stm32f4xx_hal_dma.o
 .text.HAL_FLASH_Program
                0x080045bc       0xa4 ./Drivers/STM32F4xx_HAL_Driver/Src/stm32f4xx_hal_flash.o
                0x080045bc                HAL_FLASH_Program
 .text.HAL_FLASH_Unlock
                0x08004660       0x44 ./Drivers/STM32F4xx_HAL_Driver/Src/stm32f4xx_hal_flash.o
                0x08004660                HAL_FLASH_Unlock
 .text.HAL_FLASH_Lock
                0x080046a4       0x20 ./Drivers/STM32F4xx_HAL_Driver/Src/stm32f4xx_hal_flash.o
                0x080046a4                HAL_FLASH_Lock
 .text.FLASH_WaitForLastOperation
                0x080046c4       0x80 ./Drivers/STM32F4xx_HAL_Driver/Src/stm32f4xx_hal_flash.o
                0x080046c4                FLASH_WaitForLastOperation
 .text.FLASH_Program_DoubleWord
                0x08004744       0x64 ./Drivers/STM32F4xx_HAL_Driver/Src/stm32f4xx_hal_flash.o
 .text.FLASH_Program_Word
                0x080047a8       0x44 ./Drivers/STM32F4xx_HAL_Driver/Src/stm32f4xx_hal_flash.o
 .text.FLASH_Program_HalfWord
                0x080047ec       0x48 ./Drivers/STM32F4xx_HAL_Driver/Src/stm32f4xx_hal_flash.o
 .text.FLASH_Program_Byte
                0x08004834       0x44 ./Drivers/STM32F4xx_HAL_Driver/Src/stm32f4xx_hal_flash.o
 .text.FLASH_SetErrorCode
                0x08004878       0xac ./Drivers/STM32F4xx_HAL_Driver/Src/stm32f4xx_hal_flash.o
 .text.HAL_FLASHEx_Erase
                0x08004924       0xdc ./Drivers/STM32F4xx_HAL_Driver/Src/stm32f4xx_hal_flash_ex.o
                0x08004924                HAL_FLASHEx_Erase
 .text.FLASH_MassErase
                0x08004a00       0x48 ./Drivers/STM32F4xx_HAL_Driver/Src/stm32f4xx_hal_flash_ex.o
 .text.FLASH_Erase_Sector
                0x08004a48       0x90 ./Drivers/STM32F4xx_HAL_Driver/Src/stm32f4xx_hal_flash_ex.o
                0x08004a48                FLASH_Erase_Sector
 .text.FLASH_FlushCaches
                0x08004ad8       0x8c ./Drivers/STM32F4xx_HAL_Driver/Src/stm32f4xx_hal_flash_ex.o
                0x08004ad8                FLASH_FlushCaches
 .text.HAL_GPIO_Init
                0x08004b64      0x338 ./Drivers/STM32F4xx_HAL_Driver/Src/stm32f4xx_hal_gpio.o
                0x08004b64                HAL_GPIO_Init
 .text.HAL_GPIO_ReadPin
                0x08004e9c       0x30 ./Drivers/STM32F4xx_HAL_Driver/Src/stm32f4xx_hal_gpio.o
                0x08004e9c                HAL_GPIO_ReadPin
 .text.HAL_GPIO_WritePin
                0x08004ecc       0x32 ./Drivers/STM32F4xx_HAL_Driver/Src/stm32f4xx_hal_gpio.o
                0x08004ecc                HAL_GPIO_WritePin
 *fill*         0x08004efe        0x2 
 .text.HAL_GPIO_EXTI_IRQHandler
                0x08004f00       0x30 ./Drivers/STM32F4xx_HAL_Driver/Src/stm32f4xx_hal_gpio.o
                0x08004f00                HAL_GPIO_EXTI_IRQHandler
 .text.HAL_PCD_Init
                0x08004f30      0x21e ./Drivers/STM32F4xx_HAL_Driver/Src/stm32f4xx_hal_pcd.o
                0x08004f30                HAL_PCD_Init
 .text.HAL_PCD_Start
                0x0800514e       0x6a ./Drivers/STM32F4xx_HAL_Driver/Src/stm32f4xx_hal_pcd.o
                0x0800514e                HAL_PCD_Start
 .text.HAL_PCD_IRQHandler
                0x080051b8      0x942 ./Drivers/STM32F4xx_HAL_Driver/Src/stm32f4xx_hal_pcd.o
                0x080051b8                HAL_PCD_IRQHandler
 .text.HAL_PCD_SetAddress
                0x08005afa       0x48 ./Drivers/STM32F4xx_HAL_Driver/Src/stm32f4xx_hal_pcd.o
                0x08005afa                HAL_PCD_SetAddress
 .text.HAL_PCD_EP_Open
                0x08005b42       0xd4 ./Drivers/STM32F4xx_HAL_Driver/Src/stm32f4xx_hal_pcd.o
                0x08005b42                HAL_PCD_EP_Open
 .text.HAL_PCD_EP_Close
                0x08005c16       0x94 ./Drivers/STM32F4xx_HAL_Driver/Src/stm32f4xx_hal_pcd.o
                0x08005c16                HAL_PCD_EP_Close
 .text.HAL_PCD_EP_Receive
                0x08005caa       0x76 ./Drivers/STM32F4xx_HAL_Driver/Src/stm32f4xx_hal_pcd.o
                0x08005caa                HAL_PCD_EP_Receive
 .text.HAL_PCD_EP_GetRxCount
                0x08005d20       0x30 ./Drivers/STM32F4xx_HAL_Driver/Src/stm32f4xx_hal_pcd.o
                0x08005d20                HAL_PCD_EP_GetRxCount
 .text.HAL_PCD_EP_Transmit
                0x08005d50       0x74 ./Drivers/STM32F4xx_HAL_Driver/Src/stm32f4xx_hal_pcd.o
                0x08005d50                HAL_PCD_EP_Transmit
 .text.HAL_PCD_EP_SetStall
                0x08005dc4       0xc6 ./Drivers/STM32F4xx_HAL_Driver/Src/stm32f4xx_hal_pcd.o
                0x08005dc4                HAL_PCD_EP_SetStall
 .text.HAL_PCD_EP_ClrStall
                0x08005e8a       0xac ./Drivers/STM32F4xx_HAL_Driver/Src/stm32f4xx_hal_pcd.o
                0x08005e8a                HAL_PCD_EP_ClrStall
 .text.HAL_PCD_EP_Abort
                0x08005f36       0x62 ./Drivers/STM32F4xx_HAL_Driver/Src/stm32f4xx_hal_pcd.o
                0x08005f36                HAL_PCD_EP_Abort
 .text.PCD_WriteEmptyTxFifo
                0x08005f98      0x118 ./Drivers/STM32F4xx_HAL_Driver/Src/stm32f4xx_hal_pcd.o
 .text.PCD_EP_OutXfrComplete_int
                0x080060b0      0x1d0 ./Drivers/STM32F4xx_HAL_Driver/Src/stm32f4xx_hal_pcd.o
 .text.PCD_EP_OutSetupPacket_int
                0x08006280       0x8c ./Drivers/STM32F4xx_HAL_Driver/Src/stm32f4xx_hal_pcd.o
 .text.HAL_PCDEx_SetTxFiFo
                0x0800630c       0x8e ./Drivers/STM32F4xx_HAL_Driver/Src/stm32f4xx_hal_pcd_ex.o
                0x0800630c                HAL_PCDEx_SetTxFiFo
 .text.HAL_PCDEx_SetRxFiFo
                0x0800639a       0x22 ./Drivers/STM32F4xx_HAL_Driver/Src/stm32f4xx_hal_pcd_ex.o
                0x0800639a                HAL_PCDEx_SetRxFiFo
 .text.HAL_PCDEx_LPM_Callback
                0x080063bc       0x18 ./Drivers/STM32F4xx_HAL_Driver/Src/stm32f4xx_hal_pcd_ex.o
                0x080063bc                HAL_PCDEx_LPM_Callback
 .text.HAL_RCC_OscConfig
                0x080063d4      0x4f0 ./Drivers/STM32F4xx_HAL_Driver/Src/stm32f4xx_hal_rcc.o
                0x080063d4                HAL_RCC_OscConfig
 .text.HAL_RCC_ClockConfig
                0x080068c4      0x1cc ./Drivers/STM32F4xx_HAL_Driver/Src/stm32f4xx_hal_rcc.o
                0x080068c4                HAL_RCC_ClockConfig
 .text.HAL_RCC_GetSysClockFreq
                0x08006a90      0x20c ./Drivers/STM32F4xx_HAL_Driver/Src/stm32f4xx_hal_rcc.o
                0x08006a90                HAL_RCC_GetSysClockFreq
 .text.HAL_RCC_GetHCLKFreq
                0x08006c9c       0x18 ./Drivers/STM32F4xx_HAL_Driver/Src/stm32f4xx_hal_rcc.o
                0x08006c9c                HAL_RCC_GetHCLKFreq
 .text.HAL_RCC_GetPCLK1Freq
                0x08006cb4       0x28 ./Drivers/STM32F4xx_HAL_Driver/Src/stm32f4xx_hal_rcc.o
                0x08006cb4                HAL_RCC_GetPCLK1Freq
 .text.HAL_RCC_GetPCLK2Freq
                0x08006cdc       0x28 ./Drivers/STM32F4xx_HAL_Driver/Src/stm32f4xx_hal_rcc.o
                0x08006cdc                HAL_RCC_GetPCLK2Freq
 .text.HAL_TIM_Base_Init
                0x08006d04       0x9e ./Drivers/STM32F4xx_HAL_Driver/Src/stm32f4xx_hal_tim.o
                0x08006d04                HAL_TIM_Base_Init
 *fill*         0x08006da2        0x2 
 .text.HAL_TIM_Base_Start_IT
                0x08006da4       0xe0 ./Drivers/STM32F4xx_HAL_Driver/Src/stm32f4xx_hal_tim.o
                0x08006da4                HAL_TIM_Base_Start_IT
 .text.HAL_TIM_PWM_Init
                0x08006e84       0x9e ./Drivers/STM32F4xx_HAL_Driver/Src/stm32f4xx_hal_tim.o
                0x08006e84                HAL_TIM_PWM_Init
 .text.HAL_TIM_PWM_MspInit
                0x08006f22       0x14 ./Drivers/STM32F4xx_HAL_Driver/Src/stm32f4xx_hal_tim.o
                0x08006f22                HAL_TIM_PWM_MspInit
 *fill*         0x08006f36        0x2 
 .text.HAL_TIM_PWM_Start
                0x08006f38      0x190 ./Drivers/STM32F4xx_HAL_Driver/Src/stm32f4xx_hal_tim.o
                0x08006f38                HAL_TIM_PWM_Start
 .text.HAL_TIM_IRQHandler
                0x080070c8      0x1e0 ./Drivers/STM32F4xx_HAL_Driver/Src/stm32f4xx_hal_tim.o
                0x080070c8                HAL_TIM_IRQHandler
 .text.HAL_TIM_PWM_ConfigChannel
                0x080072a8      0x184 ./Drivers/STM32F4xx_HAL_Driver/Src/stm32f4xx_hal_tim.o
                0x080072a8                HAL_TIM_PWM_ConfigChannel
 .text.HAL_TIM_ConfigClockSource
                0x0800742c      0x18e ./Drivers/STM32F4xx_HAL_Driver/Src/stm32f4xx_hal_tim.o
                0x0800742c                HAL_TIM_ConfigClockSource
 .text.HAL_TIM_SlaveConfigSynchro
                0x080075ba       0x84 ./Drivers/STM32F4xx_HAL_Driver/Src/stm32f4xx_hal_tim.o
                0x080075ba                HAL_TIM_SlaveConfigSynchro
 .text.HAL_TIM_PeriodElapsedCallback
                0x0800763e       0x14 ./Drivers/STM32F4xx_HAL_Driver/Src/stm32f4xx_hal_tim.o
                0x0800763e                HAL_TIM_PeriodElapsedCallback
 .text.HAL_TIM_OC_DelayElapsedCallback
                0x08007652       0x14 ./Drivers/STM32F4xx_HAL_Driver/Src/stm32f4xx_hal_tim.o
                0x08007652                HAL_TIM_OC_DelayElapsedCallback
 .text.HAL_TIM_IC_CaptureCallback
                0x08007666       0x14 ./Drivers/STM32F4xx_HAL_Driver/Src/stm32f4xx_hal_tim.o
                0x08007666                HAL_TIM_IC_CaptureCallback
 .text.HAL_TIM_PWM_PulseFinishedCallback
                0x0800767a       0x14 ./Drivers/STM32F4xx_HAL_Driver/Src/stm32f4xx_hal_tim.o
                0x0800767a                HAL_TIM_PWM_PulseFinishedCallback
 .text.HAL_TIM_TriggerCallback
                0x0800768e       0x14 ./Drivers/STM32F4xx_HAL_Driver/Src/stm32f4xx_hal_tim.o
                0x0800768e                HAL_TIM_TriggerCallback
 *fill*         0x080076a2        0x2 
 .text.TIM_Base_SetConfig
                0x080076a4      0x14c ./Drivers/STM32F4xx_HAL_Driver/Src/stm32f4xx_hal_tim.o
                0x080076a4                TIM_Base_SetConfig
 .text.TIM_OC1_SetConfig
                0x080077f0       0xe0 ./Drivers/STM32F4xx_HAL_Driver/Src/stm32f4xx_hal_tim.o
 .text.TIM_OC2_SetConfig
                0x080078d0       0xec ./Drivers/STM32F4xx_HAL_Driver/Src/stm32f4xx_hal_tim.o
                0x080078d0                TIM_OC2_SetConfig
 .text.TIM_OC3_SetConfig
                0x080079bc       0xe8 ./Drivers/STM32F4xx_HAL_Driver/Src/stm32f4xx_hal_tim.o
 .text.TIM_OC4_SetConfig
                0x08007aa4       0xac ./Drivers/STM32F4xx_HAL_Driver/Src/stm32f4xx_hal_tim.o
 .text.TIM_SlaveTimer_SetConfig
                0x08007b50      0x122 ./Drivers/STM32F4xx_HAL_Driver/Src/stm32f4xx_hal_tim.o
 .text.TIM_TI1_ConfigInputStage
                0x08007c72       0x5e ./Drivers/STM32F4xx_HAL_Driver/Src/stm32f4xx_hal_tim.o
 .text.TIM_TI2_ConfigInputStage
                0x08007cd0       0x60 ./Drivers/STM32F4xx_HAL_Driver/Src/stm32f4xx_hal_tim.o
 .text.TIM_ITRx_SetConfig
                0x08007d30       0x36 ./Drivers/STM32F4xx_HAL_Driver/Src/stm32f4xx_hal_tim.o
 .text.TIM_ETR_SetConfig
                0x08007d66       0x40 ./Drivers/STM32F4xx_HAL_Driver/Src/stm32f4xx_hal_tim.o
                0x08007d66                TIM_ETR_SetConfig
 .text.TIM_CCxChannelCmd
                0x08007da6       0x4a ./Drivers/STM32F4xx_HAL_Driver/Src/stm32f4xx_hal_tim.o
                0x08007da6                TIM_CCxChannelCmd
 .text.HAL_TIMEx_MasterConfigSynchronization
                0x08007df0       0xf8 ./Drivers/STM32F4xx_HAL_Driver/Src/stm32f4xx_hal_tim_ex.o
                0x08007df0                HAL_TIMEx_MasterConfigSynchronization
 .text.HAL_TIMEx_ConfigBreakDeadTime
                0x08007ee8       0xa4 ./Drivers/STM32F4xx_HAL_Driver/Src/stm32f4xx_hal_tim_ex.o
                0x08007ee8                HAL_TIMEx_ConfigBreakDeadTime
 .text.HAL_TIMEx_CommutCallback
                0x08007f8c       0x14 ./Drivers/STM32F4xx_HAL_Driver/Src/stm32f4xx_hal_tim_ex.o
                0x08007f8c                HAL_TIMEx_CommutCallback
 .text.HAL_TIMEx_BreakCallback
                0x08007fa0       0x14 ./Drivers/STM32F4xx_HAL_Driver/Src/stm32f4xx_hal_tim_ex.o
                0x08007fa0                HAL_TIMEx_BreakCallback
 .text.HAL_UART_Init
                0x08007fb4       0xa0 ./Drivers/STM32F4xx_HAL_Driver/Src/stm32f4xx_hal_uart.o
                0x08007fb4                HAL_UART_Init
 .text.HAL_UART_Transmit
                0x08008054      0x116 ./Drivers/STM32F4xx_HAL_Driver/Src/stm32f4xx_hal_uart.o
                0x08008054                HAL_UART_Transmit
 .text.HAL_UARTEx_ReceiveToIdle_DMA
                0x0800816a       0xb2 ./Drivers/STM32F4xx_HAL_Driver/Src/stm32f4xx_hal_uart.o
                0x0800816a                HAL_UARTEx_ReceiveToIdle_DMA
 .text.HAL_UART_IRQHandler
                0x0800821c      0x554 ./Drivers/STM32F4xx_HAL_Driver/Src/stm32f4xx_hal_uart.o
                0x0800821c                HAL_UART_IRQHandler
 .text.HAL_UART_TxCpltCallback
                0x08008770       0x14 ./Drivers/STM32F4xx_HAL_Driver/Src/stm32f4xx_hal_uart.o
                0x08008770                HAL_UART_TxCpltCallback
 .text.HAL_UART_RxCpltCallback
                0x08008784       0x14 ./Drivers/STM32F4xx_HAL_Driver/Src/stm32f4xx_hal_uart.o
                0x08008784                HAL_UART_RxCpltCallback
 .text.HAL_UART_RxHalfCpltCallback
                0x08008798       0x14 ./Drivers/STM32F4xx_HAL_Driver/Src/stm32f4xx_hal_uart.o
                0x08008798                HAL_UART_RxHalfCpltCallback
 .text.HAL_UART_ErrorCallback
                0x080087ac       0x14 ./Drivers/STM32F4xx_HAL_Driver/Src/stm32f4xx_hal_uart.o
                0x080087ac                HAL_UART_ErrorCallback
 .text.UART_DMAReceiveCplt
                0x080087c0      0x12c ./Drivers/STM32F4xx_HAL_Driver/Src/stm32f4xx_hal_uart.o
 .text.UART_DMARxHalfCplt
                0x080088ec       0x3c ./Drivers/STM32F4xx_HAL_Driver/Src/stm32f4xx_hal_uart.o
 .text.UART_DMAError
                0x08008928       0x94 ./Drivers/STM32F4xx_HAL_Driver/Src/stm32f4xx_hal_uart.o
 .text.UART_WaitOnFlagUntilTimeout
                0x080089bc       0xb2 ./Drivers/STM32F4xx_HAL_Driver/Src/stm32f4xx_hal_uart.o
 *fill*         0x08008a6e        0x2 
 .text.UART_Start_Receive_DMA
                0x08008a70      0x14c ./Drivers/STM32F4xx_HAL_Driver/Src/stm32f4xx_hal_uart.o
                0x08008a70                UART_Start_Receive_DMA
 .text.UART_EndTxTransfer
                0x08008bbc       0x50 ./Drivers/STM32F4xx_HAL_Driver/Src/stm32f4xx_hal_uart.o
 .text.UART_EndRxTransfer
                0x08008c0c       0xc6 ./Drivers/STM32F4xx_HAL_Driver/Src/stm32f4xx_hal_uart.o
 .text.UART_DMAAbortOnError
                0x08008cd2       0x22 ./Drivers/STM32F4xx_HAL_Driver/Src/stm32f4xx_hal_uart.o
 .text.UART_Transmit_IT
                0x08008cf4       0xa0 ./Drivers/STM32F4xx_HAL_Driver/Src/stm32f4xx_hal_uart.o
 .text.UART_EndTransmit_IT
                0x08008d94       0x30 ./Drivers/STM32F4xx_HAL_Driver/Src/stm32f4xx_hal_uart.o
 .text.UART_Receive_IT
                0x08008dc4      0x17c ./Drivers/STM32F4xx_HAL_Driver/Src/stm32f4xx_hal_uart.o
 .text.UART_SetConfig
                0x08008f40      0x4e8 ./Drivers/STM32F4xx_HAL_Driver/Src/stm32f4xx_hal_uart.o
 .text.USB_CoreInit
                0x08009428       0xc8 ./Drivers/STM32F4xx_HAL_Driver/Src/stm32f4xx_ll_usb.o
                0x08009428                USB_CoreInit
 .text.USB_SetTurnaroundTime
                0x080094f0      0x144 ./Drivers/STM32F4xx_HAL_Driver/Src/stm32f4xx_ll_usb.o
                0x080094f0                USB_SetTurnaroundTime
 .text.USB_EnableGlobalInt
                0x08009634       0x22 ./Drivers/STM32F4xx_HAL_Driver/Src/stm32f4xx_ll_usb.o
                0x08009634                USB_EnableGlobalInt
 .text.USB_DisableGlobalInt
                0x08009656       0x22 ./Drivers/STM32F4xx_HAL_Driver/Src/stm32f4xx_ll_usb.o
                0x08009656                USB_DisableGlobalInt
 .text.USB_SetCurrentMode
                0x08009678       0x98 ./Drivers/STM32F4xx_HAL_Driver/Src/stm32f4xx_ll_usb.o
                0x08009678                USB_SetCurrentMode
 .text.USB_DevInit
                0x08009710      0x2c8 ./Drivers/STM32F4xx_HAL_Driver/Src/stm32f4xx_ll_usb.o
                0x08009710                USB_DevInit
 .text.USB_FlushTxFifo
                0x080099d8       0x64 ./Drivers/STM32F4xx_HAL_Driver/Src/stm32f4xx_ll_usb.o
                0x080099d8                USB_FlushTxFifo
 .text.USB_FlushRxFifo
                0x08009a3c       0x5c ./Drivers/STM32F4xx_HAL_Driver/Src/stm32f4xx_ll_usb.o
                0x08009a3c                USB_FlushRxFifo
 .text.USB_SetDevSpeed
                0x08009a98       0x32 ./Drivers/STM32F4xx_HAL_Driver/Src/stm32f4xx_ll_usb.o
                0x08009a98                USB_SetDevSpeed
 .text.USB_GetDevSpeed
                0x08009aca       0x4a ./Drivers/STM32F4xx_HAL_Driver/Src/stm32f4xx_ll_usb.o
                0x08009aca                USB_GetDevSpeed
 .text.USB_ActivateEndpoint
                0x08009b14      0x10e ./Drivers/STM32F4xx_HAL_Driver/Src/stm32f4xx_ll_usb.o
                0x08009b14                USB_ActivateEndpoint
 *fill*         0x08009c22        0x2 
 .text.USB_DeactivateEndpoint
                0x08009c24      0x1b8 ./Drivers/STM32F4xx_HAL_Driver/Src/stm32f4xx_ll_usb.o
                0x08009c24                USB_DeactivateEndpoint
 .text.USB_EPStartXfer
                0x08009ddc      0x53c ./Drivers/STM32F4xx_HAL_Driver/Src/stm32f4xx_ll_usb.o
                0x08009ddc                USB_EPStartXfer
 .text.USB_EPStopXfer
                0x0800a318      0x154 ./Drivers/STM32F4xx_HAL_Driver/Src/stm32f4xx_ll_usb.o
                0x0800a318                USB_EPStopXfer
 .text.USB_WritePacket
                0x0800a46c       0x7c ./Drivers/STM32F4xx_HAL_Driver/Src/stm32f4xx_ll_usb.o
                0x0800a46c                USB_WritePacket
 .text.USB_ReadPacket
                0x0800a4e8       0xb0 ./Drivers/STM32F4xx_HAL_Driver/Src/stm32f4xx_ll_usb.o
                0x0800a4e8                USB_ReadPacket
 .text.USB_EPSetStall
                0x0800a598       0xdc ./Drivers/STM32F4xx_HAL_Driver/Src/stm32f4xx_ll_usb.o
                0x0800a598                USB_EPSetStall
 .text.USB_EPClearStall
                0x0800a674       0xcc ./Drivers/STM32F4xx_HAL_Driver/Src/stm32f4xx_ll_usb.o
                0x0800a674                USB_EPClearStall
 .text.USB_SetDevAddress
                0x0800a740       0x4c ./Drivers/STM32F4xx_HAL_Driver/Src/stm32f4xx_ll_usb.o
                0x0800a740                USB_SetDevAddress
 .text.USB_DevConnect
                0x0800a78c       0x42 ./Drivers/STM32F4xx_HAL_Driver/Src/stm32f4xx_ll_usb.o
                0x0800a78c                USB_DevConnect
 .text.USB_DevDisconnect
                0x0800a7ce       0x42 ./Drivers/STM32F4xx_HAL_Driver/Src/stm32f4xx_ll_usb.o
                0x0800a7ce                USB_DevDisconnect
 .text.USB_ReadInterrupts
                0x0800a810       0x26 ./Drivers/STM32F4xx_HAL_Driver/Src/stm32f4xx_ll_usb.o
                0x0800a810                USB_ReadInterrupts
 .text.USB_ReadDevAllOutEpInterrupt
                0x0800a836       0x34 ./Drivers/STM32F4xx_HAL_Driver/Src/stm32f4xx_ll_usb.o
                0x0800a836                USB_ReadDevAllOutEpInterrupt
 .text.USB_ReadDevAllInEpInterrupt
                0x0800a86a       0x34 ./Drivers/STM32F4xx_HAL_Driver/Src/stm32f4xx_ll_usb.o
                0x0800a86a                USB_ReadDevAllInEpInterrupt
 .text.USB_ReadDevOutEPInterrupt
                0x0800a89e       0x3c ./Drivers/STM32F4xx_HAL_Driver/Src/stm32f4xx_ll_usb.o
                0x0800a89e                USB_ReadDevOutEPInterrupt
 .text.USB_ReadDevInEPInterrupt
                0x0800a8da       0x5c ./Drivers/STM32F4xx_HAL_Driver/Src/stm32f4xx_ll_usb.o
                0x0800a8da                USB_ReadDevInEPInterrupt
 .text.USB_GetMode
                0x0800a936       0x1c ./Drivers/STM32F4xx_HAL_Driver/Src/stm32f4xx_ll_usb.o
                0x0800a936                USB_GetMode
 .text.USB_ActivateSetup
                0x0800a952       0x46 ./Drivers/STM32F4xx_HAL_Driver/Src/stm32f4xx_ll_usb.o
                0x0800a952                USB_ActivateSetup
 .text.USB_EP0_OutStart
                0x0800a998       0xbc ./Drivers/STM32F4xx_HAL_Driver/Src/stm32f4xx_ll_usb.o
                0x0800a998                USB_EP0_OutStart
 .text.USB_CoreReset
                0x0800aa54       0x70 ./Drivers/STM32F4xx_HAL_Driver/Src/stm32f4xx_ll_usb.o
 .text.USBD_CDC_Init
                0x0800aac4      0x1f0 ./Middlewares/ST/STM32_USB_Device_Library/Class/CDC/Src/usbd_cdc.o
 .text.USBD_CDC_DeInit
                0x0800acb4      0x104 ./Middlewares/ST/STM32_USB_Device_Library/Class/CDC/Src/usbd_cdc.o
 .text.USBD_CDC_Setup
                0x0800adb8      0x1b8 ./Middlewares/ST/STM32_USB_Device_Library/Class/CDC/Src/usbd_cdc.o
 .text.USBD_CDC_DataIn
                0x0800af70       0xfe ./Middlewares/ST/STM32_USB_Device_Library/Class/CDC/Src/usbd_cdc.o
 .text.USBD_CDC_DataOut
                0x0800b06e       0x70 ./Middlewares/ST/STM32_USB_Device_Library/Class/CDC/Src/usbd_cdc.o
 .text.USBD_CDC_EP0_RxReady
                0x0800b0de       0x74 ./Middlewares/ST/STM32_USB_Device_Library/Class/CDC/Src/usbd_cdc.o
 *fill*         0x0800b152        0x2 
 .text.USBD_CDC_GetFSCfgDesc
                0x0800b154       0x70 ./Middlewares/ST/STM32_USB_Device_Library/Class/CDC/Src/usbd_cdc.o
 .text.USBD_CDC_GetHSCfgDesc
                0x0800b1c4       0x70 ./Middlewares/ST/STM32_USB_Device_Library/Class/CDC/Src/usbd_cdc.o
 .text.USBD_CDC_GetOtherSpeedCfgDesc
                0x0800b234       0x70 ./Middlewares/ST/STM32_USB_Device_Library/Class/CDC/Src/usbd_cdc.o
 .text.USBD_CDC_GetDeviceQualifierDescriptor
                0x0800b2a4       0x20 ./Middlewares/ST/STM32_USB_Device_Library/Class/CDC/Src/usbd_cdc.o
                0x0800b2a4                USBD_CDC_GetDeviceQualifierDescriptor
 .text.USBD_CDC_RegisterInterface
                0x0800b2c4       0x34 ./Middlewares/ST/STM32_USB_Device_Library/Class/CDC/Src/usbd_cdc.o
                0x0800b2c4                USBD_CDC_RegisterInterface
 .text.USBD_CDC_SetTxBuffer
                0x0800b2f8       0x44 ./Middlewares/ST/STM32_USB_Device_Library/Class/CDC/Src/usbd_cdc.o
                0x0800b2f8                USBD_CDC_SetTxBuffer
 .text.USBD_CDC_SetRxBuffer
                0x0800b33c       0x3a ./Middlewares/ST/STM32_USB_Device_Library/Class/CDC/Src/usbd_cdc.o
                0x0800b33c                USBD_CDC_SetRxBuffer
 *fill*         0x0800b376        0x2 
 .text.USBD_CDC_ReceivePacket
                0x0800b378       0x6c ./Middlewares/ST/STM32_USB_Device_Library/Class/CDC/Src/usbd_cdc.o
                0x0800b378                USBD_CDC_ReceivePacket
 .text.USBD_Init
                0x0800b3e4       0x60 ./Middlewares/ST/STM32_USB_Device_Library/Core/Src/usbd_core.o
                0x0800b3e4                USBD_Init
 .text.USBD_RegisterClass
                0x0800b444       0x6c ./Middlewares/ST/STM32_USB_Device_Library/Core/Src/usbd_core.o
                0x0800b444                USBD_RegisterClass
 .text.USBD_Start
                0x0800b4b0       0x18 ./Middlewares/ST/STM32_USB_Device_Library/Core/Src/usbd_core.o
                0x0800b4b0                USBD_Start
 .text.USBD_RunTestMode
                0x0800b4c8       0x16 ./Middlewares/ST/STM32_USB_Device_Library/Core/Src/usbd_core.o
                0x0800b4c8                USBD_RunTestMode
 .text.USBD_SetClassConfig
                0x0800b4de       0x38 ./Middlewares/ST/STM32_USB_Device_Library/Core/Src/usbd_core.o
                0x0800b4de                USBD_SetClassConfig
 .text.USBD_ClrClassConfig
                0x0800b516       0x34 ./Middlewares/ST/STM32_USB_Device_Library/Core/Src/usbd_core.o
                0x0800b516                USBD_ClrClassConfig
 .text.USBD_LL_SetupStage
                0x0800b54a       0xaa ./Middlewares/ST/STM32_USB_Device_Library/Core/Src/usbd_core.o
                0x0800b54a                USBD_LL_SetupStage
 .text.USBD_LL_DataOutStage
                0x0800b5f4      0x178 ./Middlewares/ST/STM32_USB_Device_Library/Core/Src/usbd_core.o
                0x0800b5f4                USBD_LL_DataOutStage
 .text.USBD_LL_DataInStage
                0x0800b76c      0x176 ./Middlewares/ST/STM32_USB_Device_Library/Core/Src/usbd_core.o
                0x0800b76c                USBD_LL_DataInStage
 .text.USBD_LL_Reset
                0x0800b8e2       0xa6 ./Middlewares/ST/STM32_USB_Device_Library/Core/Src/usbd_core.o
                0x0800b8e2                USBD_LL_Reset
 .text.USBD_LL_SetSpeed
                0x0800b988       0x20 ./Middlewares/ST/STM32_USB_Device_Library/Core/Src/usbd_core.o
                0x0800b988                USBD_LL_SetSpeed
 .text.USBD_LL_Suspend
                0x0800b9a8       0x38 ./Middlewares/ST/STM32_USB_Device_Library/Core/Src/usbd_core.o
                0x0800b9a8                USBD_LL_Suspend
 .text.USBD_LL_Resume
                0x0800b9e0       0x30 ./Middlewares/ST/STM32_USB_Device_Library/Core/Src/usbd_core.o
                0x0800b9e0                USBD_LL_Resume
 .text.USBD_LL_SOF
                0x0800ba10       0x40 ./Middlewares/ST/STM32_USB_Device_Library/Core/Src/usbd_core.o
                0x0800ba10                USBD_LL_SOF
 .text.USBD_LL_IsoINIncomplete
                0x0800ba50       0x64 ./Middlewares/ST/STM32_USB_Device_Library/Core/Src/usbd_core.o
                0x0800ba50                USBD_LL_IsoINIncomplete
 .text.USBD_LL_IsoOUTIncomplete
                0x0800bab4       0x64 ./Middlewares/ST/STM32_USB_Device_Library/Core/Src/usbd_core.o
                0x0800bab4                USBD_LL_IsoOUTIncomplete
 .text.USBD_LL_DevConnected
                0x0800bb18       0x16 ./Middlewares/ST/STM32_USB_Device_Library/Core/Src/usbd_core.o
                0x0800bb18                USBD_LL_DevConnected
 .text.USBD_LL_DevDisconnected
                0x0800bb2e       0x46 ./Middlewares/ST/STM32_USB_Device_Library/Core/Src/usbd_core.o
                0x0800bb2e                USBD_LL_DevDisconnected
 .text.USBD_CoreFindIF
                0x0800bb74       0x1a ./Middlewares/ST/STM32_USB_Device_Library/Core/Src/usbd_core.o
                0x0800bb74                USBD_CoreFindIF
 .text.USBD_CoreFindEP
                0x0800bb8e       0x1a ./Middlewares/ST/STM32_USB_Device_Library/Core/Src/usbd_core.o
                0x0800bb8e                USBD_CoreFindEP
 .text.USBD_GetEpDesc
                0x0800bba8       0x70 ./Middlewares/ST/STM32_USB_Device_Library/Core/Src/usbd_core.o
                0x0800bba8                USBD_GetEpDesc
 .text.USBD_GetNextDesc
                0x0800bc18       0x38 ./Middlewares/ST/STM32_USB_Device_Library/Core/Src/usbd_core.o
                0x0800bc18                USBD_GetNextDesc
 .text.SWAPBYTE
                0x0800bc50       0x3c ./Middlewares/ST/STM32_USB_Device_Library/Core/Src/usbd_ctlreq.o
 .text.USBD_StdDevReq
                0x0800bc8c       0xe4 ./Middlewares/ST/STM32_USB_Device_Library/Core/Src/usbd_ctlreq.o
                0x0800bc8c                USBD_StdDevReq
 .text.USBD_StdItfReq
                0x0800bd70       0xd8 ./Middlewares/ST/STM32_USB_Device_Library/Core/Src/usbd_ctlreq.o
                0x0800bd70                USBD_StdItfReq
 .text.USBD_StdEPReq
                0x0800be48      0x33e ./Middlewares/ST/STM32_USB_Device_Library/Core/Src/usbd_ctlreq.o
                0x0800be48                USBD_StdEPReq
 *fill*         0x0800c186        0x2 
 .text.USBD_GetDescriptor
                0x0800c188      0x2d4 ./Middlewares/ST/STM32_USB_Device_Library/Core/Src/usbd_ctlreq.o
 .text.USBD_SetAddress
                0x0800c45c       0x88 ./Middlewares/ST/STM32_USB_Device_Library/Core/Src/usbd_ctlreq.o
 .text.USBD_SetConfig
                0x0800c4e4      0x154 ./Middlewares/ST/STM32_USB_Device_Library/Core/Src/usbd_ctlreq.o
 .text.USBD_GetConfig
                0x0800c638       0x6c ./Middlewares/ST/STM32_USB_Device_Library/Core/Src/usbd_ctlreq.o
 .text.USBD_GetStatus
                0x0800c6a4       0x68 ./Middlewares/ST/STM32_USB_Device_Library/Core/Src/usbd_ctlreq.o
 .text.USBD_SetFeature
                0x0800c70c       0x52 ./Middlewares/ST/STM32_USB_Device_Library/Core/Src/usbd_ctlreq.o
 .text.USBD_ClrFeature
                0x0800c75e       0x44 ./Middlewares/ST/STM32_USB_Device_Library/Core/Src/usbd_ctlreq.o
 .text.USBD_ParseSetupRequest
                0x0800c7a2       0x74 ./Middlewares/ST/STM32_USB_Device_Library/Core/Src/usbd_ctlreq.o
                0x0800c7a2                USBD_ParseSetupRequest
 .text.USBD_CtlError
                0x0800c816       0x22 ./Middlewares/ST/STM32_USB_Device_Library/Core/Src/usbd_ctlreq.o
                0x0800c816                USBD_CtlError
 .text.USBD_GetString
                0x0800c838       0xa4 ./Middlewares/ST/STM32_USB_Device_Library/Core/Src/usbd_ctlreq.o
                0x0800c838                USBD_GetString
 .text.USBD_GetLen
                0x0800c8dc       0x34 ./Middlewares/ST/STM32_USB_Device_Library/Core/Src/usbd_ctlreq.o
 .text.USBD_CtlSendData
                0x0800c910       0x3c ./Middlewares/ST/STM32_USB_Device_Library/Core/Src/usbd_ioreq.o
                0x0800c910                USBD_CtlSendData
 .text.USBD_CtlContinueSendData
                0x0800c94c       0x22 ./Middlewares/ST/STM32_USB_Device_Library/Core/Src/usbd_ioreq.o
                0x0800c94c                USBD_CtlContinueSendData
 .text.USBD_CtlPrepareRx
                0x0800c96e       0x42 ./Middlewares/ST/STM32_USB_Device_Library/Core/Src/usbd_ioreq.o
                0x0800c96e                USBD_CtlPrepareRx
 .text.USBD_CtlContinueRx
                0x0800c9b0       0x22 ./Middlewares/ST/STM32_USB_Device_Library/Core/Src/usbd_ioreq.o
                0x0800c9b0                USBD_CtlContinueRx
 .text.USBD_CtlSendStatus
                0x0800c9d2       0x26 ./Middlewares/ST/STM32_USB_Device_Library/Core/Src/usbd_ioreq.o
                0x0800c9d2                USBD_CtlSendStatus
 .text.USBD_CtlReceiveStatus
                0x0800c9f8       0x26 ./Middlewares/ST/STM32_USB_Device_Library/Core/Src/usbd_ioreq.o
                0x0800c9f8                USBD_CtlReceiveStatus
 *fill*         0x0800ca1e        0x2 
 .text.MX_USB_DEVICE_Init
                0x0800ca20       0x60 ./USB_DEVICE/App/usb_device.o
                0x0800ca20                MX_USB_DEVICE_Init
 .text.CDC_Init_FS
                0x0800ca80       0x28 ./USB_DEVICE/App/usbd_cdc_if.o
 .text.CDC_DeInit_FS
                0x0800caa8       0x10 ./USB_DEVICE/App/usbd_cdc_if.o
 .text.CDC_Control_FS
                0x0800cab8       0xbc ./USB_DEVICE/App/usbd_cdc_if.o
 .text.CDC_Receive_FS
                0x0800cb74       0x28 ./USB_DEVICE/App/usbd_cdc_if.o
 .text.CDC_TransmitCplt_FS
                0x0800cb9c       0x22 ./USB_DEVICE/App/usbd_cdc_if.o
 *fill*         0x0800cbbe        0x2 
 .text.USBD_FS_DeviceDescriptor
                0x0800cbc0       0x24 ./USB_DEVICE/App/usbd_desc.o
                0x0800cbc0                USBD_FS_DeviceDescriptor
 .text.USBD_FS_LangIDStrDescriptor
                0x0800cbe4       0x24 ./USB_DEVICE/App/usbd_desc.o
                0x0800cbe4                USBD_FS_LangIDStrDescriptor
 .text.USBD_FS_ProductStrDescriptor
                0x0800cc08       0x3c ./USB_DEVICE/App/usbd_desc.o
                0x0800cc08                USBD_FS_ProductStrDescriptor
 .text.USBD_FS_ManufacturerStrDescriptor
                0x0800cc44       0x28 ./USB_DEVICE/App/usbd_desc.o
                0x0800cc44                USBD_FS_ManufacturerStrDescriptor
 .text.USBD_FS_SerialStrDescriptor
                0x0800cc6c       0x24 ./USB_DEVICE/App/usbd_desc.o
                0x0800cc6c                USBD_FS_SerialStrDescriptor
 .text.USBD_FS_ConfigStrDescriptor
                0x0800cc90       0x3c ./USB_DEVICE/App/usbd_desc.o
                0x0800cc90                USBD_FS_ConfigStrDescriptor
 .text.USBD_FS_InterfaceStrDescriptor
                0x0800cccc       0x3c ./USB_DEVICE/App/usbd_desc.o
                0x0800cccc                USBD_FS_InterfaceStrDescriptor
 .text.Get_SerialNum
                0x0800cd08       0x58 ./USB_DEVICE/App/usbd_desc.o
 .text.IntToUnicode
                0x0800cd60       0x7e ./USB_DEVICE/App/usbd_desc.o
 *fill*         0x0800cdde        0x2 
 .text.HAL_PCD_MspInit
                0x0800cde0       0xa8 ./USB_DEVICE/Target/usbd_conf.o
                0x0800cde0                HAL_PCD_MspInit
 .text.HAL_PCD_SetupStageCallback
                0x0800ce88       0x24 ./USB_DEVICE/Target/usbd_conf.o
                0x0800ce88                HAL_PCD_SetupStageCallback
 .text.HAL_PCD_DataOutStageCallback
                0x0800ceac       0x36 ./USB_DEVICE/Target/usbd_conf.o
                0x0800ceac                HAL_PCD_DataOutStageCallback
 .text.HAL_PCD_DataInStageCallback
                0x0800cee2       0x34 ./USB_DEVICE/Target/usbd_conf.o
                0x0800cee2                HAL_PCD_DataInStageCallback
 .text.HAL_PCD_SOFCallback
                0x0800cf16       0x1c ./USB_DEVICE/Target/usbd_conf.o
                0x0800cf16                HAL_PCD_SOFCallback
 .text.HAL_PCD_ResetCallback
                0x0800cf32       0x50 ./USB_DEVICE/Target/usbd_conf.o
                0x0800cf32                HAL_PCD_ResetCallback
 *fill*         0x0800cf82        0x2 
 .text.HAL_PCD_SuspendCallback
                0x0800cf84       0x4c ./USB_DEVICE/Target/usbd_conf.o
                0x0800cf84                HAL_PCD_SuspendCallback
 .text.HAL_PCD_ResumeCallback
                0x0800cfd0       0x1c ./USB_DEVICE/Target/usbd_conf.o
                0x0800cfd0                HAL_PCD_ResumeCallback
 .text.HAL_PCD_ISOOUTIncompleteCallback
                0x0800cfec       0x24 ./USB_DEVICE/Target/usbd_conf.o
                0x0800cfec                HAL_PCD_ISOOUTIncompleteCallback
 .text.HAL_PCD_ISOINIncompleteCallback
                0x0800d010       0x24 ./USB_DEVICE/Target/usbd_conf.o
                0x0800d010                HAL_PCD_ISOINIncompleteCallback
 .text.HAL_PCD_ConnectCallback
                0x0800d034       0x1c ./USB_DEVICE/Target/usbd_conf.o
                0x0800d034                HAL_PCD_ConnectCallback
 .text.HAL_PCD_DisconnectCallback
                0x0800d050       0x1c ./USB_DEVICE/Target/usbd_conf.o
                0x0800d050                HAL_PCD_DisconnectCallback
 .text.USBD_LL_Init
                0x0800d06c       0x98 ./USB_DEVICE/Target/usbd_conf.o
                0x0800d06c                USBD_LL_Init
 .text.USBD_LL_Start
                0x0800d104       0x36 ./USB_DEVICE/Target/usbd_conf.o
                0x0800d104                USBD_LL_Start
 .text.USBD_LL_OpenEP
                0x0800d13a       0x4c ./USB_DEVICE/Target/usbd_conf.o
                0x0800d13a                USBD_LL_OpenEP
 .text.USBD_LL_CloseEP
                0x0800d186       0x3e ./USB_DEVICE/Target/usbd_conf.o
                0x0800d186                USBD_LL_CloseEP
 .text.USBD_LL_StallEP
                0x0800d1c4       0x3e ./USB_DEVICE/Target/usbd_conf.o
                0x0800d1c4                USBD_LL_StallEP
 .text.USBD_LL_ClearStallEP
                0x0800d202       0x3e ./USB_DEVICE/Target/usbd_conf.o
                0x0800d202                USBD_LL_ClearStallEP
 .text.USBD_LL_IsStallEP
                0x0800d240       0x58 ./USB_DEVICE/Target/usbd_conf.o
                0x0800d240                USBD_LL_IsStallEP
 .text.USBD_LL_SetUSBAddress
                0x0800d298       0x3e ./USB_DEVICE/Target/usbd_conf.o
                0x0800d298                USBD_LL_SetUSBAddress
 .text.USBD_LL_Transmit
                0x0800d2d6       0x42 ./USB_DEVICE/Target/usbd_conf.o
                0x0800d2d6                USBD_LL_Transmit
 .text.USBD_LL_PrepareReceive
                0x0800d318       0x42 ./USB_DEVICE/Target/usbd_conf.o
                0x0800d318                USBD_LL_PrepareReceive
 .text.USBD_LL_GetRxDataSize
                0x0800d35a       0x26 ./USB_DEVICE/Target/usbd_conf.o
                0x0800d35a                USBD_LL_GetRxDataSize
 .text.USBD_static_malloc
                0x0800d380       0x1c ./USB_DEVICE/Target/usbd_conf.o
                0x0800d380                USBD_static_malloc
 .text.USBD_static_free
                0x0800d39c       0x14 ./USB_DEVICE/Target/usbd_conf.o
                0x0800d39c                USBD_static_free
 .text.USBD_Get_USB_Status
                0x0800d3b0       0x58 ./USB_DEVICE/Target/usbd_conf.o
                0x0800d3b0                USBD_Get_USB_Status
 .text.HMI_Init
                0x0800d408       0x20 ./modbus/RS232.o
                0x0800d408                HMI_Init
 .text.DecodeModbusRtu
                0x0800d428       0x62 ./modbus/RS232.o
                0x0800d428                DecodeModbusRtu
 *fill*         0x0800d48a        0x2 
 .text.HAL_UARTEx_RxEventCallback
                0x0800d48c       0xd0 ./modbus/RS232.o
                0x0800d48c                HAL_UARTEx_RxEventCallback
 .text.Get_Holding_Registers
                0x0800d55c       0x2c ./modbus/modbusSlave.o
                0x0800d55c                Get_Holding_Registers
 .text.Reset_Oxis
                0x0800d588       0x24 ./modbus/modbusSlave.o
                0x0800d588                Reset_Oxis
 .text.Copy_Holding_Registers
                0x0800d5ac       0x44 ./modbus/modbusSlave.o
                0x0800d5ac                Copy_Holding_Registers
 .text.Reset_Tray
                0x0800d5f0       0x24 ./modbus/modbusSlave.o
                0x0800d5f0                Reset_Tray
 .text.sendData
                0x0800d614       0x58 ./modbus/modbusSlave.o
                0x0800d614                sendData
 .text.modbusException
                0x0800d66c       0x40 ./modbus/modbusSlave.o
                0x0800d66c                modbusException
 .text.readHoldingRegs
                0x0800d6ac       0xe4 ./modbus/modbusSlave.o
                0x0800d6ac                readHoldingRegs
 .text.readInputRegs
                0x0800d790       0xe4 ./modbus/modbusSlave.o
                0x0800d790                readInputRegs
 .text.readCoils
                0x0800d874      0x160 ./modbus/modbusSlave.o
                0x0800d874                readCoils
 .text.readInputs
                0x0800d9d4      0x160 ./modbus/modbusSlave.o
                0x0800d9d4                readInputs
 .text.writeHoldingRegs
                0x0800db34       0xf8 ./modbus/modbusSlave.o
                0x0800db34                writeHoldingRegs
 .text.writeSingleReg
                0x0800dc2c       0x94 ./modbus/modbusSlave.o
                0x0800dc2c                writeSingleReg
 .text.writeSingleCoil
                0x0800dcc0       0xf8 ./modbus/modbusSlave.o
                0x0800dcc0                writeSingleCoil
 .text.writeMultiCoils
                0x0800ddb8      0x170 ./modbus/modbusSlave.o
                0x0800ddb8                writeMultiCoils
 .text.crc16    0x0800df28       0x6c ./modbus/modbus_crc.o
                0x0800df28                crc16
 .text.memset   0x0800df94       0x10 C:/ST/STM32CubeIDE_1.16.0/STM32CubeIDE/plugins/com.st.stm32cube.ide.mcu.externaltools.gnu-tools-for-stm32.12.3.rel1.win32_1.0.200.202406191623/tools/bin/../lib/gcc/arm-none-eabi/12.3.1/../../../../arm-none-eabi/lib/thumb/v7e-m+fp/hard\libc_nano.a(libc_a-memset.o)
                0x0800df94                memset
 .text.__errno  0x0800dfa4        0xc C:/ST/STM32CubeIDE_1.16.0/STM32CubeIDE/plugins/com.st.stm32cube.ide.mcu.externaltools.gnu-tools-for-stm32.12.3.rel1.win32_1.0.200.202406191623/tools/bin/../lib/gcc/arm-none-eabi/12.3.1/../../../../arm-none-eabi/lib/thumb/v7e-m+fp/hard\libc_nano.a(libc_a-errno.o)
                0x0800dfa4                __errno
 .text.__libc_init_array
                0x0800dfb0       0x48 C:/ST/STM32CubeIDE_1.16.0/STM32CubeIDE/plugins/com.st.stm32cube.ide.mcu.externaltools.gnu-tools-for-stm32.12.3.rel1.win32_1.0.200.202406191623/tools/bin/../lib/gcc/arm-none-eabi/12.3.1/../../../../arm-none-eabi/lib/thumb/v7e-m+fp/hard\libc_nano.a(libc_a-init.o)
                0x0800dfb0                __libc_init_array
 .text.atan2f   0x0800dff8        0x4 C:/ST/STM32CubeIDE_1.16.0/STM32CubeIDE/plugins/com.st.stm32cube.ide.mcu.externaltools.gnu-tools-for-stm32.12.3.rel1.win32_1.0.200.202406191623/tools/bin/../lib/gcc/arm-none-eabi/12.3.1/../../../../arm-none-eabi/lib/thumb/v7e-m+fp/hard\libm.a(libm_a-wf_atan2.o)
                0x0800dff8                atan2f
 .text.powf     0x0800dffc       0xae C:/ST/STM32CubeIDE_1.16.0/STM32CubeIDE/plugins/com.st.stm32cube.ide.mcu.externaltools.gnu-tools-for-stm32.12.3.rel1.win32_1.0.200.202406191623/tools/bin/../lib/gcc/arm-none-eabi/12.3.1/../../../../arm-none-eabi/lib/thumb/v7e-m+fp/hard\libm.a(libm_a-wf_pow.o)
                0x0800dffc                powf
 *fill*         0x0800e0aa        0x2 
 .text.sqrtf    0x0800e0ac       0x3c C:/ST/STM32CubeIDE_1.16.0/STM32CubeIDE/plugins/com.st.stm32cube.ide.mcu.externaltools.gnu-tools-for-stm32.12.3.rel1.win32_1.0.200.202406191623/tools/bin/../lib/gcc/arm-none-eabi/12.3.1/../../../../arm-none-eabi/lib/thumb/v7e-m+fp/hard\libm.a(libm_a-wf_sqrt.o)
                0x0800e0ac                sqrtf
 .text.cosf     0x0800e0e8       0x88 C:/ST/STM32CubeIDE_1.16.0/STM32CubeIDE/plugins/com.st.stm32cube.ide.mcu.externaltools.gnu-tools-for-stm32.12.3.rel1.win32_1.0.200.202406191623/tools/bin/../lib/gcc/arm-none-eabi/12.3.1/../../../../arm-none-eabi/lib/thumb/v7e-m+fp/hard\libm.a(libm_a-sf_cos.o)
                0x0800e0e8                cosf
 .text.sinf     0x0800e170       0x8c C:/ST/STM32CubeIDE_1.16.0/STM32CubeIDE/plugins/com.st.stm32cube.ide.mcu.externaltools.gnu-tools-for-stm32.12.3.rel1.win32_1.0.200.202406191623/tools/bin/../lib/gcc/arm-none-eabi/12.3.1/../../../../arm-none-eabi/lib/thumb/v7e-m+fp/hard\libm.a(libm_a-sf_sin.o)
                0x0800e170                sinf
 .text.finitef  0x0800e1fc       0x14 C:/ST/STM32CubeIDE_1.16.0/STM32CubeIDE/plugins/com.st.stm32cube.ide.mcu.externaltools.gnu-tools-for-stm32.12.3.rel1.win32_1.0.200.202406191623/tools/bin/../lib/gcc/arm-none-eabi/12.3.1/../../../../arm-none-eabi/lib/thumb/v7e-m+fp/hard\libm.a(libm_a-sf_finite.o)
                0x0800e1fc                finitef
 .text.__ieee754_sqrtf
                0x0800e210        0x6 C:/ST/STM32CubeIDE_1.16.0/STM32CubeIDE/plugins/com.st.stm32cube.ide.mcu.externaltools.gnu-tools-for-stm32.12.3.rel1.win32_1.0.200.202406191623/tools/bin/../lib/gcc/arm-none-eabi/12.3.1/../../../../arm-none-eabi/lib/thumb/v7e-m+fp/hard\libm.a(libm_a-ef_sqrt.o)
                0x0800e210                __ieee754_sqrtf
 *fill*         0x0800e216        0x2 
 .text.__kernel_cosf
                0x0800e218       0xb0 C:/ST/STM32CubeIDE_1.16.0/STM32CubeIDE/plugins/com.st.stm32cube.ide.mcu.externaltools.gnu-tools-for-stm32.12.3.rel1.win32_1.0.200.202406191623/tools/bin/../lib/gcc/arm-none-eabi/12.3.1/../../../../arm-none-eabi/lib/thumb/v7e-m+fp/hard\libm.a(libm_a-kf_cos.o)
                0x0800e218                __kernel_cosf
 .text.__kernel_sinf
                0x0800e2c8       0x90 C:/ST/STM32CubeIDE_1.16.0/STM32CubeIDE/plugins/com.st.stm32cube.ide.mcu.externaltools.gnu-tools-for-stm32.12.3.rel1.win32_1.0.200.202406191623/tools/bin/../lib/gcc/arm-none-eabi/12.3.1/../../../../arm-none-eabi/lib/thumb/v7e-m+fp/hard\libm.a(libm_a-kf_sin.o)
                0x0800e2c8                __kernel_sinf
 .text.__ieee754_atan2f
                0x0800e358      0x140 C:/ST/STM32CubeIDE_1.16.0/STM32CubeIDE/plugins/com.st.stm32cube.ide.mcu.externaltools.gnu-tools-for-stm32.12.3.rel1.win32_1.0.200.202406191623/tools/bin/../lib/gcc/arm-none-eabi/12.3.1/../../../../arm-none-eabi/lib/thumb/v7e-m+fp/hard\libm.a(libm_a-ef_atan2.o)
                0x0800e358                __ieee754_atan2f
 .text.__ieee754_powf
                0x0800e498      0x5a0 C:/ST/STM32CubeIDE_1.16.0/STM32CubeIDE/plugins/com.st.stm32cube.ide.mcu.externaltools.gnu-tools-for-stm32.12.3.rel1.win32_1.0.200.202406191623/tools/bin/../lib/gcc/arm-none-eabi/12.3.1/../../../../arm-none-eabi/lib/thumb/v7e-m+fp/hard\libm.a(libm_a-ef_pow.o)
                0x0800e498                __ieee754_powf
 .text.__ieee754_rem_pio2f
                0x0800ea38      0x260 C:/ST/STM32CubeIDE_1.16.0/STM32CubeIDE/plugins/com.st.stm32cube.ide.mcu.externaltools.gnu-tools-for-stm32.12.3.rel1.win32_1.0.200.202406191623/tools/bin/../lib/gcc/arm-none-eabi/12.3.1/../../../../arm-none-eabi/lib/thumb/v7e-m+fp/hard\libm.a(libm_a-ef_rem_pio2.o)
                0x0800ea38                __ieee754_rem_pio2f
 .text.atanf    0x0800ec98      0x1a8 C:/ST/STM32CubeIDE_1.16.0/STM32CubeIDE/plugins/com.st.stm32cube.ide.mcu.externaltools.gnu-tools-for-stm32.12.3.rel1.win32_1.0.200.202406191623/tools/bin/../lib/gcc/arm-none-eabi/12.3.1/../../../../arm-none-eabi/lib/thumb/v7e-m+fp/hard\libm.a(libm_a-sf_atan.o)
                0x0800ec98                atanf
 .text.fabsf    0x0800ee40        0xe C:/ST/STM32CubeIDE_1.16.0/STM32CubeIDE/plugins/com.st.stm32cube.ide.mcu.externaltools.gnu-tools-for-stm32.12.3.rel1.win32_1.0.200.202406191623/tools/bin/../lib/gcc/arm-none-eabi/12.3.1/../../../../arm-none-eabi/lib/thumb/v7e-m+fp/hard\libm.a(libm_a-sf_fabs.o)
                0x0800ee40                fabsf
 *fill*         0x0800ee4e        0x2 
 .text.scalbnf  0x0800ee50       0xcc C:/ST/STM32CubeIDE_1.16.0/STM32CubeIDE/plugins/com.st.stm32cube.ide.mcu.externaltools.gnu-tools-for-stm32.12.3.rel1.win32_1.0.200.202406191623/tools/bin/../lib/gcc/arm-none-eabi/12.3.1/../../../../arm-none-eabi/lib/thumb/v7e-m+fp/hard\libm.a(libm_a-sf_scalbn.o)
                0x0800ee50                scalbnf
 .text.with_errnof
                0x0800ef1c       0x1c C:/ST/STM32CubeIDE_1.16.0/STM32CubeIDE/plugins/com.st.stm32cube.ide.mcu.externaltools.gnu-tools-for-stm32.12.3.rel1.win32_1.0.200.202406191623/tools/bin/../lib/gcc/arm-none-eabi/12.3.1/../../../../arm-none-eabi/lib/thumb/v7e-m+fp/hard\libm.a(libm_a-math_errf.o)
 .text.xflowf   0x0800ef38       0x16 C:/ST/STM32CubeIDE_1.16.0/STM32CubeIDE/plugins/com.st.stm32cube.ide.mcu.externaltools.gnu-tools-for-stm32.12.3.rel1.win32_1.0.200.202406191623/tools/bin/../lib/gcc/arm-none-eabi/12.3.1/../../../../arm-none-eabi/lib/thumb/v7e-m+fp/hard\libm.a(libm_a-math_errf.o)
 *fill*         0x0800ef4e        0x2 
 .text.__math_uflowf
                0x0800ef50        0xc C:/ST/STM32CubeIDE_1.16.0/STM32CubeIDE/plugins/com.st.stm32cube.ide.mcu.externaltools.gnu-tools-for-stm32.12.3.rel1.win32_1.0.200.202406191623/tools/bin/../lib/gcc/arm-none-eabi/12.3.1/../../../../arm-none-eabi/lib/thumb/v7e-m+fp/hard\libm.a(libm_a-math_errf.o)
                0x0800ef50                __math_uflowf
 .text.__math_oflowf
                0x0800ef5c        0xc C:/ST/STM32CubeIDE_1.16.0/STM32CubeIDE/plugins/com.st.stm32cube.ide.mcu.externaltools.gnu-tools-for-stm32.12.3.rel1.win32_1.0.200.202406191623/tools/bin/../lib/gcc/arm-none-eabi/12.3.1/../../../../arm-none-eabi/lib/thumb/v7e-m+fp/hard\libm.a(libm_a-math_errf.o)
                0x0800ef5c                __math_oflowf
 .text.__kernel_rem_pio2f
                0x0800ef68      0x4e4 C:/ST/STM32CubeIDE_1.16.0/STM32CubeIDE/plugins/com.st.stm32cube.ide.mcu.externaltools.gnu-tools-for-stm32.12.3.rel1.win32_1.0.200.202406191623/tools/bin/../lib/gcc/arm-none-eabi/12.3.1/../../../../arm-none-eabi/lib/thumb/v7e-m+fp/hard\libm.a(libm_a-kf_rem_pio2.o)
                0x0800ef68                __kernel_rem_pio2f
 .text.floorf   0x0800f44c       0x88 C:/ST/STM32CubeIDE_1.16.0/STM32CubeIDE/plugins/com.st.stm32cube.ide.mcu.externaltools.gnu-tools-for-stm32.12.3.rel1.win32_1.0.200.202406191623/tools/bin/../lib/gcc/arm-none-eabi/12.3.1/../../../../arm-none-eabi/lib/thumb/v7e-m+fp/hard\libm.a(libm_a-sf_floor.o)
                0x0800f44c                floorf
 *(.glue_7)
 .glue_7        0x0800f4d4        0x0 linker stubs
 *(.glue_7t)
 .glue_7t       0x0800f4d4        0x0 linker stubs
 *(.eh_frame)
 .eh_frame      0x0800f4d4        0x0 C:/ST/STM32CubeIDE_1.16.0/STM32CubeIDE/plugins/com.st.stm32cube.ide.mcu.externaltools.gnu-tools-for-stm32.12.3.rel1.win32_1.0.200.202406191623/tools/bin/../lib/gcc/arm-none-eabi/12.3.1/thumb/v7e-m+fp/hard/crtbegin.o
 *(.init)
 .init          0x0800f4d4        0x4 C:/ST/STM32CubeIDE_1.16.0/STM32CubeIDE/plugins/com.st.stm32cube.ide.mcu.externaltools.gnu-tools-for-stm32.12.3.rel1.win32_1.0.200.202406191623/tools/bin/../lib/gcc/arm-none-eabi/12.3.1/thumb/v7e-m+fp/hard/crti.o
                0x0800f4d4                _init
 .init          0x0800f4d8        0x8 C:/ST/STM32CubeIDE_1.16.0/STM32CubeIDE/plugins/com.st.stm32cube.ide.mcu.externaltools.gnu-tools-for-stm32.12.3.rel1.win32_1.0.200.202406191623/tools/bin/../lib/gcc/arm-none-eabi/12.3.1/thumb/v7e-m+fp/hard/crtn.o
 *(.fini)
 .fini          0x0800f4e0        0x4 C:/ST/STM32CubeIDE_1.16.0/STM32CubeIDE/plugins/com.st.stm32cube.ide.mcu.externaltools.gnu-tools-for-stm32.12.3.rel1.win32_1.0.200.202406191623/tools/bin/../lib/gcc/arm-none-eabi/12.3.1/thumb/v7e-m+fp/hard/crti.o
                0x0800f4e0                _fini
 .fini          0x0800f4e4        0x8 C:/ST/STM32CubeIDE_1.16.0/STM32CubeIDE/plugins/com.st.stm32cube.ide.mcu.externaltools.gnu-tools-for-stm32.12.3.rel1.win32_1.0.200.202406191623/tools/bin/../lib/gcc/arm-none-eabi/12.3.1/thumb/v7e-m+fp/hard/crtn.o
                0x0800f4ec                        . = ALIGN (0x4)
                0x0800f4ec                        _etext = .

.vfp11_veneer   0x0800f4ec        0x0
 .vfp11_veneer  0x0800f4ec        0x0 linker stubs

.v4_bx          0x0800f4ec        0x0
 .v4_bx         0x0800f4ec        0x0 linker stubs

.iplt           0x0800f4ec        0x0
 .iplt          0x0800f4ec        0x0 C:/ST/STM32CubeIDE_1.16.0/STM32CubeIDE/plugins/com.st.stm32cube.ide.mcu.externaltools.gnu-tools-for-stm32.12.3.rel1.win32_1.0.200.202406191623/tools/bin/../lib/gcc/arm-none-eabi/12.3.1/thumb/v7e-m+fp/hard/crtbegin.o

.rodata         0x0800f4ec      0x8e4
                0x0800f4ec                        . = ALIGN (0x4)
 *(.rodata)
 .rodata        0x0800f4ec       0x46 ./USB_DEVICE/App/usbd_desc.o
 *(.rodata*)
 *fill*         0x0800f532        0x2 
 .rodata.jerk_table
                0x0800f534       0xc8 ./Core/Src/drive.o
                0x0800f534                jerk_table
 .rodata.triangle_array
                0x0800f5fc      0x194 ./Core/Src/drive.o
                0x0800f5fc                triangle_array
 .rodata.AHBPrescTable
                0x0800f790       0x10 ./Core/Src/system_stm32f4xx.o
                0x0800f790                AHBPrescTable
 .rodata.APBPrescTable
                0x0800f7a0        0x8 ./Core/Src/system_stm32f4xx.o
                0x0800f7a0                APBPrescTable
 .rodata.flagBitshiftOffset.0
                0x0800f7a8        0x8 ./Drivers/STM32F4xx_HAL_Driver/Src/stm32f4xx_hal_dma.o
 .rodata.table_crc_hi
                0x0800f7b0      0x100 ./modbus/modbus_crc.o
 .rodata.table_crc_lo
                0x0800f8b0      0x100 ./modbus/modbus_crc.o
 .rodata.CSWTCH.9
                0x0800f9b0        0xc C:/ST/STM32CubeIDE_1.16.0/STM32CubeIDE/plugins/com.st.stm32cube.ide.mcu.externaltools.gnu-tools-for-stm32.12.3.rel1.win32_1.0.200.202406191623/tools/bin/../lib/gcc/arm-none-eabi/12.3.1/../../../../arm-none-eabi/lib/thumb/v7e-m+fp/hard\libm.a(libm_a-ef_atan2.o)
 .rodata.CSWTCH.8
                0x0800f9bc        0xc C:/ST/STM32CubeIDE_1.16.0/STM32CubeIDE/plugins/com.st.stm32cube.ide.mcu.externaltools.gnu-tools-for-stm32.12.3.rel1.win32_1.0.200.202406191623/tools/bin/../lib/gcc/arm-none-eabi/12.3.1/../../../../arm-none-eabi/lib/thumb/v7e-m+fp/hard\libm.a(libm_a-ef_atan2.o)
 .rodata.dp_l   0x0800f9c8        0x8 C:/ST/STM32CubeIDE_1.16.0/STM32CubeIDE/plugins/com.st.stm32cube.ide.mcu.externaltools.gnu-tools-for-stm32.12.3.rel1.win32_1.0.200.202406191623/tools/bin/../lib/gcc/arm-none-eabi/12.3.1/../../../../arm-none-eabi/lib/thumb/v7e-m+fp/hard\libm.a(libm_a-ef_pow.o)
 .rodata.dp_h   0x0800f9d0        0x8 C:/ST/STM32CubeIDE_1.16.0/STM32CubeIDE/plugins/com.st.stm32cube.ide.mcu.externaltools.gnu-tools-for-stm32.12.3.rel1.win32_1.0.200.202406191623/tools/bin/../lib/gcc/arm-none-eabi/12.3.1/../../../../arm-none-eabi/lib/thumb/v7e-m+fp/hard\libm.a(libm_a-ef_pow.o)
 .rodata.bp     0x0800f9d8        0x8 C:/ST/STM32CubeIDE_1.16.0/STM32CubeIDE/plugins/com.st.stm32cube.ide.mcu.externaltools.gnu-tools-for-stm32.12.3.rel1.win32_1.0.200.202406191623/tools/bin/../lib/gcc/arm-none-eabi/12.3.1/../../../../arm-none-eabi/lib/thumb/v7e-m+fp/hard\libm.a(libm_a-ef_pow.o)
 .rodata.npio2_hw
                0x0800f9e0       0x80 C:/ST/STM32CubeIDE_1.16.0/STM32CubeIDE/plugins/com.st.stm32cube.ide.mcu.externaltools.gnu-tools-for-stm32.12.3.rel1.win32_1.0.200.202406191623/tools/bin/../lib/gcc/arm-none-eabi/12.3.1/../../../../arm-none-eabi/lib/thumb/v7e-m+fp/hard\libm.a(libm_a-ef_rem_pio2.o)
 .rodata.two_over_pi
                0x0800fa60      0x318 C:/ST/STM32CubeIDE_1.16.0/STM32CubeIDE/plugins/com.st.stm32cube.ide.mcu.externaltools.gnu-tools-for-stm32.12.3.rel1.win32_1.0.200.202406191623/tools/bin/../lib/gcc/arm-none-eabi/12.3.1/../../../../arm-none-eabi/lib/thumb/v7e-m+fp/hard\libm.a(libm_a-ef_rem_pio2.o)
 .rodata.atanlo
                0x0800fd78       0x10 C:/ST/STM32CubeIDE_1.16.0/STM32CubeIDE/plugins/com.st.stm32cube.ide.mcu.externaltools.gnu-tools-for-stm32.12.3.rel1.win32_1.0.200.202406191623/tools/bin/../lib/gcc/arm-none-eabi/12.3.1/../../../../arm-none-eabi/lib/thumb/v7e-m+fp/hard\libm.a(libm_a-sf_atan.o)
 .rodata.atanhi
                0x0800fd88       0x10 C:/ST/STM32CubeIDE_1.16.0/STM32CubeIDE/plugins/com.st.stm32cube.ide.mcu.externaltools.gnu-tools-for-stm32.12.3.rel1.win32_1.0.200.202406191623/tools/bin/../lib/gcc/arm-none-eabi/12.3.1/../../../../arm-none-eabi/lib/thumb/v7e-m+fp/hard\libm.a(libm_a-sf_atan.o)
 .rodata.PIo2   0x0800fd98       0x2c C:/ST/STM32CubeIDE_1.16.0/STM32CubeIDE/plugins/com.st.stm32cube.ide.mcu.externaltools.gnu-tools-for-stm32.12.3.rel1.win32_1.0.200.202406191623/tools/bin/../lib/gcc/arm-none-eabi/12.3.1/../../../../arm-none-eabi/lib/thumb/v7e-m+fp/hard\libm.a(libm_a-kf_rem_pio2.o)
 .rodata.init_jk
                0x0800fdc4        0xc C:/ST/STM32CubeIDE_1.16.0/STM32CubeIDE/plugins/com.st.stm32cube.ide.mcu.externaltools.gnu-tools-for-stm32.12.3.rel1.win32_1.0.200.202406191623/tools/bin/../lib/gcc/arm-none-eabi/12.3.1/../../../../arm-none-eabi/lib/thumb/v7e-m+fp/hard\libm.a(libm_a-kf_rem_pio2.o)
                0x0800fdd0                        . = ALIGN (0x4)

.ARM.extab      0x0800fdd0        0x0
                0x0800fdd0                        . = ALIGN (0x4)
 *(.ARM.extab* .gnu.linkonce.armextab.*)
                0x0800fdd0                        . = ALIGN (0x4)

.ARM            0x0800fdd0        0x8
                0x0800fdd0                        . = ALIGN (0x4)
                0x0800fdd0                        __exidx_start = .
 *(.ARM.exidx*)
 .ARM.exidx     0x0800fdd0        0x8 C:/ST/STM32CubeIDE_1.16.0/STM32CubeIDE/plugins/com.st.stm32cube.ide.mcu.externaltools.gnu-tools-for-stm32.12.3.rel1.win32_1.0.200.202406191623/tools/bin/../lib/gcc/arm-none-eabi/12.3.1/thumb/v7e-m+fp/hard\libgcc.a(_udivmoddi4.o)
                0x0800fdd8                        __exidx_end = .
                0x0800fdd8                        . = ALIGN (0x4)

.preinit_array  0x0800fdd8        0x0
                0x0800fdd8                        . = ALIGN (0x4)
                0x0800fdd8                        PROVIDE (__preinit_array_start = .)
 *(.preinit_array*)
                0x0800fdd8                        PROVIDE (__preinit_array_end = .)
                0x0800fdd8                        . = ALIGN (0x4)

.init_array     0x0800fdd8        0x4
                0x0800fdd8                        . = ALIGN (0x4)
                0x0800fdd8                        PROVIDE (__init_array_start = .)
 *(SORT_BY_NAME(.init_array.*))
 *(.init_array*)
 .init_array    0x0800fdd8        0x4 C:/ST/STM32CubeIDE_1.16.0/STM32CubeIDE/plugins/com.st.stm32cube.ide.mcu.externaltools.gnu-tools-for-stm32.12.3.rel1.win32_1.0.200.202406191623/tools/bin/../lib/gcc/arm-none-eabi/12.3.1/thumb/v7e-m+fp/hard/crtbegin.o
                0x0800fddc                        PROVIDE (__init_array_end = .)
                0x0800fddc                        . = ALIGN (0x4)

.fini_array     0x0800fddc        0x4
                0x0800fddc                        . = ALIGN (0x4)
                [!provide]                        PROVIDE (__fini_array_start = .)
 *(SORT_BY_NAME(.fini_array.*))
 *(.fini_array*)
 .fini_array    0x0800fddc        0x4 C:/ST/STM32CubeIDE_1.16.0/STM32CubeIDE/plugins/com.st.stm32cube.ide.mcu.externaltools.gnu-tools-for-stm32.12.3.rel1.win32_1.0.200.202406191623/tools/bin/../lib/gcc/arm-none-eabi/12.3.1/thumb/v7e-m+fp/hard/crtbegin.o
                [!provide]                        PROVIDE (__fini_array_end = .)
                0x0800fde0                        . = ALIGN (0x4)
                0x0800fde0                        _sidata = LOADADDR (.data)

.rel.dyn        0x0800fde0        0x0
 .rel.iplt      0x0800fde0        0x0 C:/ST/STM32CubeIDE_1.16.0/STM32CubeIDE/plugins/com.st.stm32cube.ide.mcu.externaltools.gnu-tools-for-stm32.12.3.rel1.win32_1.0.200.202406191623/tools/bin/../lib/gcc/arm-none-eabi/12.3.1/thumb/v7e-m+fp/hard/crtbegin.o

.data           0x20000000      0x258 load address 0x0800fde0
                0x20000000                        . = ALIGN (0x4)
                0x20000000                        _sdata = .
 *(.data)
 *(.data*)
 .data.home     0x20000000        0x1 ./Core/Src/mgr_hmi.o
                0x20000000                home
 *fill*         0x20000001        0x3 
 .data.Map_main
                0x20000004       0x1c ./Core/Src/mgr_hmi.o
                0x20000004                Map_main
 .data.Handel_buttonTable
                0x20000020       0x18 ./Core/Src/mgr_hmi.o
                0x20000020                Handel_buttonTable
 .data.motorMoveTable
                0x20000038       0x98 ./Core/Src/mgr_hmi.o
                0x20000038                motorMoveTable
 .data.SystemCoreClock
                0x200000d0        0x4 ./Core/Src/system_stm32f4xx.o
                0x200000d0                SystemCoreClock
 .data.uwTickPrio
                0x200000d4        0x4 ./Drivers/STM32F4xx_HAL_Driver/Src/stm32f4xx_hal.o
                0x200000d4                uwTickPrio
 .data.uwTickFreq
                0x200000d8        0x1 ./Drivers/STM32F4xx_HAL_Driver/Src/stm32f4xx_hal.o
                0x200000d8                uwTickFreq
 *fill*         0x200000d9        0x3 
 .data.pFlash   0x200000dc       0x20 ./Drivers/STM32F4xx_HAL_Driver/Src/stm32f4xx_hal_flash.o
                0x200000dc                pFlash
 .data.USBD_CDC_DeviceQualifierDesc
                0x200000fc        0xa ./Middlewares/ST/STM32_USB_Device_Library/Class/CDC/Src/usbd_cdc.o
 *fill*         0x20000106        0x2 
 .data.USBD_CDC
                0x20000108       0x38 ./Middlewares/ST/STM32_USB_Device_Library/Class/CDC/Src/usbd_cdc.o
                0x20000108                USBD_CDC
 .data.USBD_CDC_CfgDesc
                0x20000140       0x43 ./Middlewares/ST/STM32_USB_Device_Library/Class/CDC/Src/usbd_cdc.o
 .data.CDCInEpAdd
                0x20000183        0x1 ./Middlewares/ST/STM32_USB_Device_Library/Class/CDC/Src/usbd_cdc.o
 .data.CDCOutEpAdd
                0x20000184        0x1 ./Middlewares/ST/STM32_USB_Device_Library/Class/CDC/Src/usbd_cdc.o
 .data.CDCCmdEpAdd
                0x20000185        0x1 ./Middlewares/ST/STM32_USB_Device_Library/Class/CDC/Src/usbd_cdc.o
 *fill*         0x20000186        0x2 
 .data.USBD_Interface_fops_FS
                0x20000188       0x14 ./USB_DEVICE/App/usbd_cdc_if.o
                0x20000188                USBD_Interface_fops_FS
 .data.FS_Desc  0x2000019c       0x1c ./USB_DEVICE/App/usbd_desc.o
                0x2000019c                FS_Desc
 .data.USBD_FS_DeviceDesc
                0x200001b8       0x12 ./USB_DEVICE/App/usbd_desc.o
                0x200001b8                USBD_FS_DeviceDesc
 *fill*         0x200001ca        0x2 
 .data.USBD_LangIDDesc
                0x200001cc        0x4 ./USB_DEVICE/App/usbd_desc.o
                0x200001cc                USBD_LangIDDesc
 .data.USBD_StringSerial
                0x200001d0       0x1a ./USB_DEVICE/App/usbd_desc.o
                0x200001d0                USBD_StringSerial
 *fill*         0x200001ea        0x2 
 .data.Control_motor
                0x200001ec        0x4 ./modbus/RS232.o
                0x200001ec                Control_motor
 .data.Tab      0x200001f0        0x4 ./modbus/RS232.o
                0x200001f0                Tab
 .data.Save_Tray
                0x200001f4        0x4 ./modbus/RS232.o
                0x200001f4                Save_Tray
 .data.Motor_Lamp
                0x200001f8        0x4 ./modbus/RS232.o
                0x200001f8                Motor_Lamp
 .data.Worker_Control
                0x200001fc        0x4 ./modbus/RS232.o
                0x200001fc                Worker_Control
 .data.Home_controller_hmi
                0x20000200        0x4 ./modbus/RS232.o
                0x20000200                Home_controller_hmi
 .data.Point2D_Tray1
                0x20000204        0x4 ./modbus/RS232.o
                0x20000204                Point2D_Tray1
 .data._impure_ptr
                0x20000208        0x4 C:/ST/STM32CubeIDE_1.16.0/STM32CubeIDE/plugins/com.st.stm32cube.ide.mcu.externaltools.gnu-tools-for-stm32.12.3.rel1.win32_1.0.200.202406191623/tools/bin/../lib/gcc/arm-none-eabi/12.3.1/../../../../arm-none-eabi/lib/thumb/v7e-m+fp/hard\libc_nano.a(libc_a-impure.o)
                0x20000208                _impure_ptr
 .data._impure_data
                0x2000020c       0x4c C:/ST/STM32CubeIDE_1.16.0/STM32CubeIDE/plugins/com.st.stm32cube.ide.mcu.externaltools.gnu-tools-for-stm32.12.3.rel1.win32_1.0.200.202406191623/tools/bin/../lib/gcc/arm-none-eabi/12.3.1/../../../../arm-none-eabi/lib/thumb/v7e-m+fp/hard\libc_nano.a(libc_a-impure.o)
                0x2000020c                _impure_data
 *(.RamFunc)
 *(.RamFunc*)
                0x20000258                        . = ALIGN (0x4)
                0x20000258                        _edata = .
                0x08010038                        _siccmram = LOADADDR (.ccmram)

.igot.plt       0x20000258        0x0 load address 0x08010038
 .igot.plt      0x20000258        0x0 C:/ST/STM32CubeIDE_1.16.0/STM32CubeIDE/plugins/com.st.stm32cube.ide.mcu.externaltools.gnu-tools-for-stm32.12.3.rel1.win32_1.0.200.202406191623/tools/bin/../lib/gcc/arm-none-eabi/12.3.1/thumb/v7e-m+fp/hard/crtbegin.o

.ccmram         0x10000000        0x0 load address 0x08010038
                0x10000000                        . = ALIGN (0x4)
                0x10000000                        _sccmram = .
 *(.ccmram)
 *(.ccmram*)
                0x10000000                        . = ALIGN (0x4)
                0x10000000                        _eccmram = .
                0x10000000                        . = ALIGN (0x4)

.bss            0x20000258     0x252c
                0x20000258                        _sbss = .
                0x20000258                        __bss_start__ = _sbss
 *(.bss)
 .bss           0x20000258       0x1c C:/ST/STM32CubeIDE_1.16.0/STM32CubeIDE/plugins/com.st.stm32cube.ide.mcu.externaltools.gnu-tools-for-stm32.12.3.rel1.win32_1.0.200.202406191623/tools/bin/../lib/gcc/arm-none-eabi/12.3.1/thumb/v7e-m+fp/hard/crtbegin.o
 *(.bss*)
 .bss.Rotbot_axis
                0x20000274       0xe4 ./Core/Src/drive.o
 .bss.step.3    0x20000358        0x1 ./Core/Src/drive.o
 .bss.onetime.2
                0x20000359        0x1 ./Core/Src/drive.o
 .bss.counter_100.1
                0x2000035a        0x2 ./Core/Src/drive.o
 .bss.time.0    0x2000035c        0x2 ./Core/Src/drive.o
 *fill*         0x2000035e        0x2 
 .bss.TID_Timer
                0x20000360       0x60 ./Core/Src/drive_time.o
                0x20000360                TID_Timer
 .bss._tGloabal_milis
                0x200003c0        0x4 ./Core/Src/drive_time.o
 .bss.sensor    0x200003c4        0x9 ./Core/Src/drv_gpio.o
 *fill*         0x200003cd        0x3 
 .bss.htim1     0x200003d0       0x48 ./Core/Src/main.o
                0x200003d0                htim1
 .bss.htim2     0x20000418       0x48 ./Core/Src/main.o
                0x20000418                htim2
 .bss.htim3     0x20000460       0x48 ./Core/Src/main.o
                0x20000460                htim3
 .bss.htim4     0x200004a8       0x48 ./Core/Src/main.o
                0x200004a8                htim4
 .bss.htim5     0x200004f0       0x48 ./Core/Src/main.o
                0x200004f0                htim5
 .bss.htim7     0x20000538       0x48 ./Core/Src/main.o