../modbus/modbusSlave.c:24:6:Update_Input_Register	16	static
../modbus/modbusSlave.c:30:6:Set_Input_Register	16	static
../modbus/modbusSlave.c:34:9:Get_Coild	16	static
../modbus/modbusSlave.c:39:6:Set_Inputs_Database	16	static
../modbus/modbusSlave.c:43:10:Get_Holding_Registers	16	static
../modbus/modbusSlave.c:48:6:Reset_Oxis	8	static
../modbus/modbusSlave.c:54:6:Copy_Holding_Registers	16	static
../modbus/modbusSlave.c:59:6:Set_bit_Coilt_lamp	16	static
../modbus/modbusSlave.c:63:6:Reset_Tray	16	static
../modbus/modbusSlave.c:67:6:sendData	24	static
../modbus/modbusSlave.c:77:6:modbusException	16	static
../modbus/modbusSlave.c:89:9:readHoldingRegs	24	static
../modbus/modbusSlave.c:128:9:readInputRegs	24	static
../modbus/modbusSlave.c:167:9:readCoils	40	static
../modbus/modbusSlave.c:233:9:readInputs	40	static
../modbus/modbusSlave.c:299:9:writeHoldingRegs	24	static
../modbus/modbusSlave.c:343:9:writeSingleReg	16	static
../modbus/modbusSlave.c:375:9:writeSingleCoil	24	static
../modbus/modbusSlave.c:422:9:writeMultiCoils	40	static
