../modbus/modbusSlave.c:24:6:Update_Input_Register	24	static
../modbus/modbusSlave.c:37:6:Set_Input_Register	16	static
../modbus/modbusSlave.c:41:9:Get_Coild	16	static
../modbus/modbusSlave.c:46:6:Set_Inputs_Database	16	static
../modbus/modbusSlave.c:50:10:Get_Holding_Registers	16	static
../modbus/modbusSlave.c:55:6:Reset_Oxis	8	static
../modbus/modbusSlave.c:61:6:Copy_Holding_Registers	16	static
../modbus/modbusSlave.c:66:6:Set_bit_Coilt_lamp	16	static
../modbus/modbusSlave.c:70:6:Reset_Tray	16	static
../modbus/modbusSlave.c:74:6:sendData	24	static
../modbus/modbusSlave.c:84:6:modbusException	16	static
../modbus/modbusSlave.c:96:9:readHoldingRegs	24	static
../modbus/modbusSlave.c:135:9:readInputRegs	24	static
../modbus/modbusSlave.c:174:9:readCoils	40	static
../modbus/modbusSlave.c:240:9:readInputs	40	static
../modbus/modbusSlave.c:306:9:writeHoldingRegs	24	static
../modbus/modbusSlave.c:350:9:writeSingleReg	16	static
../modbus/modbusSlave.c:382:9:writeSingleCoil	24	static
../modbus/modbusSlave.c:429:9:writeMultiCoils	40	static
