../Core/Src/drive.c:38:6:Init_Timer_chanal	8	static
../Core/Src/drive.c:54:6:Reset_position	16	static
../Core/Src/drive.c:72:6:Robot_Init	8	static
../Core/Src/drive.c:103:6:MC_MoveAbsolute	24	static
../Core/Src/drive.c:137:6:Timer_PWM_Chanal_Start	16	static
../Core/Src/drive.c:152:6:MC_Stop	16	static
../Core/Src/drive.c:162:6:MC_MoveAbsoluteTest	24	static
../Core/Src/drive.c:170:6:MC_MoveRelative	32	static
../Core/Src/drive.c:177:9:MC_MoveHomeAbsolute	16	static
../Core/Src/drive.c:189:6:Interrup_gpio_OX	4	static
../Core/Src/drive.c:198:6:Interrup_gpio_OY	4	static
../Core/Src/drive.c:207:6:Interrup_gpio_OZ	4	static
../Core/Src/drive.c:216:6:Interrup_gpio	16	static
../Core/Src/drive.c:253:9:Motor_Busy	4	static
../Core/Src/drive.c:257:9:Move_Home_3Step	16	static
../Core/Src/drive.c:401:9:MC_MoveLinear	48	static
../Core/Src/drive.c:414:6:MC_MoveHandle	24	static
../Core/Src/drive.c:447:6:Rotbot_controler	24	static
../Core/Src/drive.c:562:7:MC_Control_Interrupt	16	static
../Core/Src/drive.c:570:9:Set_Direction_OX	16	static
../Core/Src/drive.c:575:9:Set_Direction_OY	16	static
../Core/Src/drive.c:580:9:Set_Direction_OZ	16	static
