../Core/Src/drive.c:40:6:Init_Timer_chanal	8	static
../Core/Src/drive.c:56:6:Robot_Init	16	static
../Core/Src/drive.c:98:6:MC_MoveAbsolute	24	static
../Core/Src/drive.c:138:6:MC_Stop	16	static
../Core/Src/drive.c:146:6:MC_MoveAbsoluteTest	24	static
../Core/Src/drive.c:153:9:MC_MoveHomeAbsolute	16	static
../Core/Src/drive.c:164:9:MC_MoveLinear	48	static
../Core/Src/drive.c:177:6:Rotbot_controler	24	static
../Core/Src/drive.c:269:7:MC_Control_Interrupt	16	static
../Core/Src/drive.c:284:6:Set_Direction_OX	16	static
../Core/Src/drive.c:288:6:Set_Direction_OY	16	static
../Core/Src/drive.c:292:6:Set_Direction_OZ	16	static
