../Core/Src/drv_gpio.c:51:10:Gpio_read_input	16	static
../Core/Src/drv_gpio.c:78:6:Gpio_input	24	static
../Core/Src/drv_gpio.c:110:6:Task_gpio_input	16	static
../Core/Src/drv_gpio.c:125:6:Task_gpio_output	24	static
../Core/Src/drv_gpio.c:140:9:Get_State_Sensor	16	static
../Core/Src/drv_gpio.c:145:6:Out_put_Xilanh1	16	static
../Core/Src/drv_gpio.c:149:6:Out_put_Xilanh2	16	static
../Core/Src/drv_gpio.c:153:6:Out_put_Vacum_hut1	16	static
../Core/Src/drv_gpio.c:157:6:Out_put_Vacum_hut2	16	static
../Core/Src/drv_gpio.c:161:6:Out_put_Vacum_nha1	16	static
../Core/Src/drv_gpio.c:165:6:Out_put_Vacum_nha2	16	static
../Core/Src/drv_gpio.c:169:6:Out_put_Den_xanh	16	static
../Core/Src/drv_gpio.c:173:6:Out_put_Den_do	16	static
../Core/Src/drv_gpio.c:177:6:Out_put_Den_coi	16	static
../Core/Src/drv_gpio.c:181:6:Out_put_Duphong1	16	static
../Core/Src/drv_gpio.c:185:6:Out_put_Duphong2	16	static
../Core/Src/drv_gpio.c:189:6:Out_put_Duphong3	16	static
../Core/Src/drv_gpio.c:193:6:Out_put_Duphong4	16	static
../Core/Src/drv_gpio.c:197:6:Out_put_Duphong5	16	static
../Core/Src/drv_gpio.c:201:6:Out_put_Duphong6	16	static
../Core/Src/drv_gpio.c:205:6:Out_put_Duphong7	16	static
../Core/Src/drv_gpio.c:209:6:Out_put_Duphong8	16	static
../Core/Src/drv_gpio.c:213:6:Out_put_Duphong9	16	static
