../Core/Src/drv_gpio.c:52:10:Gpio_read_input	16	static
../Core/Src/drv_gpio.c:79:6:Gpio_input	24	static
../Core/Src/drv_gpio.c:111:6:Task_gpio_input	16	static
../Core/Src/drv_gpio.c:130:6:Task_gpio_output	32	static
../Core/Src/drv_gpio.c:145:9:Get_State_Sensor	16	static
../Core/Src/drv_gpio.c:150:6:Out_put_Xilanh1	16	static
../Core/Src/drv_gpio.c:154:6:Out_put_Xilanh2	16	static
../Core/Src/drv_gpio.c:158:6:Out_put_Vacum_hut1	16	static
../Core/Src/drv_gpio.c:162:6:Out_put_Vacum_hut2	16	static
../Core/Src/drv_gpio.c:166:6:Out_put_Vacum_nha1	16	static
../Core/Src/drv_gpio.c:170:6:Out_put_Vacum_nha2	16	static
../Core/Src/drv_gpio.c:174:6:Out_put_Den_xanh	16	static
../Core/Src/drv_gpio.c:178:6:Out_put_Den_do	16	static
../Core/Src/drv_gpio.c:182:6:Out_put_Den_coi	16	static
../Core/Src/drv_gpio.c:186:6:Out_put_Duphong1	16	static
../Core/Src/drv_gpio.c:190:6:Out_put_Duphong2	16	static
../Core/Src/drv_gpio.c:194:6:Out_put_Duphong3	16	static
../Core/Src/drv_gpio.c:198:6:Out_put_Duphong4	16	static
../Core/Src/drv_gpio.c:202:6:Out_put_Duphong5	16	static
../Core/Src/drv_gpio.c:206:6:Out_put_Duphong6	16	static
../Core/Src/drv_gpio.c:210:6:Out_put_Duphong7	16	static
../Core/Src/drv_gpio.c:214:6:Out_put_Duphong8	16	static
../Core/Src/drv_gpio.c:218:6:Out_put_Duphong9	16	static
