../Core/Src/main.c:93:5:main	8	static
../Core/Src/main.c:161:6:SystemClock_Config	88	static
../Core/Src/main.c:207:13:MX_TIM1_Init	112	static
../Core/Src/main.c:289:13:MX_TIM2_Init	64	static
../Core/Src/main.c:348:13:MX_TIM3_Init	80	static
../Core/Src/main.c:414:13:MX_TIM4_Init	64	static
../Core/Src/main.c:473:13:MX_TIM5_Init	64	static
../Core/Src/main.c:532:13:MX_TIM7_Init	16	static
../Core/Src/main.c:570:13:MX_TIM8_Init	112	static
../Core/Src/main.c:652:13:MX_USART2_UART_Init	8	static
../Core/Src/main.c:685:13:MX_USART3_UART_Init	8	static
../Core/Src/main.c:716:13:MX_DMA_Init	16	static
../Core/Src/main.c:737:13:MX_GPIO_Init	56	static
../Core/Src/main.c:873:6:HAL_GPIO_EXTI_Callback	16	static
../Core/Src/main.c:883:6:Error_Handler	4	static,ignoring_inline_asm
