../Core/Src/mgr_hmi.c:79:6:Init_hmi	4	static
../Core/Src/mgr_hmi.c:83:10:FindActiveBit	24	static
../Core/Src/mgr_hmi.c:98:6:Task_Move_Oxis	16	static
../Core/Src/mgr_hmi.c:142:6:Task_Run_HMI	16	static
../Core/Src/mgr_hmi.c:162:9:Get_Target_Zigzag	48	static
../Core/Src/mgr_hmi.c:181:9:Task_Scan_Tray	24	static
../Core/Src/mgr_hmi.c:229:6:Scanning_Task	24	static
../Core/Src/mgr_hmi.c:288:6:Task_Run_Home	8	static
../Core/Src/mgr_hmi.c:304:6:Main_Reset	4	static
../Core/Src/mgr_hmi.c:309:6:Main_Stop	4	static
../Core/Src/mgr_hmi.c:315:6:Handle_Left	16	static
../Core/Src/mgr_hmi.c:319:6:Handle_Right	16	static
../Core/Src/mgr_hmi.c:323:6:Handle_In	16	static
../Core/Src/mgr_hmi.c:327:6:Handle_Out	16	static
../Core/Src/mgr_hmi.c:331:6:Handle_Up	16	static
../Core/Src/mgr_hmi.c:335:6:Handle_Down	16	static
../Core/Src/mgr_hmi.c:340:6:Handle_Set	8	static
../Core/Src/mgr_hmi.c:345:6:Handle_Home	4	static
../Core/Src/mgr_hmi.c:352:6:Handle_Emergency	4	static
