../Core/Src/mgr_hmi.c:81:6:Init_hmi	4	static
../Core/Src/mgr_hmi.c:84:9:Get_home_done	4	static
../Core/Src/mgr_hmi.c:88:10:FindActiveBit	24	static
../Core/Src/mgr_hmi.c:103:6:Task_Move_Oxis	16	static
../Core/Src/mgr_hmi.c:147:6:Set_Emergency_Stop	4	static
../Core/Src/mgr_hmi.c:151:6:Task_Run_HMI	16	static
../Core/Src/mgr_hmi.c:177:9:Get_Target_Zigzag	48	static
../Core/Src/mgr_hmi.c:196:9:Task_Scan_Tray	24	static
../Core/Src/mgr_hmi.c:244:6:Scanning_Task	24	static
../Core/Src/mgr_hmi.c:303:6:Task_Run_Home	8	static
../Core/Src/mgr_hmi.c:320:6:Main_Reset	4	static
../Core/Src/mgr_hmi.c:325:6:Main_Stop	4	static
../Core/Src/mgr_hmi.c:331:6:Handle_Left	16	static
../Core/Src/mgr_hmi.c:335:6:Handle_Right	16	static
../Core/Src/mgr_hmi.c:339:6:Handle_In	16	static
../Core/Src/mgr_hmi.c:343:6:Handle_Out	16	static
../Core/Src/mgr_hmi.c:347:6:Handle_Up	16	static
../Core/Src/mgr_hmi.c:351:6:Handle_Down	16	static
../Core/Src/mgr_hmi.c:356:6:Handle_Set	8	static
../Core/Src/mgr_hmi.c:363:6:Handle_Home	4	static
../Core/Src/mgr_hmi.c:370:6:Handle_Emergency	4	static
