../Core/Src/mgr_hmi.c:135:6:Init_hmi	4	static
../Core/Src/mgr_hmi.c:143:10:FindActiveBit	24	static
../Core/Src/mgr_hmi.c:158:6:Task_scan_HMI	16	static
../Core/Src/mgr_hmi.c:202:6:Task_scan_maim	16	static
../Core/Src/mgr_hmi.c:248:6:Task_Run_HMI	16	static
../Core/Src/mgr_hmi.c:276:9:Get_Target_Zigzag	48	static
../Core/Src/mgr_hmi.c:295:9:Task_Scan_Tray	24	static
../Core/Src/mgr_hmi.c:343:6:Scanning_Task	24	static
../Core/Src/mgr_hmi.c:407:6:Task_Run_Home	8	static
../Core/Src/mgr_hmi.c:422:6:Choose_glass_group	16	static
../Core/Src/mgr_hmi.c:425:6:Main_Reset	16	static
../Core/Src/mgr_hmi.c:429:6:Main_Start	16	static
../Core/Src/mgr_hmi.c:433:6:Main_Stop	16	static
../Core/Src/mgr_hmi.c:436:6:Main_SetX	16	static
../Core/Src/mgr_hmi.c:440:6:Main_SetY	16	static
../Core/Src/mgr_hmi.c:444:6:Main_SetZ	16	static
../Core/Src/mgr_hmi.c:448:6:Main_Manual	16	static
../Core/Src/mgr_hmi.c:453:6:Handle_Left	16	static
../Core/Src/mgr_hmi.c:457:6:Handle_Right	16	static
../Core/Src/mgr_hmi.c:461:6:Handle_In	16	static
../Core/Src/mgr_hmi.c:465:6:Handle_Out	16	static
../Core/Src/mgr_hmi.c:469:6:Handle_Up	16	static
../Core/Src/mgr_hmi.c:473:6:Handle_Down	16	static
../Core/Src/mgr_hmi.c:477:6:Pick_handle1	4	static
../Core/Src/mgr_hmi.c:481:6:Release_handle1	4	static
../Core/Src/mgr_hmi.c:485:6:Pick_handle2	4	static
../Core/Src/mgr_hmi.c:489:6:Release_handle2	4	static
../Core/Src/mgr_hmi.c:493:6:Save_1	8	static
../Core/Src/mgr_hmi.c:540:6:Save_2	8	static
../Core/Src/mgr_hmi.c:585:6:Save_3	8	static
../Core/Src/mgr_hmi.c:631:6:Setmove_point	16	static
../Core/Src/mgr_hmi.c:732:6:Save_Glass_1	4	static
../Core/Src/mgr_hmi.c:737:6:Save_Glass_2	4	static
../Core/Src/mgr_hmi.c:742:6:Save_Glass_3	4	static
../Core/Src/mgr_hmi.c:749:6:Save_Glass_All	4	static
../Core/Src/mgr_hmi.c:754:6:Save_Cover_1	4	static
../Core/Src/mgr_hmi.c:759:6:Save_Cover_2	4	static
../Core/Src/mgr_hmi.c:764:6:Save_Cover_3	4	static
../Core/Src/mgr_hmi.c:769:6:Save_Cover_All	4	static
../Core/Src/mgr_hmi.c:773:6:Save_Tray_1	4	static
../Core/Src/mgr_hmi.c:777:6:Save_Tray_2	4	static
../Core/Src/mgr_hmi.c:782:6:Save_Tray_3	4	static
../Core/Src/mgr_hmi.c:787:6:Handle_Set	8	static
../Core/Src/mgr_hmi.c:792:6:Handle_Home	4	static
../Core/Src/mgr_hmi.c:799:7:Reset	4	static
