../Core/Src/mgr_hmi.c:82:6:Init_hmi	4	static
../Core/Src/mgr_hmi.c:86:10:FindActiveBit	24	static
../Core/Src/mgr_hmi.c:101:6:Task_Move_Oxis	16	static
../Core/Src/mgr_hmi.c:145:6:Task_Run_HMI	16	static
../Core/Src/mgr_hmi.c:165:9:Get_Target_Zigzag	48	static
../Core/Src/mgr_hmi.c:184:9:Task_Scan_Tray	24	static
../Core/Src/mgr_hmi.c:232:6:Scanning_Task	24	static
../Core/Src/mgr_hmi.c:291:6:Task_Run_Home	8	static
../Core/Src/mgr_hmi.c:307:6:Main_Reset	4	static
../Core/Src/mgr_hmi.c:312:6:Main_Stop	4	static
../Core/Src/mgr_hmi.c:318:6:Handle_Left	16	static
../Core/Src/mgr_hmi.c:322:6:Handle_Right	16	static
../Core/Src/mgr_hmi.c:326:6:Handle_In	16	static
../Core/Src/mgr_hmi.c:330:6:Handle_Out	16	static
../Core/Src/mgr_hmi.c:334:6:Handle_Up	16	static
../Core/Src/mgr_hmi.c:338:6:Handle_Down	16	static
../Core/Src/mgr_hmi.c:343:6:Handle_Set	8	static
../Core/Src/mgr_hmi.c:350:6:Handle_Home	4	static
../Core/Src/mgr_hmi.c:357:6:Handle_Emergency	4	static
